

=====================================================================
== C:\Program Files (x86)\Steam\steamapps\common\DayZServer\DayZServer_x64.exe
== DayZServer_x64.exe  -cpuCount=4 -mod=@42MonthsAfter;@DeerIsle;@CF;@ZomBerryAdminTools;@CannabisPlus;@DayZEditorLoader;@BuildAnywherev3;@BuilderItems; -config=serverDZ.cfg -port=2302 -noFilePatching -profiles=myprofile -scrAllowFileWrite -adminlog
=====================================================================
Exe timestamp: 2021/05/04 20:25:42
Current time:  2021/05/04 22:52:00

Version 1.12.153895
22:52:00.260 [Inputs] Loading inputs default "bin/constants.xml"
22:52:00.262 [Inputs] Loading inputs default "bin/specific.xml"
22:52:00.263 [Inputs] Loading inputs default "LBmaster_UndergroundLighting/inputsLBmaster.xml"
22:52:00.263 [Inputs] Loading inputs default "ZomBerry/AT/scripts/data/inputs.xml"
22:52:00.263 [Inputs] Loading inputs default "DayZEditorLoader/Scripts/Data/Inputs.xml"
22:52:00.264 [Inputs] Loading inputs cfg "myprofile\Users\Survivor\Server.core.xml"
22:52:00.264 !!! [Inputs] Cannot read inputs cfg "myprofile\Users\Survivor\Server.core.xml", parser error
22:52:00.264 [Inputs] Loading inputs cfg "bin/core.xml"
22:52:00.264 !!! [Inputs] Cannot load input preset "user", file does not exist
22:52:00.265 [Inputs] Exporting inputs cfg "myprofile\Users\Survivor\Server.core.xml"
22:52:09.538 [CE][Hive] :: Initializing OFFLINE
22:52:09.538 [CE][Hive] :: Loading core data ... 
22:52:09.538 [CE][CoreData] :: 7 root classes, 18 defaults, 0 updaters...
22:52:12.174 [CE] :: WARNING :: Preset map "optics" is EMPTY.
22:52:12.175 [CE][TypeSetup] :: 430 classes setuped...
22:52:12.582 [CE][RegisterBind] :: 0 classes binded...
22:52:12.582 [CE][RegisterConfig] :: 7429 config classes registered, 1 sub-counters...
22:52:12.582 [CE][Hive] :: Loading map data ... 
22:52:12.614 [CE][LoadPrototype] :: loaded 345 prototypes
22:52:12.614   665 containers, 8761 points
22:52:12.614   0 dispatches, 0 proxies
22:52:12.614 !!! [CE][LoadPrototype] 7 groups have no points...
22:52:12.614 [CE][LoadPrototype] :: last group name: Land_Garage_Tall...
22:52:12.617 [CE][LoadPrototype] :: loaded 0 prototypes
22:52:12.617   0 containers, 0 points
22:52:12.617   0 dispatches, 0 proxies
22:52:12.617 [CE][LoadPrototype] :: last group name: Rail9...
22:52:13.59 [CE][LoadMap] "Group" :: loaded 7506 groups, largest group range: 34.0
22:52:13.62 [CE][LoadMap] "Dirt" :: loaded 0 groups, largest group range: 34.0
22:52:13.166 [CE][Links] found 2124 total links between groups, of 7506
22:52:13.166 [CE][LoadClusters] "Cluster" :: Loading files...
22:52:13.325 [CE][LoadClusters] :: file: "mapgroupcluster.xml", 9 types, 50000 instances
22:52:13.488 [CE][LoadClusters] :: file: "mapgroupcluster01", 9 types, 50000 instances
22:52:13.488   5940 failed - check Matrix "default" grid size !!!
22:52:13.653 [CE][LoadClusters] :: file: "mapgroupcluster02", 9 types, 50000 instances
22:52:13.653   12307 failed - check Matrix "default" grid size !!!
22:52:13.713 [CE][LoadClusters] :: file: "mapgroupcluster03", 9 types, 15277 instances
22:52:13.713   1372 failed - check Matrix "default" grid size !!!
22:52:13.717 [CE][Storage] ver:21 stamp:131, valid:yes, name:"mpmissions\Expansion.deerisle\storage_1\data\types.bin"
22:52:13.718 [CE][Storage] ver:21 stamp:119, valid:yes, name:"mpmissions\Expansion.deerisle\storage_1\data\types.001"
22:52:13.719 [CE][Storage] ver:21 stamp:11, valid:yes, name:"mpmissions\Expansion.deerisle\storage_1\data\types.002"
22:52:13.719 [CE][Storage] Restoring file "mpmissions\Expansion.deerisle\storage_1\data\types.bin".
22:52:13.758 !!! File "DZ\worlds\chernarusplus\ce\db/messages.xml" does not exist...
22:52:13.758 !!! [CE][offlineDB] :: Failed to read messages file 'db/messages.xml'.
22:52:13.758 !!! [CE][offlineDB] :: No Shutdown message present.
22:52:13.759 [CE][offlineDB] :: Loaded 41 dynamic events 246 total types 0 total positions.
22:52:13.779 [CE][Storage] ver:21 stamp:131, valid:yes, name:"mpmissions\Expansion.deerisle\storage_1\data\events.bin"
22:52:13.779 [CE][Storage] ver:21 stamp:119, valid:yes, name:"mpmissions\Expansion.deerisle\storage_1\data\events.001"
22:52:13.780 [CE][Storage] ver:21 stamp:11, valid:yes, name:"mpmissions\Expansion.deerisle\storage_1\data\events.002"
22:52:13.780 [CE][Storage] Restoring file "mpmissions\Expansion.deerisle\storage_1\data\events.bin".
22:52:13.780 [CE][DynamicEvent] Load  Events:[41] Primary spawners: 41 Secondary spawners: 1
22:52:13.780 [CE][Storage] ver:25 stamp:131, valid:yes, name:"mpmissions\Expansion.deerisle\storage_1\data\dynamic_000.bin"
22:52:13.781 [CE][Storage] ver:25 stamp:119, valid:yes, name:"mpmissions\Expansion.deerisle\storage_1\data\dynamic_000.001"
22:52:13.782 [CE][Storage] ver:25 stamp:11, valid:yes, name:"mpmissions\Expansion.deerisle\storage_1\data\dynamic_000.002"
22:52:13.782 [CE][Storage] Restoring file "mpmissions\Expansion.deerisle\storage_1\data\dynamic_000.bin" 368 items.
22:52:13.901   368 items loaded.
22:52:13.902 [CE][Storage] ver:25 stamp:131, valid:yes, name:"mpmissions\Expansion.deerisle\storage_1\data\dynamic_001.bin"
22:52:13.902 [CE][Storage] ver:25 stamp:119, valid:yes, name:"mpmissions\Expansion.deerisle\storage_1\data\dynamic_001.001"
22:52:13.903 [CE][Storage] ver:25 stamp:11, valid:yes, name:"mpmissions\Expansion.deerisle\storage_1\data\dynamic_001.002"
22:52:13.903 [CE][Storage] Restoring file "mpmissions\Expansion.deerisle\storage_1\data\dynamic_001.bin" 1370 items.
22:52:14.285   1370 items loaded.
22:52:14.286 [CE][Storage] ver:25 stamp:131, valid:yes, name:"mpmissions\Expansion.deerisle\storage_1\data\dynamic_002.bin"
22:52:14.286 [CE][Storage] ver:25 stamp:119, valid:yes, name:"mpmissions\Expansion.deerisle\storage_1\data\dynamic_002.001"
22:52:14.287 [CE][Storage] ver:25 stamp:11, valid:yes, name:"mpmissions\Expansion.deerisle\storage_1\data\dynamic_002.002"
22:52:14.287 [CE][Storage] Restoring file "mpmissions\Expansion.deerisle\storage_1\data\dynamic_002.bin" 2733 items.
22:52:14.907   2733 items loaded.
22:52:14.908 [CE][Storage] ver:25 stamp:131, valid:yes, name:"mpmissions\Expansion.deerisle\storage_1\data\dynamic_003.bin"
22:52:14.908 [CE][Storage] ver:25 stamp:119, valid:yes, name:"mpmissions\Expansion.deerisle\storage_1\data\dynamic_003.001"
22:52:14.909 [CE][Storage] ver:25 stamp:11, valid:yes, name:"mpmissions\Expansion.deerisle\storage_1\data\dynamic_003.002"
22:52:14.909 [CE][Storage] Restoring file "mpmissions\Expansion.deerisle\storage_1\data\dynamic_003.bin" 3661 items.
22:52:15.622   3661 items loaded.
22:52:15.623 [CE][Storage] ver:25 stamp:131, valid:yes, name:"mpmissions\Expansion.deerisle\storage_1\data\dynamic_004.bin"
22:52:15.624 [CE][Storage] ver:25 stamp:119, valid:yes, name:"mpmissions\Expansion.deerisle\storage_1\data\dynamic_004.001"
22:52:15.624 [CE][Storage] ver:25 stamp:120, valid:yes, name:"mpmissions\Expansion.deerisle\storage_1\data\dynamic_004.002"
22:52:15.624 [CE][Storage] Restoring file "mpmissions\Expansion.deerisle\storage_1\data\dynamic_004.bin" 5496 items.
22:52:16.687   5496 items loaded.
22:52:16.689 [CE][Storage] ver:25 stamp:131, valid:yes, name:"mpmissions\Expansion.deerisle\storage_1\data\dynamic_005.bin"
22:52:16.689 [CE][Storage] ver:25 stamp:119, valid:yes, name:"mpmissions\Expansion.deerisle\storage_1\data\dynamic_005.001"
22:52:16.690 [CE][Storage] ver:25 stamp:120, valid:yes, name:"mpmissions\Expansion.deerisle\storage_1\data\dynamic_005.002"
22:52:16.690 [CE][Storage] Restoring file "mpmissions\Expansion.deerisle\storage_1\data\dynamic_005.bin" 4856 items.
22:52:17.827   4856 items loaded.
22:52:17.828 [CE][Storage] ver:25 stamp:131, valid:yes, name:"mpmissions\Expansion.deerisle\storage_1\data\dynamic_006.bin"
22:52:17.829 [CE][Storage] ver:25 stamp:119, valid:yes, name:"mpmissions\Expansion.deerisle\storage_1\data\dynamic_006.001"
22:52:17.830 [CE][Storage] ver:25 stamp:120, valid:yes, name:"mpmissions\Expansion.deerisle\storage_1\data\dynamic_006.002"
22:52:17.830 [CE][Storage] Restoring file "mpmissions\Expansion.deerisle\storage_1\data\dynamic_006.bin" 3305 items.
22:52:18.530   3305 items loaded.
22:52:18.531 [CE][Storage] ver:25 stamp:131, valid:yes, name:"mpmissions\Expansion.deerisle\storage_1\data\dynamic_007.bin"
22:52:18.531 [CE][Storage] ver:25 stamp:119, valid:yes, name:"mpmissions\Expansion.deerisle\storage_1\data\dynamic_007.001"
22:52:18.532 [CE][Storage] ver:25 stamp:120, valid:yes, name:"mpmissions\Expansion.deerisle\storage_1\data\dynamic_007.002"
22:52:18.532 [CE][Storage] Restoring file "mpmissions\Expansion.deerisle\storage_1\data\dynamic_007.bin" 2489 items.
22:52:19.50   2489 items loaded.
22:52:19.50 [CE][Storage] ver:25 stamp:131, valid:yes, name:"mpmissions\Expansion.deerisle\storage_1\data\dynamic_008.bin"
22:52:19.51 [CE][Storage] ver:25 stamp:119, valid:yes, name:"mpmissions\Expansion.deerisle\storage_1\data\dynamic_008.001"
22:52:19.51 [CE][Storage] ver:25 stamp:120, valid:yes, name:"mpmissions\Expansion.deerisle\storage_1\data\dynamic_008.002"
22:52:19.51 [CE][Storage] Restoring file "mpmissions\Expansion.deerisle\storage_1\data\dynamic_008.bin" 1237 items.
22:52:19.353   1237 items loaded.
22:52:19.354 [CE][Storage] ver:25 stamp:131, valid:yes, name:"mpmissions\Expansion.deerisle\storage_1\data\dynamic_009.bin"
22:52:19.354 [CE][Storage] ver:25 stamp:119, valid:yes, name:"mpmissions\Expansion.deerisle\storage_1\data\dynamic_009.001"
22:52:19.355 [CE][Storage] ver:25 stamp:120, valid:yes, name:"mpmissions\Expansion.deerisle\storage_1\data\dynamic_009.002"
22:52:19.355 [CE][Storage] Restoring file "mpmissions\Expansion.deerisle\storage_1\data\dynamic_009.bin" 619 items.
22:52:19.491   619 items loaded.
22:52:19.492 [CE][Storage] ver:25 stamp:131, valid:yes, name:"mpmissions\Expansion.deerisle\storage_1\data\dynamic_010.bin"
22:52:19.492 [CE][Storage] ver:25 stamp:119, valid:yes, name:"mpmissions\Expansion.deerisle\storage_1\data\dynamic_010.001"
22:52:19.492 [CE][Storage] ver:25 stamp:120, valid:yes, name:"mpmissions\Expansion.deerisle\storage_1\data\dynamic_010.002"
22:52:19.492 [CE][Storage] Restoring file "mpmissions\Expansion.deerisle\storage_1\data\dynamic_010.bin" 845 items.
22:52:19.666   845 items loaded.
22:52:19.666 [CE][Storage] ver:25 stamp:131, valid:yes, name:"mpmissions\Expansion.deerisle\storage_1\data\dynamic_011.bin"
22:52:19.666 [CE][Storage] ver:25 stamp:119, valid:yes, name:"mpmissions\Expansion.deerisle\storage_1\data\dynamic_011.001"
22:52:19.666 [CE][Storage] ver:25 stamp:120, valid:yes, name:"mpmissions\Expansion.deerisle\storage_1\data\dynamic_011.002"
22:52:19.666 [CE][Storage] Restoring file "mpmissions\Expansion.deerisle\storage_1\data\dynamic_011.bin" 0 items.
22:52:19.666   0 items loaded.
22:52:19.667 [CE][Storage] ver:26 stamp:131, valid:yes, name:"mpmissions\Expansion.deerisle\storage_1\data\building.bin"
22:52:19.667 [CE][Storage] ver:26 stamp:119, valid:yes, name:"mpmissions\Expansion.deerisle\storage_1\data\building.001"
22:52:19.667 [CE][Storage] ver:26 stamp:11, valid:yes, name:"mpmissions\Expansion.deerisle\storage_1\data\building.002"
22:52:19.667 [CE][Storage] Restoring file "mpmissions\Expansion.deerisle\storage_1\data\building.bin" 0 items.
22:52:19.667   0 items loaded.
22:52:19.668 [CE][Storage] ver:25 stamp:131, valid:yes, name:"mpmissions\Expansion.deerisle\storage_1\data\vehicles.bin"
22:52:19.668 [CE][Storage] ver:25 stamp:119, valid:yes, name:"mpmissions\Expansion.deerisle\storage_1\data\vehicles.001"
22:52:19.668 [CE][Storage] ver:25 stamp:11, valid:yes, name:"mpmissions\Expansion.deerisle\storage_1\data\vehicles.002"
22:52:19.668 [CE][Storage] Restoring file "mpmissions\Expansion.deerisle\storage_1\data\vehicles.bin" 160 items.
22:52:20.172   160 items loaded.
22:52:20.271 [CE][Hive] :: Storage load took:6.48 seconds, recovery stamp:131
22:52:20.271   entity: 28971, building: 0
22:52:20.271   no lifetime: 20
22:52:20.271   pathgraph's: 819
22:52:20.271 [CE][Hive] :: Initializing ... 
22:52:20.313 [CE][InitializeMap] :: initialized: 0
22:52:20.313 [CE][Hive] :: Initializing spawners ... 
22:52:21.237 [CE][LootRespawner] (PRIDummy) :: Initially (re)spawned:0, Nominal:27630, Total in Map: 27133 at 0 (sec)
22:52:21.237   tests:0, repeats:0 fails:0, overtime:0
22:52:21.237 [CE][DynEvent] :: 41 types
22:52:21.237 [00] AmbientHen
22:52:21.237   Primary Spawner: "Ambient", active: yes, repeat: 1
22:52:21.237 [01] AnimalBear
22:52:21.237   Primary Spawner: "Animal", active: yes, repeat: 1
22:52:21.237 [02] AnimalCow
22:52:21.237   Primary Spawner: "Animal", active: yes, repeat: 1
22:52:21.237 [03] AnimalDeer
22:52:21.237   Primary Spawner: "Animal", active: yes, repeat: 1
22:52:21.237 [04] AnimalGoat
22:52:21.237   Primary Spawner: "Animal", active: yes, repeat: 1
22:52:21.237 [05] AnimalPig
22:52:21.237   Primary Spawner: "Animal", active: yes, repeat: 1
22:52:21.237 [06] AnimalRoeDeer
22:52:21.237   Primary Spawner: "Animal", active: yes, repeat: 1
22:52:21.237 [07] AnimalSheep
22:52:21.237   Primary Spawner: "Animal", active: yes, repeat: 1
22:52:21.237 [08] AnimalWildBoar
22:52:21.237   Primary Spawner: "Animal", active: yes, repeat: 1
22:52:21.237 [09] AnimalWolf
22:52:21.237   Primary Spawner: "Animal", active: yes, repeat: 1
22:52:21.237 [10] InfectedArmy
22:52:21.237   Primary Spawner: "Infected", active: yes, repeat: 1
22:52:21.237 [11] InfectedCity
22:52:21.237   Primary Spawner: "Infected", active: yes, repeat: 1
22:52:21.237 [12] InfectedFirefighter
22:52:21.237   Primary Spawner: "Infected", active: yes, repeat: 1
22:52:21.237 [13] InfectedIndustrial
22:52:21.237   Primary Spawner: "Infected", active: yes, repeat: 1
22:52:21.237 [14] InfectedMedic
22:52:21.237   Primary Spawner: "Infected", active: yes, repeat: 1
22:52:21.237 [15] InfectedPolice
22:52:21.237   Primary Spawner: "Infected", active: yes, repeat: 1
22:52:21.237 [16] InfectedPrisoner
22:52:21.237   Primary Spawner: "Infected", active: yes, repeat: 1
22:52:21.237 [17] InfectedReligious
22:52:21.237   Primary Spawner: "Infected", active: yes, repeat: 1
22:52:21.237 [18] InfectedSolitude
22:52:21.237   Primary Spawner: "Infected", active: yes, repeat: 1
22:52:21.237 [19] InfectedVillage
22:52:21.237   Primary Spawner: "Infected", active: yes, repeat: 1
22:52:21.237 [20] ItemPlanks
22:52:21.237   Primary Spawner: "Item", active: yes, repeat: 1
22:52:21.237 [21] Loot
22:52:21.237   Primary Spawner: "Loot", active: yes, repeat: 2
22:52:21.237 [22] StaticHeliCrash
22:52:21.237   Primary Spawner: "Vehicle", active: yes, repeat: 1
22:52:21.237   Secondary Spawner: "Infected", active: yes, repeat: 1
22:52:21.237 [23] StaticPoliceCar
22:52:21.237   Primary Spawner: "Vehicle", active: yes, repeat: 1
22:52:21.237 [24] TrajectoryApple
22:52:21.237   Primary Spawner: "Trajectory", active: yes, repeat: 1
22:52:21.237 [25] TrajectoryCanina
22:52:21.237   Primary Spawner: "Trajectory", active: yes, repeat: 1
22:52:21.237 [26] TrajectoryConiferous
22:52:21.237   Primary Spawner: "Trajectory", active: yes, repeat: 1
22:52:21.237 [27] TrajectoryDeciduous
22:52:21.237   Primary Spawner: "Trajectory", active: yes, repeat: 1
22:52:21.237 [28] TrajectoryHumus
22:52:21.237   Primary Spawner: "Trajectory", active: yes, repeat: 1
22:52:21.237 [29] TrajectoryPear
22:52:21.237   Primary Spawner: "Trajectory", active: yes, repeat: 1
22:52:21.237 [30] TrajectoryPlum
22:52:21.237   Primary Spawner: "Trajectory", active: yes, repeat: 1
22:52:21.237 [31] TrajectorySambucus
22:52:21.237   Primary Spawner: "Trajectory", active: yes, repeat: 1
22:52:21.237 [32] TrajectoryStones
22:52:21.237   Primary Spawner: "Trajectory", active: yes, repeat: 1
22:52:21.237 [33] VehicleCivilianSedan
22:52:21.237   Primary Spawner: "Vehicle", active: yes, repeat: 1
22:52:21.237 [34] VehicleHatchback02
22:52:21.237   Primary Spawner: "Vehicle", active: yes, repeat: 1
22:52:21.238 [35] VehicleOffroadHatchback
22:52:21.238   Primary Spawner: "Vehicle", active: yes, repeat: 1
22:52:21.238 [36] VehicleSedan02
22:52:21.238   Primary Spawner: "Vehicle", active: yes, repeat: 1
22:52:21.238 [37] VehicleTruck01
22:52:21.238   Primary Spawner: "Vehicle", active: yes, repeat: 1
22:52:21.238 [38] StaticVanPinkies
22:52:21.238   Primary Spawner: "Vehicle", active: yes, repeat: 1
22:52:21.238 [39] StaticVanAmbulance
22:52:21.238   Primary Spawner: "Vehicle", active: yes, repeat: 1
22:52:21.238 [40] StaticSkeletonEventspawn
22:52:21.238   Primary Spawner: "Vehicle", active: yes, repeat: 1
22:52:21.238 [CE][Hive] :: Initializing of spawners done.
22:52:21.245 [CE][Hive] :: Init sequence finished.
22:52:21.245 Player connect enabled
22:52:21.860 [IdleMode] Entering IN - save processed
22:57:00.786  --- Termination successfully completed --- 
