

=====================================================================
== C:\Program Files (x86)\Steam\steamapps\common\DayZServer\DayZServer_x64.exe
== DayZServer_x64.exe  -cpuCount=4 -mod=@42MonthsAfter;@DeerIsle;@CF;@ZomBerryAdminTools;@GameLabs;@DayZEditorLoader;@ModularVestSystem;@TeddysWeaponPack;@CodeLock;@BaseBuildingPlus;@MuchStuffPack;@CannabisPlus;@Notifications;@GAZ;@VanillaPlusPlusMap;@zSpawnSelection;@ToxicZone;@BuildAnywherev3;@BuilderItems;@MoreDoors;@MuchCarKey;@IRPLandRoverDefender110;@TrolleyKart;@EarPlugs;@AirdropUpgraded;@VendingMachine;@BattlEyePrefixRemoval;@TraderPlus; -config=serverDZ.cfg -port=2302 -noFilePatching -profiles=myprofile -scrAllowFileWrite -adminlog
=====================================================================
Exe timestamp: 2021/05/05 10:02:18
Current time:  2021/05/11 00:00:16

Version 1.12.153904
 0:00:16.752 [Inputs] Loading inputs default "bin/constants.xml"
 0:00:16.754 [Inputs] Loading inputs default "bin/specific.xml"
 0:00:16.754 [Inputs] Loading inputs default "EarPlugs\data\inputs.xml"
 0:00:16.754 [Inputs] Loading inputs default "LBmaster_UndergroundLighting/inputsLBmaster.xml"
 0:00:16.755 [Inputs] Loading inputs default "VanillaPPMap/data/modded_Inputs.xml"
 0:00:16.755 [Inputs] Loading inputs default "ZomBerry/AT/scripts/data/inputs.xml"
 0:00:16.755 [Inputs] Loading inputs default "Notifications/inputs/inputs.xml"
 0:00:16.755 [Inputs] Loading inputs default "DayZEditorLoader/Scripts/Data/Inputs.xml"
 0:00:16.755 [Inputs] Loading inputs default "BaseBuildingPlus/Scripts/Data/Inputs.xml"
 0:00:16.755 [Inputs] Loading inputs cfg "myprofile\Users\Survivor\Server.core.xml"
 0:00:16.755 !!! [Inputs] Cannot read inputs cfg "myprofile\Users\Survivor\Server.core.xml", parser error
 0:00:16.755 [Inputs] Loading inputs cfg "bin/core.xml"
 0:00:16.756 !!! [Inputs] Cannot load input preset "user", file does not exist
 0:00:16.756 [Inputs] Exporting inputs cfg "myprofile\Users\Survivor\Server.core.xml"
 0:00:28.539 [CE][Hive] :: Initializing OFFLINE
 0:00:28.539 [CE][Hive] :: Loading core data ... 
 0:00:28.540 [CE][CoreData] :: 7 root classes, 18 defaults, 0 updaters...
 0:00:32.67 [CE] :: WARNING :: Preset map "optics" is EMPTY.
 0:00:32.69 [CE][TypeSetup] :: 430 classes setuped...
 0:00:32.731 [CE][RegisterBind] :: 0 classes binded...
 0:00:32.732 [CE][RegisterConfig] :: 9629 config classes registered, 1 sub-counters...
 0:00:32.732 [CE][Hive] :: Loading map data ... 
 0:00:32.762 [CE][LoadPrototype] :: loaded 345 prototypes
 0:00:32.762   665 containers, 8761 points
 0:00:32.762   0 dispatches, 0 proxies
 0:00:32.762 !!! [CE][LoadPrototype] 7 groups have no points...
 0:00:32.762 [CE][LoadPrototype] :: last group name: Land_Garage_Tall...
 0:00:32.765 [CE][LoadPrototype] :: loaded 0 prototypes
 0:00:32.765   0 containers, 0 points
 0:00:32.765   0 dispatches, 0 proxies
 0:00:32.765 [CE][LoadPrototype] :: last group name: Rail9...
 0:00:33.203 [CE][LoadMap] "Group" :: loaded 7506 groups, largest group range: 34.0
 0:00:33.205 [CE][LoadMap] "Dirt" :: loaded 0 groups, largest group range: 34.0
 0:00:33.310 [CE][Links] found 2124 total links between groups, of 7506
 0:00:33.310 [CE][LoadClusters] "Cluster" :: Loading files...
 0:00:33.463 [CE][LoadClusters] :: file: "mapgroupcluster.xml", 9 types, 50000 instances
 0:00:33.625 [CE][LoadClusters] :: file: "mapgroupcluster01", 9 types, 50000 instances
 0:00:33.625   5940 failed - check Matrix "default" grid size !!!
 0:00:33.789 [CE][LoadClusters] :: file: "mapgroupcluster02", 9 types, 50000 instances
 0:00:33.789   12307 failed - check Matrix "default" grid size !!!
 0:00:33.844 [CE][LoadClusters] :: file: "mapgroupcluster03", 9 types, 15277 instances
 0:00:33.844   1372 failed - check Matrix "default" grid size !!!
 0:00:33.846 [CE][Storage] ver:21 stamp:18146, valid:yes, name:"mpmissions\Expansion.deerisle\storage_1\data\types.bin"
 0:00:33.847 [CE][Storage] ver:21 stamp:18143, valid:yes, name:"mpmissions\Expansion.deerisle\storage_1\data\types.001"
 0:00:33.847 [CE][Storage] ver:21 stamp:18144, valid:yes, name:"mpmissions\Expansion.deerisle\storage_1\data\types.002"
 0:00:33.847 [CE][Storage] Restoring file "mpmissions\Expansion.deerisle\storage_1\data\types.bin".
 0:00:33.943 !!! File "DZ\worlds\chernarusplus\ce\db/messages.xml" does not exist...
 0:00:33.943 !!! [CE][offlineDB] :: Failed to read messages file 'db/messages.xml'.
 0:00:33.943 !!! [CE][offlineDB] :: No Shutdown message present.
 0:00:33.944 [CE][offlineDB] :: Loaded 41 dynamic events 246 total types 0 total positions.
 0:00:33.973 !!! File "DZ\worlds\chernarusplus\ce\TraderPlus_ce/TraderPlus_types.xml" does not exist...
 0:00:33.973 !!! [CE][offlineDB] :: Failed to read types file 'TraderPlus_ce/TraderPlus_types.xml'.
 0:00:33.973 [CE][Storage] ver:21 stamp:18146, valid:yes, name:"mpmissions\Expansion.deerisle\storage_1\data\events.bin"
 0:00:33.974 [CE][Storage] ver:21 stamp:18143, valid:yes, name:"mpmissions\Expansion.deerisle\storage_1\data\events.001"
 0:00:33.974 [CE][Storage] ver:21 stamp:18144, valid:yes, name:"mpmissions\Expansion.deerisle\storage_1\data\events.002"
 0:00:33.974 [CE][Storage] Restoring file "mpmissions\Expansion.deerisle\storage_1\data\events.bin".
 0:00:33.974 [CE][DynamicEvent] Load  Events:[41] Primary spawners: 41 Secondary spawners: 1
 0:00:33.974 [CE][Storage] ver:25 stamp:18146, valid:yes, name:"mpmissions\Expansion.deerisle\storage_1\data\dynamic_000.bin"
 0:00:33.975 [CE][Storage] ver:25 stamp:18143, valid:yes, name:"mpmissions\Expansion.deerisle\storage_1\data\dynamic_000.001"
 0:00:33.975 [CE][Storage] ver:25 stamp:18144, valid:yes, name:"mpmissions\Expansion.deerisle\storage_1\data\dynamic_000.002"
 0:00:33.975 [CE][Storage] Restoring file "mpmissions\Expansion.deerisle\storage_1\data\dynamic_000.bin" 213 items.
 0:00:34.32   213 items loaded.
 0:00:34.32 [CE][Storage] ver:25 stamp:18146, valid:yes, name:"mpmissions\Expansion.deerisle\storage_1\data\dynamic_001.bin"
 0:00:34.32 [CE][Storage] ver:25 stamp:18143, valid:yes, name:"mpmissions\Expansion.deerisle\storage_1\data\dynamic_001.001"
 0:00:34.33 [CE][Storage] ver:25 stamp:18144, valid:yes, name:"mpmissions\Expansion.deerisle\storage_1\data\dynamic_001.002"
 0:00:34.33 [CE][Storage] Restoring file "mpmissions\Expansion.deerisle\storage_1\data\dynamic_001.bin" 419 items.
 0:00:34.176   419 items loaded.
 0:00:34.177 [CE][Storage] ver:25 stamp:18146, valid:yes, name:"mpmissions\Expansion.deerisle\storage_1\data\dynamic_002.bin"
 0:00:34.177 [CE][Storage] ver:25 stamp:18143, valid:yes, name:"mpmissions\Expansion.deerisle\storage_1\data\dynamic_002.001"
 0:00:34.177 [CE][Storage] ver:25 stamp:18144, valid:yes, name:"mpmissions\Expansion.deerisle\storage_1\data\dynamic_002.002"
 0:00:34.177 [CE][Storage] Restoring file "mpmissions\Expansion.deerisle\storage_1\data\dynamic_002.bin" 810 items.
 0:00:34.354   810 items loaded.
 0:00:34.354 [CE][Storage] ver:25 stamp:18146, valid:yes, name:"mpmissions\Expansion.deerisle\storage_1\data\dynamic_003.bin"
 0:00:34.355 [CE][Storage] ver:25 stamp:18143, valid:yes, name:"mpmissions\Expansion.deerisle\storage_1\data\dynamic_003.001"
 0:00:34.355 [CE][Storage] ver:25 stamp:18144, valid:yes, name:"mpmissions\Expansion.deerisle\storage_1\data\dynamic_003.002"
 0:00:34.355 [CE][Storage] Restoring file "mpmissions\Expansion.deerisle\storage_1\data\dynamic_003.bin" 1194 items.
 0:00:34.583   1194 items loaded.
 0:00:34.583 [CE][Storage] ver:25 stamp:18146, valid:yes, name:"mpmissions\Expansion.deerisle\storage_1\data\dynamic_004.bin"
 0:00:34.583 [CE][Storage] ver:25 stamp:18143, valid:yes, name:"mpmissions\Expansion.deerisle\storage_1\data\dynamic_004.001"
 0:00:34.584 [CE][Storage] ver:25 stamp:18144, valid:yes, name:"mpmissions\Expansion.deerisle\storage_1\data\dynamic_004.002"
 0:00:34.584 [CE][Storage] Restoring file "mpmissions\Expansion.deerisle\storage_1\data\dynamic_004.bin" 1880 items.
 0:00:35.61   1880 items loaded.
 0:00:35.61 [CE][Storage] ver:25 stamp:18146, valid:yes, name:"mpmissions\Expansion.deerisle\storage_1\data\dynamic_005.bin"
 0:00:35.62 !!! [CE][Storage] Failed to read [Storage] data file "mpmissions\Expansion.deerisle\storage_1\data\dynamic_005.001".
 0:00:35.62   File not closed...
 0:00:35.62 [CE][Storage] ver:25 stamp:18146, valid:NO, name:"mpmissions\Expansion.deerisle\storage_1\data\dynamic_005.001"
 0:00:35.62 [CE][Storage] ver:25 stamp:18144, valid:yes, name:"mpmissions\Expansion.deerisle\storage_1\data\dynamic_005.002"
 0:00:35.62 [CE][Storage] Restoring file "mpmissions\Expansion.deerisle\storage_1\data\dynamic_005.bin" 1550 items.
 0:00:35.456   1550 items loaded.
 0:00:35.456 [CE][Storage] ver:25 stamp:18146, valid:yes, name:"mpmissions\Expansion.deerisle\storage_1\data\dynamic_006.bin"
 0:00:35.456 [CE][Storage] ver:25 stamp:18146, valid:yes, name:"mpmissions\Expansion.deerisle\storage_1\data\dynamic_006.001"
 0:00:35.457 [CE][Storage] ver:25 stamp:18144, valid:yes, name:"mpmissions\Expansion.deerisle\storage_1\data\dynamic_006.002"
 0:00:35.457 [CE][Storage] Restoring file "mpmissions\Expansion.deerisle\storage_1\data\dynamic_006.bin" 1142 items.
 0:00:35.678   1142 items loaded.
 0:00:35.679 [CE][Storage] ver:25 stamp:18146, valid:yes, name:"mpmissions\Expansion.deerisle\storage_1\data\dynamic_007.bin"
 0:00:35.679 [CE][Storage] ver:25 stamp:18146, valid:yes, name:"mpmissions\Expansion.deerisle\storage_1\data\dynamic_007.001"
 0:00:35.679 [CE][Storage] ver:25 stamp:18144, valid:yes, name:"mpmissions\Expansion.deerisle\storage_1\data\dynamic_007.002"
 0:00:35.679 [CE][Storage] Restoring file "mpmissions\Expansion.deerisle\storage_1\data\dynamic_007.bin" 825 items.
 0:00:35.824   825 items loaded.
 0:00:35.825 [CE][Storage] ver:25 stamp:18146, valid:yes, name:"mpmissions\Expansion.deerisle\storage_1\data\dynamic_008.bin"
 0:00:35.825 [CE][Storage] ver:25 stamp:18146, valid:yes, name:"mpmissions\Expansion.deerisle\storage_1\data\dynamic_008.001"
 0:00:35.826 [CE][Storage] ver:25 stamp:18144, valid:yes, name:"mpmissions\Expansion.deerisle\storage_1\data\dynamic_008.002"
 0:00:35.826 [CE][Storage] Restoring file "mpmissions\Expansion.deerisle\storage_1\data\dynamic_008.bin" 374 items.
 0:00:35.907   374 items loaded.
 0:00:35.908 [CE][Storage] ver:25 stamp:18146, valid:yes, name:"mpmissions\Expansion.deerisle\storage_1\data\dynamic_009.bin"
 0:00:35.908 [CE][Storage] ver:25 stamp:18146, valid:yes, name:"mpmissions\Expansion.deerisle\storage_1\data\dynamic_009.001"
 0:00:35.908 [CE][Storage] ver:25 stamp:18144, valid:yes, name:"mpmissions\Expansion.deerisle\storage_1\data\dynamic_009.002"
 0:00:35.908 [CE][Storage] Restoring file "mpmissions\Expansion.deerisle\storage_1\data\dynamic_009.bin" 189 items.
 0:00:35.944   189 items loaded.
 0:00:35.944 [CE][Storage] ver:25 stamp:18146, valid:yes, name:"mpmissions\Expansion.deerisle\storage_1\data\dynamic_010.bin"
 0:00:35.945 [CE][Storage] ver:25 stamp:18146, valid:yes, name:"mpmissions\Expansion.deerisle\storage_1\data\dynamic_010.001"
 0:00:35.945 [CE][Storage] ver:25 stamp:18144, valid:yes, name:"mpmissions\Expansion.deerisle\storage_1\data\dynamic_010.002"
 0:00:35.945 [CE][Storage] Restoring file "mpmissions\Expansion.deerisle\storage_1\data\dynamic_010.bin" 252 items.
 0:00:35.992   252 items loaded.
 0:00:35.992 [CE][Storage] ver:25 stamp:18146, valid:yes, name:"mpmissions\Expansion.deerisle\storage_1\data\dynamic_011.bin"
 0:00:35.992 [CE][Storage] ver:25 stamp:18146, valid:yes, name:"mpmissions\Expansion.deerisle\storage_1\data\dynamic_011.001"
 0:00:35.992 [CE][Storage] ver:25 stamp:18144, valid:yes, name:"mpmissions\Expansion.deerisle\storage_1\data\dynamic_011.002"
 0:00:35.992 [CE][Storage] Restoring file "mpmissions\Expansion.deerisle\storage_1\data\dynamic_011.bin" 0 items.
 0:00:35.992   0 items loaded.
 0:00:35.992 [CE][Storage] ver:26 stamp:18146, valid:yes, name:"mpmissions\Expansion.deerisle\storage_1\data\building.bin"
 0:00:35.992 [CE][Storage] ver:26 stamp:18143, valid:yes, name:"mpmissions\Expansion.deerisle\storage_1\data\building.001"
 0:00:35.992 [CE][Storage] ver:26 stamp:18144, valid:yes, name:"mpmissions\Expansion.deerisle\storage_1\data\building.002"
 0:00:35.993 [CE][Storage] Restoring file "mpmissions\Expansion.deerisle\storage_1\data\building.bin" 5 items.
 0:00:35.993   5 items loaded.
 0:00:35.993 [CE][Storage] ver:25 stamp:18146, valid:yes, name:"mpmissions\Expansion.deerisle\storage_1\data\vehicles.bin"
 0:00:35.993 [CE][Storage] ver:25 stamp:18143, valid:yes, name:"mpmissions\Expansion.deerisle\storage_1\data\vehicles.001"
 0:00:35.994 [CE][Storage] ver:25 stamp:18144, valid:yes, name:"mpmissions\Expansion.deerisle\storage_1\data\vehicles.002"
 0:00:35.994 [CE][Storage] Restoring file "mpmissions\Expansion.deerisle\storage_1\data\vehicles.bin" 127 items.
 0:00:36.415   127 items loaded.
 0:00:36.419 [CE][Hive] :: Storage load took:2.45 seconds, recovery stamp:18146
 0:00:36.419   entity: 10157, building: 5
 0:00:36.419   no lifetime: 183
 0:00:36.419   pathgraph's: 829
 0:00:36.419 [CE][Hive] :: Initializing ... 
 0:00:36.436 [CE][InitializeMap] :: initialized: 2
 0:00:36.436 [CE][Hive] :: Initializing spawners ... 
 0:00:37.165 [CE][LootRespawner] (PRIDummy) :: Initially (re)spawned:0, Nominal:9205, Total in Map: 9230 at 0 (sec)
 0:00:37.165   tests:0, repeats:0 fails:0, overtime:0
 0:00:37.165 [CE][DynEvent] :: 41 types
 0:00:37.165 [00] AmbientHen
 0:00:37.165   Primary Spawner: "Ambient", active: yes, repeat: 1
 0:00:37.165 [01] AnimalBear
 0:00:37.165   Primary Spawner: "Animal", active: yes, repeat: 1
 0:00:37.165 [02] AnimalCow
 0:00:37.165   Primary Spawner: "Animal", active: yes, repeat: 1
 0:00:37.165 [03] AnimalDeer
 0:00:37.165   Primary Spawner: "Animal", active: yes, repeat: 1
 0:00:37.165 [04] AnimalGoat
 0:00:37.165   Primary Spawner: "Animal", active: yes, repeat: 1
 0:00:37.165 [05] AnimalPig
 0:00:37.165   Primary Spawner: "Animal", active: yes, repeat: 1
 0:00:37.165 [06] AnimalRoeDeer
 0:00:37.165   Primary Spawner: "Animal", active: yes, repeat: 1
 0:00:37.165 [07] AnimalSheep
 0:00:37.166   Primary Spawner: "Animal", active: yes, repeat: 1
 0:00:37.166 [08] AnimalWildBoar
 0:00:37.166   Primary Spawner: "Animal", active: yes, repeat: 1
 0:00:37.166 [09] AnimalWolf
 0:00:37.166   Primary Spawner: "Animal", active: yes, repeat: 1
 0:00:37.166 [10] InfectedArmy
 0:00:37.166   Primary Spawner: "Infected", active: yes, repeat: 1
 0:00:37.166 [11] InfectedCity
 0:00:37.166   Primary Spawner: "Infected", active: yes, repeat: 1
 0:00:37.166 [12] InfectedFirefighter
 0:00:37.166   Primary Spawner: "Infected", active: yes, repeat: 1
 0:00:37.166 [13] InfectedIndustrial
 0:00:37.166   Primary Spawner: "Infected", active: yes, repeat: 1
 0:00:37.166 [14] InfectedMedic
 0:00:37.166   Primary Spawner: "Infected", active: yes, repeat: 1
 0:00:37.166 [15] InfectedPolice
 0:00:37.166   Primary Spawner: "Infected", active: yes, repeat: 1
 0:00:37.166 [16] InfectedPrisoner
 0:00:37.166   Primary Spawner: "Infected", active: yes, repeat: 1
 0:00:37.166 [17] InfectedReligious
 0:00:37.166   Primary Spawner: "Infected", active: yes, repeat: 1
 0:00:37.166 [18] InfectedSolitude
 0:00:37.166   Primary Spawner: "Infected", active: yes, repeat: 1
 0:00:37.166 [19] InfectedVillage
 0:00:37.166   Primary Spawner: "Infected", active: yes, repeat: 1
 0:00:37.166 [20] ItemPlanks
 0:00:37.166   Primary Spawner: "Item", active: yes, repeat: 1
 0:00:37.166 [21] Loot
 0:00:37.166   Primary Spawner: "Loot", active: yes, repeat: 2
 0:00:37.166 [22] StaticHeliCrash
 0:00:37.166   Primary Spawner: "Vehicle", active: yes, repeat: 1
 0:00:37.166   Secondary Spawner: "Infected", active: yes, repeat: 1
 0:00:37.166 [23] StaticPoliceCar
 0:00:37.166   Primary Spawner: "Vehicle", active: yes, repeat: 1
 0:00:37.166 [24] TrajectoryApple
 0:00:37.166   Primary Spawner: "Trajectory", active: yes, repeat: 1
 0:00:37.166 [25] TrajectoryCanina
 0:00:37.166   Primary Spawner: "Trajectory", active: yes, repeat: 1
 0:00:37.166 [26] TrajectoryConiferous
 0:00:37.166   Primary Spawner: "Trajectory", active: yes, repeat: 1
 0:00:37.166 [27] TrajectoryDeciduous
 0:00:37.166   Primary Spawner: "Trajectory", active: yes, repeat: 1
 0:00:37.166 [28] TrajectoryHumus
 0:00:37.166   Primary Spawner: "Trajectory", active: yes, repeat: 1
 0:00:37.166 [29] TrajectoryPear
 0:00:37.166   Primary Spawner: "Trajectory", active: yes, repeat: 1
 0:00:37.166 [30] TrajectoryPlum
 0:00:37.166   Primary Spawner: "Trajectory", active: yes, repeat: 1
 0:00:37.166 [31] TrajectorySambucus
 0:00:37.166   Primary Spawner: "Trajectory", active: yes, repeat: 1
 0:00:37.166 [32] TrajectoryStones
 0:00:37.166   Primary Spawner: "Trajectory", active: yes, repeat: 1
 0:00:37.166 [33] VehicleCivilianSedan
 0:00:37.166   Primary Spawner: "Vehicle", active: yes, repeat: 1
 0:00:37.166 [34] VehicleHatchback02
 0:00:37.166   Primary Spawner: "Vehicle", active: yes, repeat: 1
 0:00:37.166 [35] VehicleOffroadHatchback
 0:00:37.166   Primary Spawner: "Vehicle", active: yes, repeat: 1
 0:00:37.166 [36] VehicleSedan02
 0:00:37.166   Primary Spawner: "Vehicle", active: yes, repeat: 1
 0:00:37.166 [37] VehicleTruck01
 0:00:37.166   Primary Spawner: "Vehicle", active: yes, repeat: 1
 0:00:37.166 [38] StaticVanPinkies
 0:00:37.166   Primary Spawner: "Vehicle", active: yes, repeat: 1
 0:00:37.166 [39] StaticVanAmbulance
 0:00:37.166   Primary Spawner: "Vehicle", active: yes, repeat: 1
 0:00:37.166 [40] StaticSkeletonEventspawn
 0:00:37.166   Primary Spawner: "Vehicle", active: yes, repeat: 1
 0:00:37.166 [CE][Hive] :: Initializing of spawners done.
 0:00:37.168 [CE][Hive] :: Init sequence finished.
 0:00:37.168 Player connect enabled
 0:00:37.442 [IdleMode] Entering IN - save processed
 0:01:40.761 [Login]: Adding player Skif (616346427) to login queue at position 0
 0:01:40.761 [LoginMachine]: Add player Skif (616346427)
 0:01:40.761 [StateMachine]: Player Skif (dpnid 616346427 uid ) Entering AuthPlayerLoginState
 0:01:41.849 [StateMachine]: Player Skif (dpnid 616346427 uid ) Entering WaitAuthPlayerLoginState
 0:01:43.27 [IdleMode] Leaving OUT
 0:01:43.390 Player Skif connected (id=HT80BSK6nbyEUuqqNLGOG_NvUVWKXCYBk5YTFLCK4vU=).
 0:01:43.390 Player "Skif" is connected (steamID=76561199013191843)
 0:01:47.719 [StateMachine]: Player Skif (dpnid 616346427 uid HT80BSK6nbyEUuqqNLGOG_NvUVWKXCYBk5YTFLCK4vU=) Entering DBGetLoginTimeLoginState
 0:01:47.720 [StateMachine]: Player Skif (dpnid 616346427 uid HT80BSK6nbyEUuqqNLGOG_NvUVWKXCYBk5YTFLCK4vU=) Entering DBWaitLoginTimeLoginState
 0:02:02.720 [StateMachine]: Player Skif (dpnid 616346427 uid HT80BSK6nbyEUuqqNLGOG_NvUVWKXCYBk5YTFLCK4vU=) Entering DBGetCharacterLoginState
 0:02:02.721 [StateMachine]: Player Skif (dpnid 616346427 uid HT80BSK6nbyEUuqqNLGOG_NvUVWKXCYBk5YTFLCK4vU=) Entering CreateNetObjectsLoginState
 0:02:02.722 [StateMachine]: Player Skif (dpnid 616346427 uid HT80BSK6nbyEUuqqNLGOG_NvUVWKXCYBk5YTFLCK4vU=) Entering PreloadCamLoginState
 0:02:02.722 [StateMachine]: Player Skif (dpnid 616346427 uid HT80BSK6nbyEUuqqNLGOG_NvUVWKXCYBk5YTFLCK4vU=) Entering WaitPreloadCamLoginState
 0:02:22.276 [StateMachine]: Player Skif (dpnid 616346427 uid HT80BSK6nbyEUuqqNLGOG_NvUVWKXCYBk5YTFLCK4vU=) Entering GetLoadedCharLoginState
 0:02:24.461 <LOAD EXISTING CHAR>:
    charID 13
    playerID 13
    dpnid 616346427
    uid HT80BSK6nbyEUuqqNLGOG_NvUVWKXCYBk5YTFLCK4vU=
 0:03:49.475 [Login]: Adding player Jimmy Nickels (45763291) to login queue at position 0
 0:03:49.475 [LoginMachine]: Add player Jimmy Nickels (45763291)
 0:03:49.475 [StateMachine]: Player Jimmy Nickels (dpnid 45763291 uid ) Entering AuthPlayerLoginState
 0:03:51.10 [StateMachine]: Player Jimmy Nickels (dpnid 45763291 uid ) Entering WaitAuthPlayerLoginState
 0:03:52.949 Player Jimmy Nickels connected (id=Pk9FmI0iGIJV90L0o-uI7ivHc45DZnNcAVX3v1GVD5Y=).
 0:03:52.949 Player "Jimmy Nickels" is connected (steamID=76561198169903562)
 0:03:54.187 [StateMachine]: Player Jimmy Nickels (dpnid 45763291 uid Pk9FmI0iGIJV90L0o-uI7ivHc45DZnNcAVX3v1GVD5Y=) Entering DBGetLoginTimeLoginState
 0:03:54.188 [StateMachine]: Player Jimmy Nickels (dpnid 45763291 uid Pk9FmI0iGIJV90L0o-uI7ivHc45DZnNcAVX3v1GVD5Y=) Entering DBWaitLoginTimeLoginState
 0:03:59.503 [CE][LootRespawner] (PRIDummy) :: Item [0] causing search overtime: "PumpkinSeedsPack"
 0:04:09.188 [StateMachine]: Player Jimmy Nickels (dpnid 45763291 uid Pk9FmI0iGIJV90L0o-uI7ivHc45DZnNcAVX3v1GVD5Y=) Entering DBGetCharacterLoginState
 0:04:09.189 [StateMachine]: Player Jimmy Nickels (dpnid 45763291 uid Pk9FmI0iGIJV90L0o-uI7ivHc45DZnNcAVX3v1GVD5Y=) Entering CreateNetObjectsLoginState
 0:04:09.193 [StateMachine]: Player Jimmy Nickels (dpnid 45763291 uid Pk9FmI0iGIJV90L0o-uI7ivHc45DZnNcAVX3v1GVD5Y=) Entering PreloadCamLoginState
 0:04:09.193 [StateMachine]: Player Jimmy Nickels (dpnid 45763291 uid Pk9FmI0iGIJV90L0o-uI7ivHc45DZnNcAVX3v1GVD5Y=) Entering WaitPreloadCamLoginState
 0:04:26.488 [CE][LootRespawner] (PRIDummy) :: Item [1] causing search overtime: "PumpkinSeedsPack"
 0:04:53.428 [CE][LootRespawner] (PRIDummy) :: Item [2] causing search overtime: "PumpkinSeedsPack"
 0:04:53.529 !!! [CE][Point] Removing 7623.883789, 9951.583984 from Land_jmc_cabin01
 0:04:53.530 !!! [CE][Point] Removing 7178.079102, 11686.108398 from Land_jmc_military_lootcase
 0:04:53.530 [CE][LootRespawner] (PRIDummy) :: Item [0] is hard to place, performance drops: "PoliceVest"
 0:04:53.530 [CE][LootRespawner] (PRIDummy) :: Item [1] is hard to place, performance drops: "PoliceVest"
 0:04:53.531 [CE][LootRespawner] (PRIDummy) :: Item [2] is hard to place, performance drops: "PoliceVest"
 0:04:53.531 [CE][LootRespawner] (PRIDummy) :: Item [3] is hard to place, performance drops: "PoliceVest"
 0:05:02.164 [StateMachine]: Player Jimmy Nickels (dpnid 45763291 uid Pk9FmI0iGIJV90L0o-uI7ivHc45DZnNcAVX3v1GVD5Y=) Entering GetLoadedCharLoginState
 0:05:02.190 <LOAD EXISTING CHAR>:
    charID 12
    playerID 12
    dpnid 45763291
    uid Pk9FmI0iGIJV90L0o-uI7ivHc45DZnNcAVX3v1GVD5Y=
 0:05:20.330 !!! [CE][Point] Removing 4042.219727, 15404.015625 from Land_Container_1Aoh
 0:05:20.428 [CE][LootRespawner] (PRIDummy) :: Item [3] causing search overtime: "PumpkinSeedsPack"
 0:05:20.528 !!! [CE][Point] Removing 7178.372070, 11686.045898 from Land_jmc_military_lootcase
 0:05:23.29 [CE][Links] found 0 total links between groups, of 1
 0:05:23.29 [CE][SpawnRandomLoot] (StaticPoliceCar) :: ChildType: Land_Wreck_Volha_Police, lootmin: 3, lootmax: 5, wanted: 4
 0:05:47.281 !!! [CE][Point] Removing 4042.045654, 15405.358398 from Land_Container_1Aoh
 0:05:47.486 [CE][LootRespawner] (PRIDummy) :: Item [4] causing search overtime: "PumpkinSeedsPack"
 0:06:14.291 [CE][LootRespawner] (PRIDummy) :: Item [5] causing search overtime: "PumpkinSeedsPack"
 0:06:41.97 !!! [CE][Point] Removing 7195.206543, 11575.607422 from Land_BusStation_wall_bench
 0:06:41.193 [CE][LootRespawner] (PRIDummy) :: Item [6] causing search overtime: "PumpkinSeedsPack"
 0:06:41.295 !!! [CE][Point] Removing 7160.754395, 11616.364258 from Land_jmc_militarycase_o_08
 0:06:41.296 !!! [CE][Point] Removing 7179.108887, 11677.737305 from Land_jmc_militarycase_o_07
 0:06:41.297 !!! [CE][Point] Removing 7266.000488, 11605.139648 from Land_jmc_skeleton_burned_4
 0:06:41.297 !!! [CE][Point] Removing 7174.257813, 11682.478516 from Land_jmc_militarycase_c_01
 0:06:41.298 !!! [CE][Point] Removing 7190.900391, 11556.199219 from Land_jmc_militarycase_c_09
 0:06:41.300 !!! [CE][Point] Removing 7160.169434, 11657.359375 from Land_jmc_militarycase_o_08
 0:06:41.593 !!! [CE][Point] Removing 1023.840454, 11406.572266 from Land_Boat_Small1
 0:06:44.993 !!! [CE][Point] Removing 5665.215820, 8119.599609 from QuercusRobur_fallenB
 0:06:45.893 !!! [CE][Point] Removing 5746.790527, 8074.657227 from PlumTree1
 0:07:08.94 [CE][LootRespawner] (PRIDummy) :: Item [7] causing search overtime: "PumpkinSeedsPack"
 0:07:12.795 [CE][Links] found 0 total links between groups, of 2
 0:07:12.795 [CE][SpawnRandomLoot] (StaticSkeletonEventspawn) :: ChildType: Land_jmc_skeleton_gnawed_4, lootmin: 4, lootmax: 6, wanted: 5
 0:07:34.893 [CE][LootRespawner] (PRIDummy) :: Item [8] causing search overtime: "PumpkinSeedsPack"
 0:07:35.295 !!! [CE][Point] Removing 7191.864746, 11588.292969 from Land_jmc_militarycase_o_11
 0:07:35.296 !!! [CE][Point] Removing 7180.832520, 11682.396484 from Land_jmc_militarycase_o_08
 0:07:35.494 !!! [CE][Point] Removing 7156.410156, 11568.631836 from Land_jmc_militarycase_o_06
 0:07:35.497 !!! [CE][Point] Removing 7198.099609, 11595.975586 from Land_jmc_militarycase_c_07
 0:07:35.498 !!! [CE][Point] Removing 7151.060547, 11566.732422 from Land_jmc_militarycase_c_07
 0:08:01.894 [CE][LootRespawner] (PRIDummy) :: Item [9] causing search overtime: "PumpkinSeedsPack"
 0:08:04.194 [CE][Links] found 0 total links between groups, of 3
 0:08:04.194 [CE][SpawnRandomLoot] (StaticHeliCrash) :: ChildType: Wreck_Mi8, lootmin: 10, lootmax: 20, wanted: 16
 0:08:04.197 [CE][Links] found 0 total links between groups, of 4
 0:08:04.197 [CE][SpawnRandomLoot] (StaticHeliCrash) :: ChildType: Wreck_Mi8, lootmin: 10, lootmax: 20, wanted: 11
 0:08:04.199 [CE][Links] found 0 total links between groups, of 5
 0:08:04.199 [CE][SpawnRandomLoot] (StaticHeliCrash) :: ChildType: Wreck_UH1Y, lootmin: 10, lootmax: 20, wanted: 11
 0:08:04.202 [CE][Links] found 0 total links between groups, of 6
 0:08:04.202 [CE][SpawnRandomLoot] (StaticHeliCrash) :: ChildType: Wreck_Mi8, lootmin: 10, lootmax: 20, wanted: 11
 0:08:06.599 !!! [CE][Point] Removing 5817.059082, 8394.625977 from PlumTree1
 0:08:28.817 [CE][LootRespawner] (PRIDummy) :: Item [10] causing search overtime: "PumpkinSeedsPack"
 0:08:30.918 !!! [CE][Point] Removing 5852.724121, 8336.490234 from SambucusBush2
 0:08:55.716 [CE][LootRespawner] (PRIDummy) :: Item [11] causing search overtime: "PumpkinSeedsPack"
 0:08:55.916 [CE][LootRespawner] (PRIDummy) :: Item [12] causing search overtime: "TacticalBaconCan"
 0:09:22.617 [CE][LootRespawner] (PRIDummy) :: Item [13] causing search overtime: "PumpkinSeedsPack"
 0:09:22.718 [CE][LootRespawner] (PRIDummy) :: Item [14] causing search overtime: "TacticalBaconCan"
 0:09:49.619 !!! [CE][Point] Removing 7158.744141, 11560.833008 from Land_jmc_militarycase_o_09
 0:09:49.620 !!! [CE][Point] Removing 7159.990234, 11653.022461 from Land_jmc_militarycase_o_12
 0:09:49.717 [CE][LootRespawner] (PRIDummy) :: Item [15] causing search overtime: "PumpkinSeedsPack"
 0:09:49.918 [CE][LootRespawner] (PRIDummy) :: Item [16] causing search overtime: "TacticalBaconCan"
 0:10:16.518 [CE][LootRespawner] (PRIDummy) :: Item [17] causing search overtime: "PumpkinSeedsPack"
 0:10:16.919 [CE][LootRespawner] (PRIDummy) :: Item [18] causing search overtime: "TacticalBaconCan"
 0:10:43.420 [CE][LootRespawner] (PRIDummy) :: Item [19] causing search overtime: "PumpkinSeedsPack"
 0:10:46.121 [CE][Links] found 0 total links between groups, of 7
 0:10:46.121 [CE][SpawnRandomLoot] (StaticPoliceCar) :: ChildType: Land_Wreck_Volha_Police, lootmin: 3, lootmax: 5, wanted: 4
 0:10:46.122 [CE][Links] found 0 total links between groups, of 8
 0:10:46.122 [CE][SpawnRandomLoot] (StaticPoliceCar) :: ChildType: Land_Wreck_Volha_Police, lootmin: 3, lootmax: 5, wanted: 3
 0:10:46.125 [CE][Links] found 0 total links between groups, of 9
 0:10:46.125 [CE][SpawnRandomLoot] (StaticPoliceCar) :: ChildType: Land_Wreck_Volha_Police, lootmin: 3, lootmax: 5, wanted: 3
 0:10:46.126 [CE][Links] found 0 total links between groups, of 10
 0:10:46.126 [CE][SpawnRandomLoot] (StaticPoliceCar) :: ChildType: Land_Wreck_Volha_Police, lootmin: 3, lootmax: 5, wanted: 3
 0:11:10.821 !!! [CE][Point] Removing 5012.430664, 7031.604004 from Land_strazni_vez
 0:11:10.821 !!! [CE][Point] Removing 4510.918945, 7196.940430 from Land_strazni_vez
 0:11:10.822 !!! [CE][Point] Removing 4589.254395, 7326.842773 from Land_strazni_vez
 0:12:31.373 !!! [CE][Point] Removing 7187.367188, 11598.480469 from Land_jmc_militarycase_o_07
 0:12:31.373 !!! [CE][Point] Removing 7183.866699, 11569.283203 from Land_jmc_skeleton_old_5
 0:12:31.374 !!! [CE][Point] Removing 7158.622559, 11587.934570 from Land_jmc_militarycase_o_08
 0:12:31.375 !!! [CE][Point] Removing 7187.147461, 11662.458984 from Land_jmc_militarycase_o_11
 0:12:31.376 !!! [CE][Point] Removing 7182.710449, 11647.839844 from Land_jmc_militarycase_o_05
 0:12:35.872 [CE][Links] found 0 total links between groups, of 11
 0:12:35.872 [CE][SpawnRandomLoot] (StaticSkeletonEventspawn) :: ChildType: Land_jmc_skeleton_bloody_5, lootmin: 4, lootmax: 6, wanted: 5
 0:13:53.871 !!! [CE][Point] Removing 6194.534180, 9138.890625 from SambucusBush1
 0:15:12.672 !!! [CE][Point] Removing 7154.836426, 11645.380859 from Land_jmc_skeleton_old_2
 0:16:06.383 !!! [CE][Point] Removing 3748.995850, 9730.172852 from Land_jmc_cabin01
 0:16:35.283 !!! [CE][Point] Removing 6236.717773, 9673.395508 from SambucusBush2
 0:16:37.383 [CE][Links] found 0 total links between groups, of 12
 0:16:37.383 [CE][SpawnRandomLoot] (StaticVanPinkies) :: ChildType: Land_jmc_van_pinkies, lootmin: 4, lootmax: 6, wanted: 4
 0:16:37.384 [CE][Links] found 0 total links between groups, of 13
 0:16:37.384 [CE][SpawnRandomLoot] (StaticVanPinkies) :: ChildType: Land_jmc_van_pinkies, lootmin: 4, lootmax: 6, wanted: 5
 0:16:37.386 [CE][Links] found 0 total links between groups, of 14
 0:16:37.386 [CE][SpawnRandomLoot] (StaticVanPinkies) :: ChildType: Land_jmc_van_pinkies, lootmin: 4, lootmax: 6, wanted: 5
 0:16:37.388 [CE][Links] found 0 total links between groups, of 15
 0:16:37.388 [CE][SpawnRandomLoot] (StaticVanPinkies) :: ChildType: Land_jmc_van_pinkies, lootmin: 4, lootmax: 6, wanted: 4
 0:16:37.982 [CE][Links] found 0 total links between groups, of 16
 0:16:37.982 [CE][SpawnRandomLoot] (StaticSkeletonEventspawn) :: ChildType: Land_jmc_skeleton_clean_2, lootmin: 4, lootmax: 6, wanted: 5
 0:17:54.287 !!! [CE][Point] Removing 7144.927246, 11637.821289 from Land_BusStation_wall_bench
 0:17:55.985 !!! [CE][Point] Removing 6238.460449, 9675.160156 from SambucusBush2
 0:17:55.985 !!! [CE][Point] Removing 6266.970215, 9692.145508 from SambucusBush2
 0:17:55.986 !!! [CE][Point] Removing 6271.579590, 9688.890625 from SambucusBush2
 0:19:16.688 !!! [CE][Point] Removing 6270.125000, 9689.064453 from SambucusBush2
 0:19:16.688 !!! [CE][Point] Removing 6295.343262, 9580.204102 from SambucusBush1
 0:19:19.388 [CE][Links] found 0 total links between groups, of 17
 0:19:19.388 [CE][SpawnRandomLoot] (StaticSkeletonEventspawn) :: ChildType: Land_jmc_skeleton_gnawed_1, lootmin: 4, lootmax: 6, wanted: 5
 0:20:08.987 [CE][LootRespawner] (PRIDummy) :: Item [4] is hard to place, performance drops: "ParamedicJacket_Green"
 0:20:11.88 [CE][Links] found 0 total links between groups, of 18
 0:20:11.88 [CE][SpawnRandomLoot] (StaticPoliceCar) :: ChildType: Land_Wreck_Volha_Police, lootmin: 3, lootmax: 5, wanted: 4
 0:20:37.387 !!! [CE][Point] Removing 6271.579590, 9688.890625 from SambucusBush2
 0:20:37.388 !!! [CE][Point] Removing 6296.480957, 9578.105469 from SambucusBush1
 0:20:37.389 !!! [CE][Point] Removing 6292.362305, 9731.126953 from SambucusBush2
 0:21:29.591 !!! [CE][Point] Removing 7266.000488, 11605.139648 from Land_jmc_skeleton_burned_4
 0:21:29.790 !!! [CE][Point] Removing 7144.937988, 11636.609375 from Land_BusStation_wall_bench
 0:21:58.87 !!! [CE][Point] Removing 6271.154785, 9686.807617 from SambucusBush2
 0:21:58.87 !!! [CE][Point] Removing 6294.507324, 9578.894531 from SambucusBush1
 0:21:58.87 !!! [CE][Point] Removing 6294.459473, 9731.469727 from SambucusBush2
 0:21:58.88 !!! [CE][Point] Removing 6326.049316, 9685.562500 from SambucusBush2
 0:22:00.488 [CE][Links] found 0 total links between groups, of 19
 0:22:00.488 [CE][SpawnRandomLoot] (StaticVanAmbulance) :: ChildType: Land_jmc_van_ambulance, lootmin: 4, lootmax: 6, wanted: 4
 0:22:52.489 [CE][Links] found 0 total links between groups, of 20
 0:22:52.489 [CE][SpawnRandomLoot] (StaticPoliceCar) :: ChildType: Land_Wreck_Volha_Police, lootmin: 3, lootmax: 5, wanted: 3
 0:22:52.491 [CE][Links] found 0 total links between groups, of 21
 0:22:52.491 [CE][SpawnRandomLoot] (StaticPoliceCar) :: ChildType: Land_Wreck_Volha_Police, lootmin: 3, lootmax: 5, wanted: 3
 0:23:18.788 !!! [CE][Point] Removing 6269.716797, 9687.397461 from SambucusBush2
 0:23:18.789 !!! [CE][Point] Removing 6296.910645, 9579.506836 from SambucusBush1
 0:23:18.789 !!! [CE][Point] Removing 6294.459473, 9731.469727 from SambucusBush2
 0:23:18.789 !!! [CE][Point] Removing 6327.248535, 9683.807617 from SambucusBush2
 0:23:18.789 !!! [CE][Point] Removing 6335.368164, 9684.442383 from SambucusBush2
 0:24:39.497 !!! [CE][Point] Removing 6270.125000, 9689.064453 from SambucusBush2
 0:24:39.497 !!! [CE][Point] Removing 6295.343262, 9580.204102 from SambucusBush1
 0:24:39.497 !!! [CE][Point] Removing 6294.459473, 9731.469727 from SambucusBush2
 0:25:04.700 !!! [CE][Point] Removing 7192.053223, 11560.669922 from Land_jmc_militarycase_o_05
 0:25:04.700 !!! [CE][Point] Removing 7169.088867, 11565.916992 from Land_jmc_militarycase_o_12
 0:25:04.701 !!! [CE][Point] Removing 7173.330078, 11606.138672 from Land_jmc_militarycase_c_06
 0:25:04.710 !!! [CE][Point] Removing 784.396423, 304.305511 from Land_jmc_ruinecolumn_loot
 0:26:00.197 !!! [CE][Point] Removing 6271.154785, 9686.807617 from SambucusBush2
 0:26:00.197 !!! [CE][Point] Removing 6294.507324, 9578.894531 from SambucusBush1
 0:27:20.898 !!! [CE][Point] Removing 6270.125000, 9689.064453 from SambucusBush2
 0:27:20.898 !!! [CE][Point] Removing 6295.343262, 9580.204102 from SambucusBush1
 0:28:13.99 [CE][LootRespawner] (PRIDummy) :: Item [5] is hard to place, performance drops: "ParamedicJacket_Blue"
 0:28:13.99 [CE][LootRespawner] (PRIDummy) :: Item [6] is hard to place, performance drops: "ParamedicJacket_Blue"
 0:28:39.999 !!! [CE][Point] Removing 7180.969727, 11681.090820 from Land_BusStation_wall_bench
 0:28:41.598 !!! [CE][Point] Removing 6269.716797, 9687.397461 from SambucusBush2
 0:28:41.599 !!! [CE][Point] Removing 6295.343262, 9580.204102 from SambucusBush1
 0:29:07.00 !!! [CE][Point] Removing 7189.465820, 11673.093750 from Land_jmc_militarycase_o_09
 0:29:07.01 !!! [CE][Point] Removing 7103.856934, 11620.941406 from Land_jmc_militarycase_o_07
 0:29:07.01 !!! [CE][Point] Removing 1503.243652, 11759.322266 from Land_jmc_militarycase_c_06
 0:29:07.03 !!! [CE][Point] Removing 7154.261719, 11593.990234 from Land_jmc_militarycase_o_07
 0:29:07.03 !!! [CE][Point] Removing 7176.726074, 11678.677734 from Land_jmc_militarycase_o_07
 0:30:02.298 !!! [CE][Point] Removing 6271.579590, 9688.890625 from SambucusBush2
 0:30:02.298 !!! [CE][Point] Removing 6296.910645, 9579.506836 from SambucusBush1
 0:30:56.698 [CE][Links] found 0 total links between groups, of 22
 0:30:56.698 [CE][SpawnRandomLoot] (StaticPoliceCar) :: ChildType: Land_Wreck_Volha_Police, lootmin: 3, lootmax: 5, wanted: 4
 0:31:22.998 !!! [CE][Point] Removing 6270.125000, 9689.064453 from SambucusBush2
 0:31:22.998 !!! [CE][Point] Removing 6295.343262, 9580.204102 from SambucusBush1
 0:31:48.206 [CE][LootRespawner] (PRIDummy) :: Item [7] is hard to place, performance drops: "ParamedicJacket_Crimson"
 0:31:48.206 [CE][LootRespawner] (PRIDummy) :: Item [8] is hard to place, performance drops: "ParamedicJacket_Crimson"
 0:32:15.209 !!! [CE][Point] Removing 7167.710449, 11588.201172 from Land_BusStation_wall_bench
 0:32:15.308 !!! [CE][Point] Removing 7152.880371, 11568.689453 from Land_jmc_militarycase_c_06
 0:32:15.311 !!! [CE][Point] Removing 7181.748535, 11579.876953 from Land_jmc_militarycase_o_05
 0:32:15.312 !!! [CE][Point] Removing 7171.429688, 11648.979492 from Land_jmc_militarycase_o_08
 0:32:17.408 [CE][Links] found 0 total links between groups, of 23
 0:32:17.408 [CE][SpawnRandomLoot] (StaticPoliceCar) :: ChildType: Land_Wreck_Volha_Police, lootmin: 3, lootmax: 5, wanted: 4
 0:32:43.706 !!! [CE][Point] Removing 6270.125000, 9689.064453 from SambucusBush2
 0:32:43.707 !!! [CE][Point] Removing 6295.343262, 9580.204102 from SambucusBush1
 0:34:04.407 !!! [CE][Point] Removing 6271.579590, 9688.890625 from SambucusBush2
 0:34:04.408 !!! [CE][Point] Removing 6296.910645, 9579.506836 from SambucusBush1
 0:34:07.108 [CE][Links] found 0 total links between groups, of 24
 0:34:07.108 [CE][SpawnRandomLoot] (StaticSkeletonEventspawn) :: ChildType: Land_jmc_skeleton_bloody_5, lootmin: 4, lootmax: 6, wanted: 5
 0:34:56.609 !!! [CE][Point] Removing 7161.974609, 11576.686523 from Land_BusStation_wall_bench
 0:34:56.610 !!! [CE][Point] Removing 7178.484375, 11591.041016 from Land_jmc_skeleton_old_4
 0:35:25.107 !!! [CE][Point] Removing 6269.716797, 9687.397461 from SambucusBush2
 0:35:25.107 !!! [CE][Point] Removing 6296.480957, 9578.105469 from SambucusBush1
 0:35:29.882 [CE][Links] found 0 total links between groups, of 25
 0:35:29.882 [CE][SpawnRandomLoot] (StaticVanAmbulance) :: ChildType: Land_jmc_van_ambulance, lootmin: 4, lootmax: 6, wanted: 4
 0:35:29.884 [CE][Links] found 0 total links between groups, of 26
 0:35:29.884 [CE][SpawnRandomLoot] (StaticVanAmbulance) :: ChildType: Land_jmc_van_ambulance, lootmin: 4, lootmax: 6, wanted: 4
 0:35:30.179 [CE][Links] found 0 total links between groups, of 27
 0:35:30.179 [CE][SpawnRandomLoot] (StaticSkeletonEventspawn) :: ChildType: Land_jmc_skeleton_bloody_1, lootmin: 4, lootmax: 6, wanted: 5
 0:36:19.182 !!! [CE][Point] Removing 8538.997070, 3541.500732 from Land_Boat_Small1
 0:36:19.682 !!! [CE][Point] Removing 7174.383789, 11671.871094 from Land_BusStation_wall_bench
 0:36:46.81 !!! [CE][Point] Removing 5352.057129, 9095.774414 from Land_Boat_Small1
 0:36:46.82 !!! [CE][Point] Removing 9526.613281, 6016.248047 from Land_Boat_Small1
 0:36:46.88 !!! [CE][Point] Removing 7940.376465, 2412.124756 from Land_Boat_Small3
 0:36:48.180 !!! [CE][Point] Removing 6271.154785, 9686.807617 from SambucusBush2
 0:36:48.181 !!! [CE][Point] Removing 6295.343262, 9580.204102 from SambucusBush1
 0:37:13.882 !!! [CE][Point] Removing 7185.923340, 11596.417969 from Land_jmc_militarycase_c_07
 0:37:13.884 !!! [CE][Point] Removing 7271.020996, 11623.091797 from Land_jmc_militarycase_c_07
 0:38:08.880 !!! [CE][Point] Removing 6270.125000, 9689.064453 from SambucusBush2
 0:38:08.881 !!! [CE][Point] Removing 6296.480957, 9578.105469 from SambucusBush1
 0:39:29.580 !!! [CE][Point] Removing 6238.460449, 9675.160156 from SambucusBush2
 0:39:29.580 !!! [CE][Point] Removing 6271.579590, 9688.890625 from SambucusBush2
 0:39:29.581 !!! [CE][Point] Removing 6296.480957, 9578.105469 from SambucusBush1
 0:40:21.682 !!! [CE][Point] Removing 7178.958984, 11685.918945 from Land_jmc_military_lootcase
 0:40:36.488 [Disconnect]: Start script disconnect 616346427 (dbCharacterId 13 dbPlayerId 13) logoutTime 15
 0:40:48.583 !!! [CE][Point] Removing 7179.251953, 11685.856445 from Land_jmc_military_lootcase
 0:40:48.585 !!! [CE][Point] Removing 3665.854492, 9737.577148 from Land_jmc_cabin01
 0:41:27.805 [Disconnect]: Start script disconnect 616346427 (dbCharacterId 13 dbPlayerId 13) logoutTime 15
 0:41:42.482 !!! [CE][Point] Removing 7166.499512, 11588.201172 from Land_BusStation_wall_bench
 0:41:42.582 !!! [CE][Point] Removing 7162.553223, 11655.167969 from Land_jmc_militarycase_c_12
 0:41:42.583 !!! [CE][Point] Removing 7194.047363, 11553.902344 from Land_jmc_militarycase_o_12
 0:41:42.583 !!! [CE][Point] Removing 7164.669922, 11664.787109 from Land_jmc_militarycase_o_09
 0:41:42.585 !!! [CE][Point] Removing 7176.039551, 11591.428711 from Land_jmc_militarycase_o_07
 0:41:42.805 [Disconnect]: Finish script disconnect 616346427
 0:41:42.806 [Disconnect]: DisconnectPlayerFinish 616346427
 0:41:43.226 [Disconnect]: Remove player info 616346427
 0:41:43.234 [Disconnect]: Player destroy 616346427 
 0:42:09.381 !!! [CE][Point] Removing 4610.052734, 6997.686523 from Land_strazni_vez
 0:42:10.981 !!! [CE][Point] Removing 6232.909180, 9704.196289 from SambucusBush2
 0:42:36.184 !!! [CE][Point] Removing 7180.932617, 11670.652344 from Land_BusStation_wall_bench
 0:42:36.283 !!! [CE][Point] Removing 7176.039063, 11586.541016 from Land_jmc_militarycase_o_06
 0:42:36.284 !!! [CE][Point] Removing 7185.677246, 11568.532227 from Land_jmc_militarycase_o_08
 0:42:36.285 !!! [CE][Point] Removing 7174.094238, 11645.138672 from Land_jmc_militarycase_o_09
 0:43:31.681 !!! [CE][Point] Removing 6232.909180, 9704.196289 from SambucusBush2
 0:43:31.682 !!! [CE][Point] Removing 6271.154785, 9686.807617 from SambucusBush2
 0:44:23.785 !!! [CE][Point] Removing 752.245789, 332.626251 from Land_jmc_ruinecolumn_loot
 0:44:52.382 !!! [CE][Point] Removing 6271.154785, 9686.807617 from SambucusBush2
 0:45:08.455 [Disconnect]: Start script disconnect 45763291 (dbCharacterId 12 dbPlayerId 12) logoutTime 15
 0:45:23.455 [Disconnect]: Finish script disconnect 45763291
 0:45:23.455 [Disconnect]: DisconnectPlayerFinish 45763291
 0:45:24.231 [Disconnect]: Remove player info 45763291
 0:45:24.238 [Disconnect]: Player destroy 45763291 
 0:46:11.45 !!! [CE][Point] Removing 7190.909668, 11605.926758 from Land_jmc_militarycase_o_05
 0:46:11.48 !!! [CE][Point] Removing 7173.125977, 11590.496094 from Land_jmc_skeleton_old_1
 0:46:11.49 !!! [CE][Point] Removing 7174.722168, 11614.373047 from Land_jmc_militarycase_o_08
 0:46:11.49 !!! [CE][Point] Removing 7192.060547, 11558.913086 from Land_jmc_militarycase_o_06
 0:46:11.50 !!! [CE][Point] Removing 7162.368164, 11653.823242 from Land_jmc_militarycase_c_09
 0:46:11.51 !!! [CE][Point] Removing 7177.741699, 11678.675781 from Land_jmc_militarycase_o_11
 0:46:15.543 [CE][Links] found 0 total links between groups, of 28
 0:46:15.543 [CE][SpawnRandomLoot] (StaticVanAmbulance) :: ChildType: Land_jmc_van_ambulance, lootmin: 4, lootmax: 6, wanted: 5
 0:46:15.844 [CE][Links] found 0 total links between groups, of 29
 0:46:15.844 [CE][SpawnRandomLoot] (StaticSkeletonEventspawn) :: ChildType: Land_jmc_skeleton_clean_3, lootmin: 4, lootmax: 6, wanted: 5
 0:46:38.344 !!! [CE][Point] Removing 7185.324707, 11561.282227 from Land_jmc_militarycase_c_12
 0:46:38.345 !!! [CE][Point] Removing 7178.484375, 11591.041016 from Land_jmc_skeleton_old_4
 0:46:38.346 !!! [CE][Point] Removing 7151.554199, 11568.265625 from Land_jmc_militarycase_o_05
 0:46:38.346 !!! [CE][Point] Removing 7158.818848, 11563.338867 from Land_jmc_militarycase_o_08
 0:46:38.347 !!! [CE][Point] Removing 7175.418945, 11607.706055 from Land_jmc_militarycase_o_09
 0:46:38.348 !!! [CE][Point] Removing 7191.580078, 11553.846680 from Land_jmc_militarycase_c_07
 0:46:38.350 !!! [CE][Point] Removing 7187.242676, 11607.349609 from Land_jmc_militarycase_o_07
 0:46:49.177 [IdleMode] Entering IN - save processed
 1:22:52.614 [Login]: Adding player Ace_Yandhi (59324082) to login queue at position 0
 1:22:52.614 [LoginMachine]: Add player Ace_Yandhi (59324082)
 1:22:52.614 [StateMachine]: Player Ace_Yandhi (dpnid 59324082 uid ) Entering AuthPlayerLoginState
 1:22:53.831 [StateMachine]: Player Ace_Yandhi (dpnid 59324082 uid ) Entering WaitAuthPlayerLoginState
 1:22:55.240 Player Ace_Yandhi connected (id=Oc8aUZ7i8bRISwwD1MGPmSRw7H5QkfZdQCfrSzcXcIc=).
 1:22:55.240 Player "Ace_Yandhi" is connected (steamID=76561198294133326)
 1:22:55.709 [StateMachine]: Player Ace_Yandhi (dpnid 59324082 uid Oc8aUZ7i8bRISwwD1MGPmSRw7H5QkfZdQCfrSzcXcIc=) Entering DBGetLoginTimeLoginState
 1:22:55.713 [StateMachine]: Player Ace_Yandhi (dpnid 59324082 uid Oc8aUZ7i8bRISwwD1MGPmSRw7H5QkfZdQCfrSzcXcIc=) Entering DBWaitLoginTimeLoginState
 1:22:56.348 [IdleMode] Leaving OUT
 1:23:10.713 [StateMachine]: Player Ace_Yandhi (dpnid 59324082 uid Oc8aUZ7i8bRISwwD1MGPmSRw7H5QkfZdQCfrSzcXcIc=) Entering DBGetCharacterLoginState
 1:23:10.714 [StateMachine]: Player Ace_Yandhi (dpnid 59324082 uid Oc8aUZ7i8bRISwwD1MGPmSRw7H5QkfZdQCfrSzcXcIc=) Entering CreateNetObjectsLoginState
 1:23:10.716 [StateMachine]: Player Ace_Yandhi (dpnid 59324082 uid Oc8aUZ7i8bRISwwD1MGPmSRw7H5QkfZdQCfrSzcXcIc=) Entering PreloadCamLoginState
 1:23:10.717 [StateMachine]: Player Ace_Yandhi (dpnid 59324082 uid Oc8aUZ7i8bRISwwD1MGPmSRw7H5QkfZdQCfrSzcXcIc=) Entering WaitPreloadCamLoginState
 1:23:31.204 [StateMachine]: Player Ace_Yandhi (dpnid 59324082 uid Oc8aUZ7i8bRISwwD1MGPmSRw7H5QkfZdQCfrSzcXcIc=) Entering GetNewCharLoginState
 1:23:31.222 <CREATE NEW CHAR>:
    charID 18
    playerID 18
    dpnid 59324082
    uid Oc8aUZ7i8bRISwwD1MGPmSRw7H5QkfZdQCfrSzcXcIc=
 1:24:39.449 !!! [CE][Point] Removing 7178.665527, 11685.982422 from Land_jmc_military_lootcase
 1:24:39.451 !!! [CE][Point] Removing 3800.797363, 9668.003906 from Land_jmc_cabin01
 1:24:39.451 [CE][LootRespawner] (PRIDummy) :: Item [9] is hard to place, performance drops: "PressVest_Blue"
 1:24:39.451 [CE][LootRespawner] (PRIDummy) :: Item [10] is hard to place, performance drops: "PressVest_Blue"
 1:24:39.452 !!! [CE][Point] Removing 3839.265137, 9611.403320 from Land_jmc_cabin01
 1:24:41.749 [CE][Links] found 0 total links between groups, of 30
 1:24:41.749 [CE][SpawnRandomLoot] (StaticPoliceCar) :: ChildType: Land_Wreck_Volha_Police, lootmin: 3, lootmax: 5, wanted: 3
 1:24:42.650 !!! [CE][Point] Removing 5109.351074, 7368.640625 from PiceaAbies_2d
 1:26:04.250 !!! [CE][Point] Removing 5389.234375, 7646.882324 from PearTree2
 1:26:04.548 !!! [CE][Point] Removing 5261.690430, 7608.215332 from PlumTree1
 1:26:27.51 !!! [CE][Point] Removing 7175.900879, 11668.934570 from Land_jmc_militarycase_o_06
 1:26:28.748 !!! [CE][Point] Removing 5242.078613, 7806.898438 from SambucusBush1
 1:26:28.749 !!! [CE][Point] Removing 5270.859863, 7642.193848 from SambucusBush2
 1:26:28.749 !!! [CE][Point] Removing 5269.186523, 7638.120117 from SambucusBush2
 1:26:31.449 [CE][Links] found 0 total links between groups, of 31
 1:26:31.449 [CE][SpawnRandomLoot] (StaticSkeletonEventspawn) :: ChildType: Land_jmc_skeleton_gnawed_1, lootmin: 4, lootmax: 6, wanted: 5
 1:27:20.949 !!! [CE][Point] Removing 7197.381836, 11554.292969 from Land_jmc_militarycase_o_09
 1:27:20.950 !!! [CE][Point] Removing 7192.217773, 11562.439453 from Land_jmc_militarycase_c_06
 1:27:20.951 !!! [CE][Point] Removing 7103.649902, 11618.441406 from Land_jmc_militarycase_c_07
 1:27:20.951 !!! [CE][Point] Removing 7190.567871, 11554.995117 from Land_jmc_militarycase_o_07
 1:27:20.954 !!! [CE][Point] Removing 7191.911621, 11568.193359 from Land_jmc_militarycase_o_11
 1:27:20.956 !!! [CE][Point] Removing 7179.178711, 11631.274414 from Land_jmc_militarycase_o_11
 1:27:21.253 !!! [CE][Point] Removing 1828.550415, 8947.227539 from Land_strazni_vez
 1:27:21.349 !!! [CE][Point] Removing 7174.379883, 11676.623047 from Land_BusStation_wall_bench
 1:27:21.452 !!! [CE][Point] Removing 7156.010742, 11555.536133 from Land_jmc_militarycase_c_12
 1:27:22.850 [CE][Links] found 0 total links between groups, of 32
 1:27:22.850 [CE][SpawnRandomLoot] (StaticHeliCrash) :: ChildType: Wreck_Mi8, lootmin: 10, lootmax: 20, wanted: 14
 1:27:22.855 [CE][Links] found 0 total links between groups, of 33
 1:27:22.855 [CE][SpawnRandomLoot] (StaticHeliCrash) :: ChildType: Wreck_UH1Y, lootmin: 10, lootmax: 20, wanted: 16
 1:27:22.860 [CE][Links] found 0 total links between groups, of 34
 1:27:22.860 [CE][SpawnRandomLoot] (StaticHeliCrash) :: ChildType: Wreck_UH1Y, lootmin: 10, lootmax: 20, wanted: 17
 1:27:22.865 [CE][Links] found 0 total links between groups, of 35
 1:27:22.865 [CE][SpawnRandomLoot] (StaticHeliCrash) :: ChildType: Wreck_Mi8, lootmin: 10, lootmax: 20, wanted: 18
 1:30:04.549 [CE][Links] found 0 total links between groups, of 36
 1:30:04.549 [CE][SpawnRandomLoot] (StaticPoliceCar) :: ChildType: Land_Wreck_Volha_Police, lootmin: 3, lootmax: 5, wanted: 3
 1:30:04.550 [CE][Links] found 0 total links between groups, of 37
 1:30:04.550 [CE][SpawnRandomLoot] (StaticPoliceCar) :: ChildType: Land_Wreck_Volha_Police, lootmin: 3, lootmax: 5, wanted: 3
 1:30:04.553 [CE][Links] found 0 total links between groups, of 38
 1:30:04.553 [CE][SpawnRandomLoot] (StaticPoliceCar) :: ChildType: Land_Wreck_Volha_Police, lootmin: 3, lootmax: 5, wanted: 4
 1:30:04.554 [CE][Links] found 0 total links between groups, of 39
 1:30:04.554 [CE][SpawnRandomLoot] (StaticPoliceCar) :: ChildType: Land_Wreck_Volha_Police, lootmin: 3, lootmax: 5, wanted: 4
 1:30:28.749 !!! [CE][Point] Removing 7174.813965, 11590.480469 from Land_jmc_skeleton_old_2
 1:30:29.349 !!! [CE][Point] Removing 7180.978516, 11679.879883 from Land_BusStation_wall_bench
 1:30:56.250 !!! [CE][Point] Removing 7166.823242, 11664.680664 from Land_BusStation_wall_bench
 1:30:56.353 !!! [CE][Point] Removing 2046.131836, 9048.794922 from Land_strazni_vez
 1:31:54.250 [CE][Links] found 0 total links between groups, of 40
 1:31:54.250 [CE][SpawnRandomLoot] (StaticSkeletonEventspawn) :: ChildType: Land_jmc_skeleton_old_1, lootmin: 4, lootmax: 6, wanted: 5
 1:35:53.651 !!! [CE][Point] Removing 6271.154785, 9686.807617 from SambucusBush2
 1:35:53.651 !!! [CE][Point] Removing 6261.432129, 9706.395508 from SambucusBush2
 1:35:55.750 [CE][Links] found 0 total links between groups, of 41
 1:35:55.750 [CE][SpawnRandomLoot] (StaticVanPinkies) :: ChildType: Land_jmc_van_pinkies, lootmin: 4, lootmax: 6, wanted: 4
 1:35:55.752 [CE][Links] found 0 total links between groups, of 42
 1:35:55.752 [CE][SpawnRandomLoot] (StaticVanPinkies) :: ChildType: Land_jmc_van_pinkies, lootmin: 4, lootmax: 6, wanted: 4
 1:35:55.755 [CE][Links] found 0 total links between groups, of 43
 1:35:55.755 [CE][SpawnRandomLoot] (StaticVanPinkies) :: ChildType: Land_jmc_van_pinkies, lootmin: 4, lootmax: 6, wanted: 5
 1:35:55.756 [CE][Links] found 2 total links between groups, of 44
 1:35:55.756 [CE][SpawnRandomLoot] (StaticVanPinkies) :: ChildType: Land_jmc_van_pinkies, lootmin: 4, lootmax: 6, wanted: 4
 1:35:56.351 [CE][Links] found 4 total links between groups, of 45
 1:35:56.351 [CE][SpawnRandomLoot] (StaticSkeletonEventspawn) :: ChildType: Land_jmc_skeleton_burned_2, lootmin: 4, lootmax: 6, wanted: 4
 1:36:45.751 !!! [CE][Point] Removing 7162.170410, 11568.125000 from Land_jmc_military_lootcase
 1:37:14.350 !!! [CE][Point] Removing 6271.154785, 9686.807617 from SambucusBush2
 1:38:06.51 !!! [CE][Point] Removing 10201.108398, 5633.939941 from Land_Boat_Small1
 1:38:06.54 !!! [CE][Point] Removing 2315.407715, 12026.255859 from Land_Boat_Small1
 1:38:35.52 !!! [CE][Point] Removing 6269.716797, 9687.397461 from SambucusBush2
 1:38:35.52 !!! [CE][Point] Removing 6296.910645, 9579.506836 from SambucusBush1
 1:38:37.754 [CE][Links] found 4 total links between groups, of 46
 1:38:37.754 [CE][SpawnRandomLoot] (StaticSkeletonEventspawn) :: ChildType: Land_jmc_skeleton_old_4, lootmin: 4, lootmax: 6, wanted: 5
 1:38:56.419 [Disconnect]: Start script disconnect 59324082 (dbCharacterId 18 dbPlayerId 18) logoutTime 15
 1:38:58.384 [Disconnect]: Client 59324082 disconnecting
 1:38:58.384 [Disconnect]: Client 59324082 early disconnect
 1:38:58.384 [Disconnect]: Start script disconnect 59324082 (dbCharacterId 18 dbPlayerId 18) logoutTime 15
 1:39:09.342 [Disconnect]: No packets from 59324082
 1:39:09.342 [Disconnect]: Already in progress 59324082 
 1:39:11.420 [Disconnect]: Finish script disconnect 59324082
 1:39:11.420 [Disconnect]: DisconnectPlayerFinish 59324082
 1:39:11.420 [Disconnect]: Remove player info 59324082
 1:39:11.427 [Disconnect]: Player destroy 59324082 
 1:39:29.454 [CE][Links] found 4 total links between groups, of 47
 1:39:29.454 [CE][SpawnRandomLoot] (StaticPoliceCar) :: ChildType: Land_Wreck_Volha_Police, lootmin: 3, lootmax: 5, wanted: 3
 1:40:31.785 [IdleMode] Entering IN - save processed
 1:53:49.559 [Login]: Adding player Survivor (53809958) to login queue at position 0
 1:53:49.559 [LoginMachine]: Add player Survivor (53809958)
 1:53:49.559 [StateMachine]: Player Survivor (dpnid 53809958 uid ) Entering AuthPlayerLoginState
 1:53:50.746 [StateMachine]: Player Survivor (dpnid 53809958 uid ) Entering WaitAuthPlayerLoginState
 1:53:51.852 [IdleMode] Leaving OUT
 1:53:52.647 Player Survivor connected (id=_ujVqhjdg0ziw2sB8vs6AvprjcIIZBS34EiciVVwuWk=).
 1:53:52.647 Player "Survivor" is connected (steamID=76561198336957895)
 1:53:53.635 [StateMachine]: Player Survivor (dpnid 53809958 uid _ujVqhjdg0ziw2sB8vs6AvprjcIIZBS34EiciVVwuWk=) Entering DBGetLoginTimeLoginState
 1:53:53.638 [StateMachine]: Player Survivor (dpnid 53809958 uid _ujVqhjdg0ziw2sB8vs6AvprjcIIZBS34EiciVVwuWk=) Entering DBWaitLoginTimeLoginState
 1:54:08.639 [StateMachine]: Player Survivor (dpnid 53809958 uid _ujVqhjdg0ziw2sB8vs6AvprjcIIZBS34EiciVVwuWk=) Entering DBGetCharacterLoginState
 1:54:08.640 [StateMachine]: Player Survivor (dpnid 53809958 uid _ujVqhjdg0ziw2sB8vs6AvprjcIIZBS34EiciVVwuWk=) Entering CreateNetObjectsLoginState
 1:54:08.641 [StateMachine]: Player Survivor (dpnid 53809958 uid _ujVqhjdg0ziw2sB8vs6AvprjcIIZBS34EiciVVwuWk=) Entering PreloadCamLoginState
 1:54:08.642 [StateMachine]: Player Survivor (dpnid 53809958 uid _ujVqhjdg0ziw2sB8vs6AvprjcIIZBS34EiciVVwuWk=) Entering WaitPreloadCamLoginState
 1:54:14.753 !!! [CE][Point] Removing 11566.004883, 3787.768555 from Land_Boat_Small2
 1:54:45.252 [CE][Links] found 4 total links between groups, of 48
 1:54:45.252 [CE][SpawnRandomLoot] (StaticVanAmbulance) :: ChildType: Land_jmc_van_ambulance, lootmin: 4, lootmax: 6, wanted: 5
 1:54:53.601 [StateMachine]: Player Survivor (dpnid 53809958 uid _ujVqhjdg0ziw2sB8vs6AvprjcIIZBS34EiciVVwuWk=) Entering GetNewCharLoginState
 1:54:53.621 <CREATE NEW CHAR>:
    charID 19
    playerID 19
    dpnid 53809958
    uid _ujVqhjdg0ziw2sB8vs6AvprjcIIZBS34EiciVVwuWk=
 1:55:37.252 [CE][Links] found 4 total links between groups, of 49
 1:55:37.252 [CE][SpawnRandomLoot] (StaticPoliceCar) :: ChildType: Land_Wreck_Volha_Police, lootmin: 3, lootmax: 5, wanted: 3
 1:55:37.254 [CE][Links] found 4 total links between groups, of 50
 1:55:37.254 [CE][SpawnRandomLoot] (StaticPoliceCar) :: ChildType: Land_Wreck_Volha_Police, lootmin: 3, lootmax: 5, wanted: 3
 1:56:01.453 !!! [CE][Point] Removing 7174.360840, 11677.833984 from Land_BusStation_wall_bench
 1:56:21.343 [Disconnect]: No packets from 53809958
 1:56:21.343 [Disconnect]: Start script disconnect 53809958 (dbCharacterId 19 dbPlayerId 19) logoutTime 15
 1:56:21.982 Player Survivor (53809958) kicked from server: 198 (Ticket has been canceled.)
 1:56:21.984 [Disconnect]: Client 53809958 early disconnect
 1:56:21.984 [Disconnect]: Start script disconnect 53809958 (dbCharacterId 19 dbPlayerId 19) logoutTime 15
 1:56:22.342 [Disconnect]: Remove player info 53809958
 1:56:22.343 [Disconnect]: Player destroy 53809958 
 1:56:36.342 [Disconnect]: Finish script disconnect -1
 1:56:55.960 !!! [CE][Point] Removing 7176.464355, 11583.501953 from Land_jmc_militarycase_o_09
 1:57:22.855 !!! [CE][Point] Removing 7178.484375, 11591.041016 from Land_jmc_skeleton_old_4
 1:57:33.385 [IdleMode] Entering IN - save processed
 5:57:59.825 [LOCK] Server was locked.
=======================================================
-------------------------------------------------------
Time:  6:00:02
Exception code: C0000005 ACCESS_VIOLATION at 8BD6074B
Version 1.12.153904
Fault address:  8BD6074B 00:8BD6074B Unknown module
file:     Expansion
world:    deerisle
Prev. code bytes: CB E8 7F 26 00 00 48 8B 4B 08 48 8B D3 48 8B 01
Fault code bytes: FF 90 C8 01 00 00 48 8B 4B 50 48 83 F9 FF 74 0E
=======================================================
note: Minidump has been generated into the file myprofile\DayZServer_x64_2021-05-11_00-00-14_2021-05-11_06-00-02.mdmp
