

=====================================================================
== C:\Program Files (x86)\Steam\steamapps\common\DayZServer\DayZServer_x64.exe
== DayZServer_x64.exe  -cpuCount=4 -mod=@DeerIsle;@CF;@Community-Online-Tools; -config=serverDZ.cfg -port=2302 -noFilePatching -profiles=myprofile -scrAllowFileWrite -adminlog
=====================================================================
Exe timestamp: 2021/04/21 17:17:53
Current time:  2021/04/21 17:51:58

Version 1.12.153862
17:51:58.158 [Inputs] Loading inputs default "bin/constants.xml"
17:51:58.160 [Inputs] Loading inputs default "bin/specific.xml"
17:51:58.160 [Inputs] Loading inputs default "LBmaster_UndergroundLighting/inputsLBmaster.xml"
17:51:58.161 [Inputs] Loading inputs default "JM/COT/Scripts/Data/Inputs.xml"
17:51:58.161 !!! [Inputs] Cannot Register "UAObjectModuleDeleteOnCursor" non-existent input - Fix Preset!
17:51:58.161 [Inputs] Loading inputs cfg "myprofile\Users\Survivor\Server.core.xml"
17:51:58.161 !!! [Inputs] Cannot read inputs cfg "myprofile\Users\Survivor\Server.core.xml", parser error
17:51:58.161 [Inputs] Loading inputs cfg "bin/core.xml"
17:51:58.162 !!! [Inputs] Cannot load input preset "user", file does not exist
17:51:58.163 [Inputs] Exporting inputs cfg "myprofile\Users\Survivor\Server.core.xml"
17:52:07.673 [CE][Hive] :: Initializing OFFLINE
17:52:07.674 [CE][Hive] :: Loading core data ... 
17:52:07.674 [CE][CoreData] :: 7 root classes, 18 defaults, 0 updaters...
17:52:09.364 [CE] :: WARNING :: Preset map "optics" is EMPTY.
17:52:09.365 [CE][TypeSetup] :: 430 classes setuped...
17:52:09.428 [CE][RegisterBind] :: 0 classes binded...
17:52:09.428 [CE][RegisterConfig] :: 3172 config classes registered, 1 sub-counters...
17:52:09.428 [CE][Hive] :: Loading map data ... 
17:52:09.461 [CE][LoadPrototype] :: loaded 345 prototypes
17:52:09.461   665 containers, 8761 points
17:52:09.461   0 dispatches, 0 proxies
17:52:09.461 !!! [CE][LoadPrototype] 7 groups have no points...
17:52:09.461 [CE][LoadPrototype] :: last group name: Land_Garage_Tall...
17:52:09.464 [CE][LoadPrototype] :: loaded 0 prototypes
17:52:09.464   0 containers, 0 points
17:52:09.464   0 dispatches, 0 proxies
17:52:09.464 [CE][LoadPrototype] :: last group name: Rail9...
17:52:09.929 [CE][LoadMap] "Group" :: loaded 7506 groups, largest group range: 34.0
17:52:09.931 [CE][LoadMap] "Dirt" :: loaded 0 groups, largest group range: 34.0
17:52:10.35 [CE][Links] found 2124 total links between groups, of 7506
17:52:10.35 [CE][LoadClusters] "Cluster" :: Loading files...
17:52:10.200 [CE][LoadClusters] :: file: "mapgroupcluster.xml", 9 types, 50000 instances
17:52:10.364 [CE][LoadClusters] :: file: "mapgroupcluster01", 9 types, 50000 instances
17:52:10.364   5940 failed - check Matrix "default" grid size !!!
17:52:10.530 [CE][LoadClusters] :: file: "mapgroupcluster02", 9 types, 50000 instances
17:52:10.530   12307 failed - check Matrix "default" grid size !!!
17:52:10.590 [CE][LoadClusters] :: file: "mapgroupcluster03", 9 types, 15277 instances
17:52:10.590   1372 failed - check Matrix "default" grid size !!!
17:52:10.594 [CE][Storage] ver:21 stamp:50, valid:yes, name:"mpmissions\Expansion.deerisle\storage_1\data\types.bin"
17:52:10.594 [CE][Storage] ver:0 stamp:0, valid:NO, name:"mpmissions\Expansion.deerisle\storage_1\data\types.001"
17:52:10.594 [CE][Storage] ver:0 stamp:0, valid:NO, name:"mpmissions\Expansion.deerisle\storage_1\data\types.002"
17:52:10.594 [CE][Storage] Restoring file "mpmissions\Expansion.deerisle\storage_1\data\types.bin".
17:52:10.606 !!! File "DZ\worlds\chernarusplus\ce\db/messages.xml" does not exist...
17:52:10.606 !!! [CE][offlineDB] :: Failed to read messages file 'db/messages.xml'.
17:52:10.606 !!! [CE][offlineDB] :: No Shutdown message present.
17:52:10.608 [CE][offlineDB] :: Loaded 41 dynamic events 246 total types 0 total positions.
17:52:10.627 [CE][Storage] ver:21 stamp:50, valid:yes, name:"mpmissions\Expansion.deerisle\storage_1\data\events.bin"
17:52:10.627 [CE][Storage] ver:0 stamp:0, valid:NO, name:"mpmissions\Expansion.deerisle\storage_1\data\events.001"
17:52:10.627 [CE][Storage] ver:0 stamp:0, valid:NO, name:"mpmissions\Expansion.deerisle\storage_1\data\events.002"
17:52:10.627 [CE][Storage] Restoring file "mpmissions\Expansion.deerisle\storage_1\data\events.bin".
17:52:10.627 [CE][DynamicEvent] Load  Events:[41] Primary spawners: 41 Secondary spawners: 1
17:52:10.628 [CE][Storage] ver:25 stamp:50, valid:yes, name:"mpmissions\Expansion.deerisle\storage_1\data\dynamic_000.bin"
17:52:10.628 [CE][Storage] ver:0 stamp:0, valid:NO, name:"mpmissions\Expansion.deerisle\storage_1\data\dynamic_000.001"
17:52:10.628 [CE][Storage] ver:0 stamp:0, valid:NO, name:"mpmissions\Expansion.deerisle\storage_1\data\dynamic_000.002"
17:52:10.629 [CE][Storage] Restoring file "mpmissions\Expansion.deerisle\storage_1\data\dynamic_000.bin" 395 items.
17:52:10.754   395 items loaded.
17:52:10.755 [CE][Storage] ver:25 stamp:50, valid:yes, name:"mpmissions\Expansion.deerisle\storage_1\data\dynamic_001.bin"
17:52:10.755 [CE][Storage] ver:0 stamp:0, valid:NO, name:"mpmissions\Expansion.deerisle\storage_1\data\dynamic_001.001"
17:52:10.755 [CE][Storage] ver:0 stamp:0, valid:NO, name:"mpmissions\Expansion.deerisle\storage_1\data\dynamic_001.002"
17:52:10.755 [CE][Storage] Restoring file "mpmissions\Expansion.deerisle\storage_1\data\dynamic_001.bin" 1305 items.
17:52:11.125   1305 items loaded.
17:52:11.126 [CE][Storage] ver:25 stamp:50, valid:yes, name:"mpmissions\Expansion.deerisle\storage_1\data\dynamic_002.bin"
17:52:11.126 [CE][Storage] ver:0 stamp:0, valid:NO, name:"mpmissions\Expansion.deerisle\storage_1\data\dynamic_002.001"
17:52:11.126 [CE][Storage] ver:0 stamp:0, valid:NO, name:"mpmissions\Expansion.deerisle\storage_1\data\dynamic_002.002"
17:52:11.127 [CE][Storage] Restoring file "mpmissions\Expansion.deerisle\storage_1\data\dynamic_002.bin" 2735 items.
17:52:11.673   2735 items loaded.
17:52:11.674 [CE][Storage] ver:25 stamp:50, valid:yes, name:"mpmissions\Expansion.deerisle\storage_1\data\dynamic_003.bin"
17:52:11.674 [CE][Storage] ver:0 stamp:0, valid:NO, name:"mpmissions\Expansion.deerisle\storage_1\data\dynamic_003.001"
17:52:11.674 [CE][Storage] ver:0 stamp:0, valid:NO, name:"mpmissions\Expansion.deerisle\storage_1\data\dynamic_003.002"
17:52:11.674 [CE][Storage] Restoring file "mpmissions\Expansion.deerisle\storage_1\data\dynamic_003.bin" 3636 items.
17:52:12.271   3636 items loaded.
17:52:12.272 [CE][Storage] ver:25 stamp:50, valid:yes, name:"mpmissions\Expansion.deerisle\storage_1\data\dynamic_004.bin"
17:52:12.272 [CE][Storage] ver:0 stamp:0, valid:NO, name:"mpmissions\Expansion.deerisle\storage_1\data\dynamic_004.001"
17:52:12.273 [CE][Storage] ver:0 stamp:0, valid:NO, name:"mpmissions\Expansion.deerisle\storage_1\data\dynamic_004.002"
17:52:12.273 [CE][Storage] Restoring file "mpmissions\Expansion.deerisle\storage_1\data\dynamic_004.bin" 5498 items.
17:52:13.184   5498 items loaded.
17:52:13.185 [CE][Storage] ver:25 stamp:50, valid:yes, name:"mpmissions\Expansion.deerisle\storage_1\data\dynamic_005.bin"
17:52:13.185 [CE][Storage] ver:0 stamp:0, valid:NO, name:"mpmissions\Expansion.deerisle\storage_1\data\dynamic_005.001"
17:52:13.185 [CE][Storage] ver:0 stamp:0, valid:NO, name:"mpmissions\Expansion.deerisle\storage_1\data\dynamic_005.002"
17:52:13.185 [CE][Storage] Restoring file "mpmissions\Expansion.deerisle\storage_1\data\dynamic_005.bin" 4630 items.
17:52:14.63   4630 items loaded.
17:52:14.64 [CE][Storage] ver:25 stamp:50, valid:yes, name:"mpmissions\Expansion.deerisle\storage_1\data\dynamic_006.bin"
17:52:14.64 [CE][Storage] ver:0 stamp:0, valid:NO, name:"mpmissions\Expansion.deerisle\storage_1\data\dynamic_006.001"
17:52:14.64 [CE][Storage] ver:0 stamp:0, valid:NO, name:"mpmissions\Expansion.deerisle\storage_1\data\dynamic_006.002"
17:52:14.64 [CE][Storage] Restoring file "mpmissions\Expansion.deerisle\storage_1\data\dynamic_006.bin" 3287 items.
17:52:14.635   3287 items loaded.
17:52:14.636 [CE][Storage] ver:25 stamp:50, valid:yes, name:"mpmissions\Expansion.deerisle\storage_1\data\dynamic_007.bin"
17:52:14.636 [CE][Storage] ver:0 stamp:0, valid:NO, name:"mpmissions\Expansion.deerisle\storage_1\data\dynamic_007.001"
17:52:14.637 [CE][Storage] ver:0 stamp:0, valid:NO, name:"mpmissions\Expansion.deerisle\storage_1\data\dynamic_007.002"
17:52:14.637 [CE][Storage] Restoring file "mpmissions\Expansion.deerisle\storage_1\data\dynamic_007.bin" 2474 items.
17:52:15.89   2474 items loaded.
17:52:15.90 [CE][Storage] ver:25 stamp:50, valid:yes, name:"mpmissions\Expansion.deerisle\storage_1\data\dynamic_008.bin"
17:52:15.90 [CE][Storage] ver:0 stamp:0, valid:NO, name:"mpmissions\Expansion.deerisle\storage_1\data\dynamic_008.001"
17:52:15.90 [CE][Storage] ver:0 stamp:0, valid:NO, name:"mpmissions\Expansion.deerisle\storage_1\data\dynamic_008.002"
17:52:15.90 [CE][Storage] Restoring file "mpmissions\Expansion.deerisle\storage_1\data\dynamic_008.bin" 1223 items.
17:52:15.340   1223 items loaded.
17:52:15.341 [CE][Storage] ver:25 stamp:50, valid:yes, name:"mpmissions\Expansion.deerisle\storage_1\data\dynamic_009.bin"
17:52:15.341 [CE][Storage] ver:0 stamp:0, valid:NO, name:"mpmissions\Expansion.deerisle\storage_1\data\dynamic_009.001"
17:52:15.341 [CE][Storage] ver:0 stamp:0, valid:NO, name:"mpmissions\Expansion.deerisle\storage_1\data\dynamic_009.002"
17:52:15.341 [CE][Storage] Restoring file "mpmissions\Expansion.deerisle\storage_1\data\dynamic_009.bin" 622 items.
17:52:15.463   622 items loaded.
17:52:15.464 [CE][Storage] ver:25 stamp:50, valid:yes, name:"mpmissions\Expansion.deerisle\storage_1\data\dynamic_010.bin"
17:52:15.464 [CE][Storage] ver:0 stamp:0, valid:NO, name:"mpmissions\Expansion.deerisle\storage_1\data\dynamic_010.001"
17:52:15.464 [CE][Storage] ver:0 stamp:0, valid:NO, name:"mpmissions\Expansion.deerisle\storage_1\data\dynamic_010.002"
17:52:15.464 [CE][Storage] Restoring file "mpmissions\Expansion.deerisle\storage_1\data\dynamic_010.bin" 812 items.
17:52:15.629   812 items loaded.
17:52:15.629 [CE][Storage] ver:25 stamp:50, valid:yes, name:"mpmissions\Expansion.deerisle\storage_1\data\dynamic_011.bin"
17:52:15.629 [CE][Storage] ver:0 stamp:0, valid:NO, name:"mpmissions\Expansion.deerisle\storage_1\data\dynamic_011.001"
17:52:15.629 [CE][Storage] ver:0 stamp:0, valid:NO, name:"mpmissions\Expansion.deerisle\storage_1\data\dynamic_011.002"
17:52:15.629 [CE][Storage] Restoring file "mpmissions\Expansion.deerisle\storage_1\data\dynamic_011.bin" 0 items.
17:52:15.629   0 items loaded.
17:52:15.630 [CE][Storage] ver:26 stamp:50, valid:yes, name:"mpmissions\Expansion.deerisle\storage_1\data\building.bin"
17:52:15.630 [CE][Storage] ver:0 stamp:0, valid:NO, name:"mpmissions\Expansion.deerisle\storage_1\data\building.001"
17:52:15.630 [CE][Storage] ver:0 stamp:0, valid:NO, name:"mpmissions\Expansion.deerisle\storage_1\data\building.002"
17:52:15.630 [CE][Storage] Restoring file "mpmissions\Expansion.deerisle\storage_1\data\building.bin" 0 items.
17:52:15.630   0 items loaded.
17:52:15.630 [CE][Storage] ver:25 stamp:50, valid:yes, name:"mpmissions\Expansion.deerisle\storage_1\data\vehicles.bin"
17:52:15.631 [CE][Storage] ver:0 stamp:0, valid:NO, name:"mpmissions\Expansion.deerisle\storage_1\data\vehicles.001"
17:52:15.631 [CE][Storage] ver:0 stamp:0, valid:NO, name:"mpmissions\Expansion.deerisle\storage_1\data\vehicles.002"
17:52:15.631 [CE][Storage] Restoring file "mpmissions\Expansion.deerisle\storage_1\data\vehicles.bin" 155 items.
17:52:16.196   155 items loaded.
17:52:16.311 [CE][Hive] :: Storage load took:5.69 seconds, recovery stamp:50
17:52:16.311   entity: 28595, building: 0
17:52:16.311   no lifetime: 20
17:52:16.311   pathgraph's: 814
17:52:16.311 [CE][Hive] :: Initializing ... 
17:52:16.358 [CE][InitializeMap] :: initialized: 0
17:52:16.358 [CE][Hive] :: Initializing spawners ... 
17:52:17.288 [CE][LootRespawner] (PRIDummy) :: Initially (re)spawned:0, Nominal:27352, Total in Map: 26766 at 0 (sec)
17:52:17.288   tests:0, repeats:0 fails:0, overtime:0
17:52:17.288 [CE][DynEvent] :: 41 types
17:52:17.288 [00] AmbientHen
17:52:17.288   Primary Spawner: "Ambient", active: yes, repeat: 1
17:52:17.288 [01] AnimalBear
17:52:17.288   Primary Spawner: "Animal", active: yes, repeat: 1
17:52:17.288 [02] AnimalCow
17:52:17.288   Primary Spawner: "Animal", active: yes, repeat: 1
17:52:17.288 [03] AnimalDeer
17:52:17.288   Primary Spawner: "Animal", active: yes, repeat: 1
17:52:17.288 [04] AnimalGoat
17:52:17.288   Primary Spawner: "Animal", active: yes, repeat: 1
17:52:17.288 [05] AnimalPig
17:52:17.288   Primary Spawner: "Animal", active: yes, repeat: 1
17:52:17.288 [06] AnimalRoeDeer
17:52:17.288   Primary Spawner: "Animal", active: yes, repeat: 1
17:52:17.288 [07] AnimalSheep
17:52:17.288   Primary Spawner: "Animal", active: yes, repeat: 1
17:52:17.288 [08] AnimalWildBoar
17:52:17.288   Primary Spawner: "Animal", active: yes, repeat: 1
17:52:17.288 [09] AnimalWolf
17:52:17.288   Primary Spawner: "Animal", active: yes, repeat: 1
17:52:17.288 [10] InfectedArmy
17:52:17.288   Primary Spawner: "Infected", active: yes, repeat: 1
17:52:17.288 [11] InfectedCity
17:52:17.288   Primary Spawner: "Infected", active: yes, repeat: 1
17:52:17.288 [12] InfectedFirefighter
17:52:17.288   Primary Spawner: "Infected", active: yes, repeat: 1
17:52:17.288 [13] InfectedIndustrial
17:52:17.288   Primary Spawner: "Infected", active: yes, repeat: 1
17:52:17.288 [14] InfectedMedic
17:52:17.288   Primary Spawner: "Infected", active: yes, repeat: 1
17:52:17.288 [15] InfectedPolice
17:52:17.288   Primary Spawner: "Infected", active: yes, repeat: 1
17:52:17.288 [16] InfectedPrisoner
17:52:17.288   Primary Spawner: "Infected", active: yes, repeat: 1
17:52:17.288 [17] InfectedReligious
17:52:17.288   Primary Spawner: "Infected", active: yes, repeat: 1
17:52:17.289 [18] InfectedSolitude
17:52:17.289   Primary Spawner: "Infected", active: yes, repeat: 1
17:52:17.289 [19] InfectedVillage
17:52:17.289   Primary Spawner: "Infected", active: yes, repeat: 1
17:52:17.289 [20] ItemPlanks
17:52:17.289   Primary Spawner: "Item", active: yes, repeat: 1
17:52:17.289 [21] Loot
17:52:17.289   Primary Spawner: "Loot", active: yes, repeat: 2
17:52:17.289 [22] StaticHeliCrash
17:52:17.289   Primary Spawner: "Vehicle", active: yes, repeat: 1
17:52:17.289   Secondary Spawner: "Infected", active: yes, repeat: 1
17:52:17.289 [23] StaticPoliceCar
17:52:17.289   Primary Spawner: "Vehicle", active: yes, repeat: 1
17:52:17.289 [24] TrajectoryApple
17:52:17.289   Primary Spawner: "Trajectory", active: yes, repeat: 1
17:52:17.289 [25] TrajectoryCanina
17:52:17.289   Primary Spawner: "Trajectory", active: yes, repeat: 1
17:52:17.289 [26] TrajectoryConiferous
17:52:17.289   Primary Spawner: "Trajectory", active: yes, repeat: 1
17:52:17.289 [27] TrajectoryDeciduous
17:52:17.289   Primary Spawner: "Trajectory", active: yes, repeat: 1
17:52:17.289 [28] TrajectoryHumus
17:52:17.289   Primary Spawner: "Trajectory", active: yes, repeat: 1
17:52:17.289 [29] TrajectoryPear
17:52:17.289   Primary Spawner: "Trajectory", active: yes, repeat: 1
17:52:17.289 [30] TrajectoryPlum
17:52:17.289   Primary Spawner: "Trajectory", active: yes, repeat: 1
17:52:17.289 [31] TrajectorySambucus
17:52:17.289   Primary Spawner: "Trajectory", active: yes, repeat: 1
17:52:17.289 [32] TrajectoryStones
17:52:17.289   Primary Spawner: "Trajectory", active: yes, repeat: 1
17:52:17.289 [33] VehicleCivilianSedan
17:52:17.289   Primary Spawner: "Vehicle", active: yes, repeat: 1
17:52:17.289 [34] VehicleHatchback02
17:52:17.289   Primary Spawner: "Vehicle", active: yes, repeat: 1
17:52:17.289 [35] VehicleOffroadHatchback
17:52:17.289   Primary Spawner: "Vehicle", active: yes, repeat: 1
17:52:17.289 [36] VehicleSedan02
17:52:17.289   Primary Spawner: "Vehicle", active: yes, repeat: 1
17:52:17.289 [37] VehicleTruck01
17:52:17.289   Primary Spawner: "Vehicle", active: yes, repeat: 1
17:52:17.289 [38] StaticVanPinkies
17:52:17.289   Primary Spawner: "Vehicle", active: yes, repeat: 1
17:52:17.289 [39] StaticVanAmbulance
17:52:17.289   Primary Spawner: "Vehicle", active: yes, repeat: 1
17:52:17.289 [40] StaticSkeletonEventspawn
17:52:17.289   Primary Spawner: "Vehicle", active: yes, repeat: 1
17:52:17.289 [CE][Hive] :: Initializing of spawners done.
17:52:17.296 [CE][Hive] :: Init sequence finished.
17:52:17.296 Player connect enabled
17:52:17.906 [IdleMode] Entering IN - save processed
17:52:28.432 [Login]: Adding player BnYrB (11234556) to login queue at position 0
17:52:28.432 [LoginMachine]: Add player BnYrB (11234556)
17:52:28.432 [StateMachine]: Player BnYrB (dpnid 11234556 uid ) Entering AuthPlayerLoginState
17:52:29.218 [StateMachine]: Player BnYrB (dpnid 11234556 uid ) Entering WaitAuthPlayerLoginState
17:52:29.413 [IdleMode] Leaving OUT
17:52:30.525 Player BnYrB connected (id=mBNlxASsPlOcry0dpDl8K-WgHNR5WMCMmoJ9NhpU4FY=).
17:52:30.525 Player "BnYrB" is connected (steamID=76561198036774377)
17:52:30.687 [StateMachine]: Player BnYrB (dpnid 11234556 uid mBNlxASsPlOcry0dpDl8K-WgHNR5WMCMmoJ9NhpU4FY=) Entering DBGetLoginTimeLoginState
17:52:30.692 [StateMachine]: Player BnYrB (dpnid 11234556 uid mBNlxASsPlOcry0dpDl8K-WgHNR5WMCMmoJ9NhpU4FY=) Entering DBWaitLoginTimeLoginState
17:52:45.692 [StateMachine]: Player BnYrB (dpnid 11234556 uid mBNlxASsPlOcry0dpDl8K-WgHNR5WMCMmoJ9NhpU4FY=) Entering DBGetCharacterLoginState
17:52:45.694 [StateMachine]: Player BnYrB (dpnid 11234556 uid mBNlxASsPlOcry0dpDl8K-WgHNR5WMCMmoJ9NhpU4FY=) Entering CreateNetObjectsLoginState
17:52:45.699 [StateMachine]: Player BnYrB (dpnid 11234556 uid mBNlxASsPlOcry0dpDl8K-WgHNR5WMCMmoJ9NhpU4FY=) Entering PreloadCamLoginState
17:52:45.699 [StateMachine]: Player BnYrB (dpnid 11234556 uid mBNlxASsPlOcry0dpDl8K-WgHNR5WMCMmoJ9NhpU4FY=) Entering WaitPreloadCamLoginState
17:52:51.437 !!! [CE][Point] Removing 7194.047363, 11553.902344 from Land_jmc_militarycase_o_12
17:52:51.441 !!! [CE][Point] Removing 7187.833008, 11672.678711 from Land_jmc_militarycase_o_12
17:52:51.443 !!! [CE][Point] Removing 7191.911621, 11568.193359 from Land_jmc_militarycase_o_11
17:52:51.443 !!! [CE][Point] Removing 7185.677246, 11568.532227 from Land_jmc_militarycase_o_08
17:52:51.443 !!! [CE][Point] Removing 7187.856445, 11591.089844 from Land_jmc_skeleton_old_5
17:52:51.445 !!! [CE][Point] Removing 7155.677734, 11593.546875 from Land_jmc_skeleton_burned_3
17:52:51.445 !!! [CE][Point] Removing 7192.217773, 11562.439453 from Land_jmc_militarycase_c_06
17:52:51.445 !!! [CE][Point] Removing 7191.696777, 11590.946289 from Land_jmc_militarycase_o_08
17:52:51.537 [CE][LootRespawner] (PRIDummy) :: Item [0] causing search overtime: "CharcoalTablets"
17:52:51.637 [CE][LootRespawner] (PRIDummy) :: Item [1] causing search overtime: "ZucchiniSeedsPack"
17:52:51.737 [CE][LootRespawner] (PRIDummy) :: Item [2] causing search overtime: "TomatoSeedsPack"
17:52:51.838 !!! [CE][Point] Removing 7188.852539, 11591.756836 from Land_jmc_military_lootcase
17:52:51.838 !!! [CE][Point] Removing 7177.583984, 11600.750000 from Land_jmc_militarycase_c_05
17:52:51.838 !!! [CE][Point] Removing 7162.505371, 11596.031250 from Land_jmc_skeleton_old_5
17:52:51.838 !!! [CE][Point] Removing 7162.840820, 11588.692383 from Land_jmc_skeleton_old_2
17:52:51.839 !!! [CE][Point] Removing 7184.183594, 11600.432617 from Land_jmc_military_lootcase
17:52:51.839 !!! [CE][Point] Removing 7160.083496, 11595.036133 from Land_jmc_skeleton_gnawed_3
17:52:51.840 !!! [CE][Point] Removing 7187.587891, 11608.579102 from Land_jmc_skeleton_old_4
17:52:51.840 !!! [CE][Point] Removing 7173.125977, 11590.496094 from Land_jmc_skeleton_old_1
17:52:51.840 !!! [CE][Point] Removing 7168.558105, 11610.201172 from Land_jmc_skeleton_old_3
17:52:51.840 !!! [CE][Point] Removing 7156.332520, 11611.076172 from Land_jmc_skeleton_old_5
17:52:51.936 [CE][LootRespawner] (PRIDummy) :: Item [3] causing search overtime: "DisinfectantSpray"
17:52:52.36 !!! [CE][Point] Removing 7171.429688, 11648.979492 from Land_jmc_militarycase_o_08
17:52:52.37 !!! [CE][Point] Removing 7150.776855, 11594.269531 from Land_jmc_skeleton_old_2
17:52:52.38 !!! [CE][Point] Removing 7154.836426, 11645.380859 from Land_jmc_skeleton_old_2
17:52:52.39 !!! [CE][Point] Removing 7267.477051, 11615.902344 from Land_jmc_militarycase_o_09
17:52:52.40 !!! [CE][Point] Removing 7189.479492, 11610.973633 from Land_jmc_skeleton_old_2
17:52:52.40 !!! [CE][Point] Removing 7150.781738, 11607.736328 from Land_jmc_skeleton_gnawed_5
17:52:52.40 !!! [CE][Point] Removing 7158.358398, 11608.314453 from Land_jmc_militarycase_c_08
17:52:52.40 !!! [CE][Point] Removing 7174.813965, 11590.480469 from Land_jmc_skeleton_old_2
17:52:52.40 !!! [CE][Point] Removing 7151.122559, 11563.342773 from Land_jmc_militarycase_c_12
17:52:52.41 !!! [CE][Point] Removing 7153.952637, 11593.016602 from Land_jmc_skeleton_burned_5
17:52:52.136 [CE][LootRespawner] (PRIDummy) :: Item [4] causing search overtime: "AmmoBox_762x54Tracer_20Rnd"
17:52:52.237 !!! [CE][Point] Removing 7158.622559, 11587.934570 from Land_jmc_militarycase_o_08
17:52:52.237 !!! [CE][Point] Removing 7167.343262, 11610.615234 from Land_jmc_skeleton_old_4
17:52:52.238 !!! [CE][Point] Removing 7175.418945, 11607.706055 from Land_jmc_militarycase_o_09
17:52:52.239 !!! [CE][Point] Removing 7158.744141, 11560.833008 from Land_jmc_militarycase_o_09
17:52:52.239 !!! [CE][Point] Removing 7183.322754, 11593.872070 from Land_jmc_militarycase_c_03
17:52:52.239 !!! [CE][Point] Removing 7188.186035, 11568.453125 from Land_jmc_militarycase_o_09
17:52:52.240 !!! [CE][Point] Removing 7183.651367, 11590.829102 from Land_jmc_militarycase_c_09
17:52:52.240 !!! [CE][Point] Removing 7173.330078, 11606.138672 from Land_jmc_militarycase_c_06
17:52:52.240 !!! [CE][Point] Removing 7167.465332, 11610.559570 from Land_jmc_skeleton_old_3
17:52:52.340 [CE][LootRespawner] (PRIDummy) :: Item [5] causing search overtime: "TacticalBaconCan"
17:52:52.439 [CE][LootRespawner] (PRIDummy) :: Item [6] causing search overtime: "BloodTestKit"
17:52:52.539 [CE][LootRespawner] (PRIDummy) :: Item [7] causing search overtime: "TacticalGloves_Green"
17:52:52.640 !!! [CE][Point] Removing 7162.840820, 11588.692383 from Land_jmc_skeleton_old_2
17:52:52.640 !!! [CE][Point] Removing 7162.505371, 11596.031250 from Land_jmc_skeleton_old_5
17:52:52.641 !!! [CE][Point] Removing 7188.849609, 11592.056641 from Land_jmc_military_lootcase
17:52:52.641 !!! [CE][Point] Removing 7160.065918, 11656.517578 from Land_jmc_militarycase_c_06
17:52:52.642 !!! [CE][Point] Removing 7174.390625, 11606.895508 from Land_jmc_militarycase_o_12
17:52:52.642 !!! [CE][Point] Removing 7168.684082, 11588.574219 from Land_jmc_military_lootcase
17:52:52.642 !!! [CE][Point] Removing 7160.758789, 11678.957031 from Land_jmc_militarycase_o_11
17:52:52.642 !!! [CE][Point] Removing 7162.553223, 11655.167969 from Land_jmc_militarycase_c_12
17:52:52.642 !!! [CE][Point] Removing 7197.381836, 11554.292969 from Land_jmc_militarycase_o_09
17:52:52.643 !!! [CE][Point] Removing 7179.178711, 11631.274414 from Land_jmc_militarycase_o_11
17:52:52.741 !!! [CE][Point] Removing 7182.104980, 11593.771484 from Land_jmc_militarycase_c_10
17:52:52.741 !!! [CE][Point] Removing 7156.410156, 11568.631836 from Land_jmc_militarycase_o_06
17:52:52.742 !!! [CE][Point] Removing 7192.060547, 11558.913086 from Land_jmc_militarycase_o_06
17:52:52.742 !!! [CE][Point] Removing 7151.648926, 11598.234375 from Land_jmc_skeleton_old_5
17:52:52.742 !!! [CE][Point] Removing 7151.377441, 11610.114258 from Land_jmc_militarycase_o_08
17:52:52.743 !!! [CE][Point] Removing 7161.046875, 11602.727539 from Land_jmc_militarycase_o_05
17:52:52.743 !!! [CE][Point] Removing 7189.933594, 11607.513672 from Land_jmc_militarycase_c_09
17:52:52.744 !!! [CE][Point] Removing 7189.465820, 11673.093750 from Land_jmc_militarycase_o_09
17:52:52.745 !!! [CE][Point] Removing 7150.776855, 11594.269531 from Land_jmc_skeleton_old_2
17:52:52.745 !!! [CE][Point] Removing 7154.836426, 11645.380859 from Land_jmc_skeleton_old_2
17:52:52.840 !!! [CE][Point] Removing 7154.836426, 11645.380859 from Land_jmc_skeleton_old_2
17:52:52.840 !!! [CE][Point] Removing 7150.776855, 11594.269531 from Land_jmc_skeleton_old_2
17:52:52.841 !!! [CE][Point] Removing 7151.648926, 11598.234375 from Land_jmc_skeleton_old_5
17:52:52.842 !!! [CE][Point] Removing 7187.856445, 11591.089844 from Land_jmc_skeleton_old_5
17:52:52.842 !!! [CE][Point] Removing 7155.677734, 11593.546875 from Land_jmc_skeleton_burned_3
17:52:52.842 !!! [CE][Point] Removing 7103.649902, 11618.441406 from Land_jmc_militarycase_c_07
17:52:52.842 !!! [CE][Point] Removing 7159.738770, 11611.652344 from Land_jmc_skeleton_old_4
17:52:52.842 !!! [CE][Point] Removing 7189.349609, 11590.062500 from Land_jmc_skeleton_old_3
17:52:52.843 !!! [CE][Point] Removing 7152.880371, 11568.689453 from Land_jmc_militarycase_c_06
17:52:52.943 !!! [CE][Point] Removing 7159.614746, 11589.578125 from Land_jmc_militarycase_c_03
17:52:52.946 !!! [CE][Point] Removing 7187.242676, 11607.349609 from Land_jmc_militarycase_o_07
17:52:52.948 !!! [CE][Point] Removing 7185.324707, 11561.282227 from Land_jmc_militarycase_c_12
17:52:52.949 !!! [CE][Point] Removing 7173.956055, 11646.958008 from Land_jmc_militarycase_o_08
17:52:52.951 !!! [CE][Point] Removing 7162.398438, 11656.876953 from Land_jmc_militarycase_o_05
17:52:52.953 !!! [CE][Point] Removing 7193.215820, 11596.230469 from Land_jmc_militarycase_c_03
17:52:52.954 !!! [CE][Point] Removing 7187.367188, 11598.480469 from Land_jmc_militarycase_o_07
17:52:52.955 !!! [CE][Point] Removing 7177.393555, 11602.084961 from Land_jmc_militarycase_c_10
17:52:52.957 !!! [CE][Point] Removing 7171.703125, 11606.465820 from Land_jmc_militarycase_c_03
17:52:52.958 !!! [CE][Point] Removing 7161.796387, 11601.875977 from Land_jmc_militarycase_c_01
17:52:53.39 [CE][LootRespawner] (PRIDummy) :: Item [8] causing search overtime: "SVD"
17:52:53.140 !!! [CE][Point] Removing 7160.167969, 11636.795898 from Land_jmc_skeleton_gnawed_5
17:52:53.140 !!! [CE][Point] Removing 7166.346680, 11585.207031 from Land_jmc_militarycase_c_03
17:52:53.141 !!! [CE][Point] Removing 7178.515137, 11609.456055 from Land_jmc_skeleton_old_2
17:52:53.141 !!! [CE][Point] Removing 7164.317383, 11578.473633 from Land_jmc_militarycase_o_11
17:52:53.142 !!! [CE][Point] Removing 7191.721191, 11589.886719 from Land_jmc_militarycase_c_02
17:52:53.142 !!! [CE][Point] Removing 7162.728027, 11606.174805 from Land_jmc_militarycase_c_04
17:52:53.142 !!! [CE][Point] Removing 7159.990234, 11653.022461 from Land_jmc_militarycase_o_12
17:52:53.142 !!! [CE][Point] Removing 7185.361328, 11591.750977 from Land_jmc_skeleton_old_1
17:52:53.142 !!! [CE][Point] Removing 7180.220703, 11591.080078 from Land_jmc_skeleton_old_5
17:52:53.143 !!! [CE][Point] Removing 7190.716797, 11589.523438 from Land_jmc_militarycase_c_05
17:52:53.241 !!! [CE][Point] Removing 7183.866699, 11569.283203 from Land_jmc_skeleton_old_5
17:52:53.241 !!! [CE][Point] Removing 7171.539551, 11601.766602 from Land_jmc_militarycase_o_11
17:52:53.242 !!! [CE][Point] Removing 7165.928223, 11678.539063 from Land_jmc_skeleton_old_5
17:52:53.242 !!! [CE][Point] Removing 7162.320801, 11585.823242 from Land_jmc_skeleton_old_4
17:52:53.243 !!! [CE][Point] Removing 7151.697754, 11591.977539 from Land_jmc_skeleton_old_2
17:52:53.243 !!! [CE][Point] Removing 7180.220703, 11591.080078 from Land_jmc_skeleton_old_5
17:52:53.243 !!! [CE][Point] Removing 7185.361328, 11591.750977 from Land_jmc_skeleton_old_1
17:52:53.244 !!! [CE][Point] Removing 7178.515137, 11609.456055 from Land_jmc_skeleton_old_2
17:52:53.339 [CE][LootRespawner] (PRIDummy) :: Item [9] causing search overtime: "KazuarOptic"
17:53:04.05 [StateMachine]: Player BnYrB (dpnid 11234556 uid mBNlxASsPlOcry0dpDl8K-WgHNR5WMCMmoJ9NhpU4FY=) Entering GetNewCharLoginState
17:53:07.92 <CREATE NEW CHAR>:
    charID 1
    playerID 1
    dpnid 11234556
    uid mBNlxASsPlOcry0dpDl8K-WgHNR5WMCMmoJ9NhpU4FY=
17:53:21.422 [CE][LootRespawner] (PRIDummy) :: Item [10] causing search overtime: "KazuarOptic"
17:53:21.522 [CE][LootRespawner] (PRIDummy) :: Item [11] causing search overtime: "Mag_CMAG_40Rnd"
17:53:21.621 [CE][LootRespawner] (PRIDummy) :: Item [12] causing search overtime: "Mag_AKM_Drum75Rnd"
17:53:21.723 !!! [CE][Point] Removing 7155.677734, 11593.546875 from Land_jmc_skeleton_burned_3
17:53:21.724 !!! [CE][Point] Removing 7187.856445, 11591.089844 from Land_jmc_skeleton_old_5
17:53:21.724 !!! [CE][Point] Removing 7151.648926, 11598.234375 from Land_jmc_skeleton_old_5
17:53:21.725 !!! [CE][Point] Removing 7189.479492, 11610.973633 from Land_jmc_skeleton_old_2
17:53:21.725 !!! [CE][Point] Removing 7150.781738, 11607.736328 from Land_jmc_skeleton_gnawed_5
17:53:21.725 !!! [CE][Point] Removing 7174.813965, 11590.480469 from Land_jmc_skeleton_old_2
17:53:21.725 !!! [CE][Point] Removing 7153.952637, 11593.016602 from Land_jmc_skeleton_burned_5
17:53:21.725 !!! [CE][Point] Removing 7154.748047, 11587.639648 from Land_jmc_skeleton_old_5
17:53:21.725 !!! [CE][Point] Removing 7164.669922, 11664.787109 from Land_jmc_militarycase_o_09
17:53:21.726 !!! [CE][Point] Removing 7174.958008, 11609.624023 from Land_jmc_skeleton_old_4
17:53:21.823 !!! [CE][Point] Removing 7156.099121, 11587.857422 from Land_jmc_militarycase_o_08
17:53:21.823 !!! [CE][Point] Removing 7156.010742, 11555.536133 from Land_jmc_militarycase_c_12
17:53:21.824 !!! [CE][Point] Removing 7172.155762, 11604.887695 from Land_jmc_militarycase_c_08
17:53:21.825 !!! [CE][Point] Removing 7176.726074, 11678.677734 from Land_jmc_militarycase_o_07
17:53:21.825 !!! [CE][Point] Removing 7182.744629, 11590.849609 from Land_jmc_militarycase_c_08
17:53:21.826 !!! [CE][Point] Removing 7168.684082, 11587.674805 from Land_jmc_military_lootcase
17:53:21.827 !!! [CE][Point] Removing 7188.855469, 11591.457031 from Land_jmc_military_lootcase
17:53:21.827 !!! [CE][Point] Removing 7183.390625, 11601.333008 from Land_jmc_military_lootcase
17:53:21.827 !!! [CE][Point] Removing 7151.554199, 11568.265625 from Land_jmc_militarycase_o_05
17:53:21.827 !!! [CE][Point] Removing 7160.754395, 11616.364258 from Land_jmc_militarycase_o_08
17:53:21.925 !!! [CE][Point] Removing 7158.746582, 11609.157227 from Land_jmc_militarycase_c_11
17:53:21.927 !!! [CE][Point] Removing 7174.722168, 11614.373047 from Land_jmc_militarycase_o_08
17:53:21.928 !!! [CE][Point] Removing 7186.941895, 11555.553711 from Land_jmc_militarycase_o_12
17:53:21.930 !!! [CE][Point] Removing 7154.261719, 11593.990234 from Land_jmc_militarycase_o_07
17:53:21.931 !!! [CE][Point] Removing 7103.856934, 11620.941406 from Land_jmc_militarycase_o_07
17:53:21.932 !!! [CE][Point] Removing 7158.818848, 11563.338867 from Land_jmc_militarycase_o_08
17:53:21.933 !!! [CE][Point] Removing 7168.684082, 11588.274414 from Land_jmc_military_lootcase
17:53:21.936 !!! [CE][Point] Removing 7188.847168, 11592.356445 from Land_jmc_military_lootcase
17:53:21.937 !!! [CE][Point] Removing 7183.787109, 11600.882813 from Land_jmc_military_lootcase
17:53:21.939 !!! [CE][Point] Removing 7190.900391, 11556.199219 from Land_jmc_militarycase_c_09
17:53:22.23 !!! [CE][Point] Removing 7178.484375, 11591.041016 from Land_jmc_skeleton_old_4
17:53:22.24 !!! [CE][Point] Removing 7154.342285, 11592.974609 from Land_jmc_skeleton_old_3
17:53:22.24 !!! [CE][Point] Removing 7192.053223, 11560.669922 from Land_jmc_militarycase_o_05
17:53:22.25 !!! [CE][Point] Removing 7183.381836, 11590.107422 from Land_jmc_militarycase_c_03
17:53:22.25 !!! [CE][Point] Removing 7159.361816, 11608.238281 from Land_jmc_militarycase_c_07
17:53:22.26 !!! [CE][Point] Removing 7182.710449, 11647.839844 from Land_jmc_militarycase_o_05
17:53:22.26 !!! [CE][Point] Removing 7160.169434, 11657.359375 from Land_jmc_militarycase_o_08
17:53:22.26 !!! [CE][Point] Removing 7169.264160, 11602.965820 from Land_jmc_skeleton_old_5
17:53:22.27 !!! [CE][Point] Removing 7178.497070, 11601.498047 from Land_jmc_militarycase_o_12
17:53:22.27 !!! [CE][Point] Removing 7190.567871, 11554.995117 from Land_jmc_militarycase_o_07
17:53:22.121 !!! [CE][Point] Removing 7172.125488, 11603.198242 from Land_jmc_militarycase_c_05
17:53:22.122 !!! [CE][Point] Removing 7164.030762, 11589.814453 from Land_jmc_military_lootcase
17:53:22.123 !!! [CE][Point] Removing 7183.985352, 11600.658203 from Land_jmc_military_lootcase
17:53:22.123 !!! [CE][Point] Removing 7188.857910, 11591.157227 from Land_jmc_military_lootcase
17:53:22.123 !!! [CE][Point] Removing 7168.684082, 11587.974609 from Land_jmc_military_lootcase
17:53:22.124 !!! [CE][Point] Removing 7178.340332, 11668.538086 from Land_jmc_military_lootcase
17:53:22.124 !!! [CE][Point] Removing 7187.346680, 11554.786133 from Land_jmc_military_lootcase
17:53:22.125 [CE][LootRespawner] (PRIDummy) :: Item [13] causing search overtime: "GhillieBushrag_Woodland"
17:53:22.223 !!! [CE][Point] Removing 7154.342285, 11592.974609 from Land_jmc_skeleton_old_3
17:53:22.224 !!! [CE][Point] Removing 7178.484375, 11591.041016 from Land_jmc_skeleton_old_4
17:53:22.224 !!! [CE][Point] Removing 7167.343262, 11610.615234 from Land_jmc_skeleton_old_4
17:53:22.224 !!! [CE][Point] Removing 7167.465332, 11610.559570 from Land_jmc_skeleton_old_3
17:53:22.225 !!! [CE][Point] Removing 7156.332520, 11611.076172 from Land_jmc_skeleton_old_5
17:53:22.225 !!! [CE][Point] Removing 7168.558105, 11610.201172 from Land_jmc_skeleton_old_3
17:53:22.225 !!! [CE][Point] Removing 7173.125977, 11590.496094 from Land_jmc_skeleton_old_1
17:53:22.225 !!! [CE][Point] Removing 7187.587891, 11608.579102 from Land_jmc_skeleton_old_4
17:53:22.226 !!! [CE][Point] Removing 7160.083496, 11595.036133 from Land_jmc_skeleton_gnawed_3
17:53:22.226 !!! [CE][Point] Removing 7183.588867, 11601.107422 from Land_jmc_military_lootcase
17:53:22.322 !!! [CE][Point] Removing 7168.684082, 11588.874023 from Land_jmc_military_lootcase
17:53:22.322 !!! [CE][Point] Removing 7163.730469, 11589.817383 from Land_jmc_military_lootcase
17:53:22.323 !!! [CE][Point] Removing 7178.862793, 11668.833008 from Land_jmc_military_lootcase
17:53:22.324 !!! [CE][Point] Removing 7188.241211, 11553.987305 from Land_jmc_military_lootcase
17:53:22.324 [CE][LootRespawner] (PRIDummy) :: Item [14] causing search overtime: "GhillieBushrag_Mossy"
17:53:22.423 !!! [CE][Point] Removing 7189.349609, 11590.062500 from Land_jmc_skeleton_old_3
17:53:22.423 !!! [CE][Point] Removing 7159.738770, 11611.652344 from Land_jmc_skeleton_old_4
17:53:22.424 !!! [CE][Point] Removing 7189.479492, 11610.973633 from Land_jmc_skeleton_old_2
17:53:22.425 !!! [CE][Point] Removing 7150.781738, 11607.736328 from Land_jmc_skeleton_gnawed_5
17:53:22.425 !!! [CE][Point] Removing 7174.813965, 11590.480469 from Land_jmc_skeleton_old_2
17:53:22.425 !!! [CE][Point] Removing 7153.952637, 11593.016602 from Land_jmc_skeleton_burned_5
17:53:22.425 !!! [CE][Point] Removing 7154.748047, 11587.639648 from Land_jmc_skeleton_old_5
17:53:22.425 !!! [CE][Point] Removing 7174.958008, 11609.624023 from Land_jmc_skeleton_old_4
17:53:22.522 [CE][LootRespawner] (PRIDummy) :: Item [15] causing search overtime: "BrisketSpread"
17:53:22.623 !!! [CE][Point] Removing 7183.866699, 11569.283203 from Land_jmc_skeleton_old_5
17:53:22.623 !!! [CE][Point] Removing 7165.928223, 11678.539063 from Land_jmc_skeleton_old_5
17:53:22.623 !!! [CE][Point] Removing 7162.320801, 11585.823242 from Land_jmc_skeleton_old_4
17:53:22.624 !!! [CE][Point] Removing 7151.697754, 11591.977539 from Land_jmc_skeleton_old_2
17:53:22.625 !!! [CE][Point] Removing 7180.220703, 11591.080078 from Land_jmc_skeleton_old_5
17:53:22.625 !!! [CE][Point] Removing 7185.361328, 11591.750977 from Land_jmc_skeleton_old_1
17:53:22.625 !!! [CE][Point] Removing 7178.515137, 11609.456055 from Land_jmc_skeleton_old_2
17:53:22.625 !!! [CE][Point] Removing 7189.349609, 11590.062500 from Land_jmc_skeleton_old_3
17:53:22.722 [CE][LootRespawner] (PRIDummy) :: Item [16] causing search overtime: "M4_Suppressor"
17:53:22.822 !!! [CE][Point] Removing 7163.430664, 11589.820313 from Land_jmc_military_lootcase
17:53:22.824 !!! [CE][Point] Removing 7178.079590, 11668.389648 from Land_jmc_military_lootcase
17:53:22.824 !!! [CE][Point] Removing 7187.570313, 11554.586914 from Land_jmc_military_lootcase
17:53:22.825 [CE][LootRespawner] (PRIDummy) :: Item [17] causing search overtime: "TacticalShirt_Black"
17:53:22.921 !!! [CE][Point] Removing 7162.830566, 11589.826172 from Land_jmc_military_lootcase
17:53:22.923 [CE][LootRespawner] (PRIDummy) :: Item [0] is hard to place, performance drops: "TacticalShirt_Grey"
17:53:22.923 [CE][LootRespawner] (PRIDummy) :: Item [18] causing search overtime: "TacticalShirt_Grey"
17:53:23.21 [CE][LootRespawner] (PRIDummy) :: Item [19] causing search overtime: "MedicalScrubsPants_White"
17:53:23.824 [CE][Links] found 0 total links between groups, of 1
17:53:23.824 [CE][SpawnRandomLoot] (StaticHeliCrash) :: ChildType: Wreck_UH1Y, lootmin: 10, lootmax: 20, wanted: 17
17:53:24.123 [CE][Links] found 0 total links between groups, of 2
17:53:24.123 [CE][SpawnRandomLoot] (StaticPoliceCar) :: ChildType: Land_Wreck_Volha_Police, lootmin: 3, lootmax: 5, wanted: 3
17:53:24.125 [CE][Links] found 0 total links between groups, of 3
17:53:24.125 [CE][SpawnRandomLoot] (StaticPoliceCar) :: ChildType: Land_Wreck_Volha_Police, lootmin: 3, lootmax: 5, wanted: 3
17:53:24.125 [CE][Links] found 0 total links between groups, of 4
17:53:24.125 [CE][SpawnRandomLoot] (StaticPoliceCar) :: ChildType: Land_Wreck_Volha_Police, lootmin: 3, lootmax: 5, wanted: 3
17:53:47.80 [Disconnect]: Start script disconnect 11234556 (dbCharacterId 1 dbPlayerId 1) logoutTime 15
17:53:48.697 !!! [CE][Point] Removing 7176.799805, 11590.706055 from Land_jmc_skeleton_old_3
17:53:48.697 !!! [CE][Point] Removing 7162.209473, 11609.802734 from Land_jmc_skeleton_gnawed_4
17:53:48.698 !!! [CE][Point] Removing 7183.866699, 11569.283203 from Land_jmc_skeleton_old_5
17:53:48.698 !!! [CE][Point] Removing 7165.928223, 11678.539063 from Land_jmc_skeleton_old_5
17:53:48.698 !!! [CE][Point] Removing 7162.320801, 11585.823242 from Land_jmc_skeleton_old_4
17:53:49.301 !!! [CE][Point] Removing 7162.505371, 11596.031250 from Land_jmc_skeleton_old_5
17:53:49.302 !!! [CE][Point] Removing 7162.840820, 11588.692383 from Land_jmc_skeleton_old_2
17:53:49.303 !!! [CE][Point] Removing 7160.083496, 11595.036133 from Land_jmc_skeleton_gnawed_3
17:53:49.305 !!! [CE][Point] Removing 7187.587891, 11608.579102 from Land_jmc_skeleton_old_4
17:53:49.306 !!! [CE][Point] Removing 7173.125977, 11590.496094 from Land_jmc_skeleton_old_1
17:53:49.306 !!! [CE][Point] Removing 7168.558105, 11610.201172 from Land_jmc_skeleton_old_3
17:53:49.306 !!! [CE][Point] Removing 7156.332520, 11611.076172 from Land_jmc_skeleton_old_5
17:53:49.306 !!! [CE][Point] Removing 7167.465332, 11610.559570 from Land_jmc_skeleton_old_3
17:53:49.306 !!! [CE][Point] Removing 7167.343262, 11610.615234 from Land_jmc_skeleton_old_4
17:53:49.306 !!! [CE][Point] Removing 7178.484375, 11591.041016 from Land_jmc_skeleton_old_4
17:53:49.602 !!! [CE][Point] Removing 7151.697754, 11591.977539 from Land_jmc_skeleton_old_2
17:53:49.602 !!! [CE][Point] Removing 7162.209473, 11609.802734 from Land_jmc_skeleton_gnawed_4
17:53:49.604 !!! [CE][Point] Removing 7176.799805, 11590.706055 from Land_jmc_skeleton_old_3
17:53:49.604 !!! [CE][Point] Removing 7154.342285, 11592.974609 from Land_jmc_skeleton_old_3
17:53:49.604 !!! [CE][Point] Removing 7169.264160, 11602.965820 from Land_jmc_skeleton_old_5
17:53:49.604 !!! [CE][Point] Removing 7163.130859, 11589.823242 from Land_jmc_military_lootcase
17:53:49.604 !!! [CE][Point] Removing 7174.921875, 11606.769531 from Land_jmc_skeleton_gnawed_3
17:53:49.605 !!! [CE][Point] Removing 7150.625000, 11597.776367 from Land_jmc_skeleton_old_3
17:53:49.605 !!! [CE][Point] Removing 7174.958008, 11609.624023 from Land_jmc_skeleton_old_4
17:53:49.605 !!! [CE][Point] Removing 7154.748047, 11587.639648 from Land_jmc_skeleton_old_5
17:53:49.701 !!! [CE][Point] Removing 7169.264160, 11602.965820 from Land_jmc_skeleton_old_5
17:53:49.701 !!! [CE][Point] Removing 7174.921875, 11606.769531 from Land_jmc_skeleton_gnawed_3
17:53:49.703 !!! [CE][Point] Removing 7150.625000, 11597.776367 from Land_jmc_skeleton_old_3
17:53:49.703 !!! [CE][Point] Removing 7159.738770, 11611.652344 from Land_jmc_skeleton_old_4
17:53:49.703 !!! [CE][Point] Removing 7162.209473, 11609.802734 from Land_jmc_skeleton_gnawed_4
17:53:49.705 !!! [CE][Point] Removing 7176.799805, 11590.706055 from Land_jmc_skeleton_old_3
17:53:49.705 [CE][LootRespawner] (PRIDummy) :: Item [1] is hard to place, performance drops: "M18SmokeGrenade_Yellow"
17:53:49.705 !!! [CE][Point] Removing 7088.116211, 11615.338867 from Land_jmc_skeleton_burned_3
17:53:49.705 [CE][LootRespawner] (PRIDummy) :: Item [2] is hard to place, performance drops: "M18SmokeGrenade_Yellow"
17:53:52.31 [Disconnect]: Client 11234556 disconnecting
17:53:52.31 [Disconnect]: Client 11234556 early disconnect
17:53:52.37 [Disconnect]: Start script disconnect 11234556 (dbCharacterId 1 dbPlayerId 1) logoutTime 15
17:53:52.98 [Disconnect]: Remove player info 11234556
17:53:52.100 [Disconnect]: Player destroy 11234556 
17:54:02.82 [Disconnect]: Finish script disconnect -1
17:54:15.661 !!! [CE][Point] Removing 7150.625000, 11597.776367 from Land_jmc_skeleton_old_3
17:54:15.661 !!! [CE][Point] Removing 7174.921875, 11606.769531 from Land_jmc_skeleton_gnawed_3
17:54:15.661 [CE][LootRespawner] (PRIDummy) :: Item [3] is hard to place, performance drops: "M4_RISHndgrd"
17:54:15.661 !!! [CE][Point] Removing 7088.116211, 11615.338867 from Land_jmc_skeleton_burned_3
17:54:15.661 [CE][LootRespawner] (PRIDummy) :: Item [4] is hard to place, performance drops: "M4_RISHndgrd"
17:54:15.661 [CE][LootRespawner] (PRIDummy) :: Item [5] is hard to place, performance drops: "M4_RISHndgrd"
17:54:15.760 [CE][LootRespawner] (PRIDummy) :: Item [6] is hard to place, performance drops: "Saiga_Bttstck"
17:54:15.760 [CE][LootRespawner] (PRIDummy) :: Item [7] is hard to place, performance drops: "Saiga_Bttstck"
17:54:15.760 [CE][LootRespawner] (PRIDummy) :: Item [8] is hard to place, performance drops: "Saiga_Bttstck"
17:54:16.160 [CE][LootRespawner] (PRIDummy) :: Item [9] is hard to place, performance drops: "TacticalGloves_Black"
17:54:16.160 [CE][LootRespawner] (PRIDummy) :: Item [10] is hard to place, performance drops: "TacticalGloves_Black"
17:54:16.160 [CE][LootRespawner] (PRIDummy) :: Item [11] is hard to place, performance drops: "TacticalGloves_Black"
17:54:16.261 [CE][LootRespawner] (PRIDummy) :: Item [12] is hard to place, performance drops: "FAL"
17:54:16.361 [CE][LootRespawner] (PRIDummy) :: Item [13] is hard to place, performance drops: "GhillieBushrag_Mossy"
17:54:16.460 [CE][LootRespawner] (PRIDummy) :: Item [14] is hard to place, performance drops: "M18SmokeGrenade_Purple"
17:54:16.461 [CE][LootRespawner] (PRIDummy) :: Item [15] is hard to place, performance drops: "M18SmokeGrenade_Purple"
17:54:16.461 [CE][LootRespawner] (PRIDummy) :: Item [16] is hard to place, performance drops: "M18SmokeGrenade_Purple"
17:54:16.560 [CE][LootRespawner] (PRIDummy) :: Item [17] is hard to place, performance drops: "GhillieBushrag_Woodland"
17:54:23.968  --- Termination successfully completed --- 
