

=====================================================================
== C:\Program Files (x86)\Steam\steamapps\common\DayZServer\DayZServer_x64.exe
== DayZServer_x64.exe  -cpuCount=4 -mod=@42MonthsAfter;@DeerIsle;@CF;@ZomBerryAdminTools;@GameLabs;@DayZEditorLoader;@ModularVestSystem;@TeddysWeaponPack;@CodeLock;@BaseBuildingPlus;@MuchStuffPack;@CannabisPlus;@Notifications;@GAZ;@VanillaPlusPlusMap;@zSpawnSelection;@ToxicZone;@BuildAnywherev3;@BuilderItems;@MoreDoors;@MuchCarKey;@IRPLandRoverDefender110;@TrolleyKart;@EarPlugs;@AirdropUpgraded;@VendingMachine;@BattlEyePrefixRemoval;@TraderPlus; -config=serverDZ.cfg -port=2302 -noFilePatching -profiles=myprofile -scrAllowFileWrite -adminlog
=====================================================================
Exe timestamp: 2021/05/05 10:02:18
Current time:  2021/05/11 18:00:18

Version 1.12.153904
18:00:18.698 [Inputs] Loading inputs default "bin/constants.xml"
18:00:18.700 [Inputs] Loading inputs default "bin/specific.xml"
18:00:18.701 [Inputs] Loading inputs default "EarPlugs\data\inputs.xml"
18:00:18.701 [Inputs] Loading inputs default "LBmaster_UndergroundLighting/inputsLBmaster.xml"
18:00:18.701 [Inputs] Loading inputs default "VanillaPPMap/data/modded_Inputs.xml"
18:00:18.702 [Inputs] Loading inputs default "ZomBerry/AT/scripts/data/inputs.xml"
18:00:18.702 [Inputs] Loading inputs default "Notifications/inputs/inputs.xml"
18:00:18.702 [Inputs] Loading inputs default "DayZEditorLoader/Scripts/Data/Inputs.xml"
18:00:18.702 [Inputs] Loading inputs default "BaseBuildingPlus/Scripts/Data/Inputs.xml"
18:00:18.702 [Inputs] Loading inputs cfg "myprofile\Users\Survivor\Server.core.xml"
18:00:18.702 !!! [Inputs] Cannot read inputs cfg "myprofile\Users\Survivor\Server.core.xml", parser error
18:00:18.702 [Inputs] Loading inputs cfg "bin/core.xml"
18:00:18.702 !!! [Inputs] Cannot load input preset "user", file does not exist
18:00:18.703 [Inputs] Exporting inputs cfg "myprofile\Users\Survivor\Server.core.xml"
18:00:29.905 [CE][Hive] :: Initializing OFFLINE
18:00:29.905 [CE][Hive] :: Loading core data ... 
18:00:29.905 [CE][CoreData] :: 7 root classes, 18 defaults, 0 updaters...
18:00:33.334 [CE] :: WARNING :: Preset map "optics" is EMPTY.
18:00:33.336 [CE][TypeSetup] :: 430 classes setuped...
18:00:33.999 [CE][RegisterBind] :: 0 classes binded...
18:00:33.999 [CE][RegisterConfig] :: 9629 config classes registered, 1 sub-counters...
18:00:33.999 [CE][Hive] :: Loading map data ... 
18:00:34.30 [CE][LoadPrototype] :: loaded 345 prototypes
18:00:34.30   665 containers, 8761 points
18:00:34.30   0 dispatches, 0 proxies
18:00:34.30 !!! [CE][LoadPrototype] 7 groups have no points...
18:00:34.30 [CE][LoadPrototype] :: last group name: Land_Garage_Tall...
18:00:34.33 [CE][LoadPrototype] :: loaded 0 prototypes
18:00:34.33   0 containers, 0 points
18:00:34.33   0 dispatches, 0 proxies
18:00:34.33 [CE][LoadPrototype] :: last group name: Rail9...
18:00:34.442 [CE][LoadMap] "Group" :: loaded 7506 groups, largest group range: 34.0
18:00:34.444 [CE][LoadMap] "Dirt" :: loaded 0 groups, largest group range: 34.0
18:00:34.547 [CE][Links] found 2124 total links between groups, of 7506
18:00:34.547 [CE][LoadClusters] "Cluster" :: Loading files...
18:00:34.700 [CE][LoadClusters] :: file: "mapgroupcluster.xml", 9 types, 50000 instances
18:00:34.859 [CE][LoadClusters] :: file: "mapgroupcluster01", 9 types, 50000 instances
18:00:34.859   5940 failed - check Matrix "default" grid size !!!
18:00:35.19 [CE][LoadClusters] :: file: "mapgroupcluster02", 9 types, 50000 instances
18:00:35.19   12307 failed - check Matrix "default" grid size !!!
18:00:35.75 [CE][LoadClusters] :: file: "mapgroupcluster03", 9 types, 15277 instances
18:00:35.75   1372 failed - check Matrix "default" grid size !!!
18:00:35.77 [CE][Storage] ver:21 stamp:19405, valid:yes, name:"mpmissions\Expansion.deerisle\storage_1\data\types.bin"
18:00:35.78 [CE][Storage] ver:21 stamp:19131, valid:yes, name:"mpmissions\Expansion.deerisle\storage_1\data\types.001"
18:00:35.78 [CE][Storage] ver:21 stamp:19132, valid:yes, name:"mpmissions\Expansion.deerisle\storage_1\data\types.002"
18:00:35.78 [CE][Storage] Restoring file "mpmissions\Expansion.deerisle\storage_1\data\types.bin".
18:00:35.171 !!! File "DZ\worlds\chernarusplus\ce\db/messages.xml" does not exist...
18:00:35.171 !!! [CE][offlineDB] :: Failed to read messages file 'db/messages.xml'.
18:00:35.171 !!! [CE][offlineDB] :: No Shutdown message present.
18:00:35.172 [CE][offlineDB] :: Loaded 41 dynamic events 246 total types 0 total positions.
18:00:35.200 !!! File "DZ\worlds\chernarusplus\ce\TraderPlus_ce/TraderPlus_types.xml" does not exist...
18:00:35.200 !!! [CE][offlineDB] :: Failed to read types file 'TraderPlus_ce/TraderPlus_types.xml'.
18:00:35.201 [CE][Storage] ver:21 stamp:19405, valid:yes, name:"mpmissions\Expansion.deerisle\storage_1\data\events.bin"
18:00:35.201 [CE][Storage] ver:21 stamp:19131, valid:yes, name:"mpmissions\Expansion.deerisle\storage_1\data\events.001"
18:00:35.201 [CE][Storage] ver:21 stamp:19132, valid:yes, name:"mpmissions\Expansion.deerisle\storage_1\data\events.002"
18:00:35.201 [CE][Storage] Restoring file "mpmissions\Expansion.deerisle\storage_1\data\events.bin".
18:00:35.201 [CE][DynamicEvent] Load  Events:[41] Primary spawners: 41 Secondary spawners: 1
18:00:35.202 [CE][Storage] ver:25 stamp:19405, valid:yes, name:"mpmissions\Expansion.deerisle\storage_1\data\dynamic_000.bin"
18:00:35.202 [CE][Storage] ver:25 stamp:19131, valid:yes, name:"mpmissions\Expansion.deerisle\storage_1\data\dynamic_000.001"
18:00:35.202 [CE][Storage] ver:25 stamp:19132, valid:yes, name:"mpmissions\Expansion.deerisle\storage_1\data\dynamic_000.002"
18:00:35.202 [CE][Storage] Restoring file "mpmissions\Expansion.deerisle\storage_1\data\dynamic_000.bin" 314 items.
18:00:35.276   314 items loaded.
18:00:35.276 [CE][Storage] ver:25 stamp:19405, valid:yes, name:"mpmissions\Expansion.deerisle\storage_1\data\dynamic_001.bin"
18:00:35.277 [CE][Storage] ver:25 stamp:19131, valid:yes, name:"mpmissions\Expansion.deerisle\storage_1\data\dynamic_001.001"
18:00:35.277 [CE][Storage] ver:25 stamp:19132, valid:yes, name:"mpmissions\Expansion.deerisle\storage_1\data\dynamic_001.002"
18:00:35.277 [CE][Storage] Restoring file "mpmissions\Expansion.deerisle\storage_1\data\dynamic_001.bin" 397 items.
18:00:35.412   397 items loaded.
18:00:35.413 [CE][Storage] ver:25 stamp:19405, valid:yes, name:"mpmissions\Expansion.deerisle\storage_1\data\dynamic_002.bin"
18:00:35.413 [CE][Storage] ver:25 stamp:19131, valid:yes, name:"mpmissions\Expansion.deerisle\storage_1\data\dynamic_002.001"
18:00:35.413 [CE][Storage] ver:25 stamp:19132, valid:yes, name:"mpmissions\Expansion.deerisle\storage_1\data\dynamic_002.002"
18:00:35.413 [CE][Storage] Restoring file "mpmissions\Expansion.deerisle\storage_1\data\dynamic_002.bin" 804 items.
18:00:35.590   804 items loaded.
18:00:35.590 [CE][Storage] ver:25 stamp:19405, valid:yes, name:"mpmissions\Expansion.deerisle\storage_1\data\dynamic_003.bin"
18:00:35.591 [CE][Storage] ver:25 stamp:19131, valid:yes, name:"mpmissions\Expansion.deerisle\storage_1\data\dynamic_003.001"
18:00:35.591 [CE][Storage] ver:25 stamp:19132, valid:yes, name:"mpmissions\Expansion.deerisle\storage_1\data\dynamic_003.002"
18:00:35.591 [CE][Storage] Restoring file "mpmissions\Expansion.deerisle\storage_1\data\dynamic_003.bin" 1201 items.
18:00:35.814   1201 items loaded.
18:00:35.814 [CE][Storage] ver:25 stamp:19405, valid:yes, name:"mpmissions\Expansion.deerisle\storage_1\data\dynamic_004.bin"
18:00:35.815 [CE][Storage] ver:25 stamp:19131, valid:yes, name:"mpmissions\Expansion.deerisle\storage_1\data\dynamic_004.001"
18:00:35.815 [CE][Storage] ver:25 stamp:19132, valid:yes, name:"mpmissions\Expansion.deerisle\storage_1\data\dynamic_004.002"
18:00:35.815 [CE][Storage] Restoring file "mpmissions\Expansion.deerisle\storage_1\data\dynamic_004.bin" 1820 items.
18:00:36.287   1820 items loaded.
18:00:36.288 [CE][Storage] ver:25 stamp:19405, valid:yes, name:"mpmissions\Expansion.deerisle\storage_1\data\dynamic_005.bin"
18:00:36.288 [CE][Storage] ver:25 stamp:19131, valid:yes, name:"mpmissions\Expansion.deerisle\storage_1\data\dynamic_005.001"
18:00:36.289 [CE][Storage] ver:25 stamp:19132, valid:yes, name:"mpmissions\Expansion.deerisle\storage_1\data\dynamic_005.002"
18:00:36.289 [CE][Storage] Restoring file "mpmissions\Expansion.deerisle\storage_1\data\dynamic_005.bin" 1477 items.
18:00:36.673   1477 items loaded.
18:00:36.673 [CE][Storage] ver:25 stamp:19405, valid:yes, name:"mpmissions\Expansion.deerisle\storage_1\data\dynamic_006.bin"
18:00:36.674 [CE][Storage] ver:25 stamp:19131, valid:yes, name:"mpmissions\Expansion.deerisle\storage_1\data\dynamic_006.001"
18:00:36.674 [CE][Storage] ver:25 stamp:19132, valid:yes, name:"mpmissions\Expansion.deerisle\storage_1\data\dynamic_006.002"
18:00:36.674 [CE][Storage] Restoring file "mpmissions\Expansion.deerisle\storage_1\data\dynamic_006.bin" 1110 items.
18:00:36.882   1110 items loaded.
18:00:36.883 [CE][Storage] ver:25 stamp:19405, valid:yes, name:"mpmissions\Expansion.deerisle\storage_1\data\dynamic_007.bin"
18:00:36.883 [CE][Storage] ver:25 stamp:19131, valid:yes, name:"mpmissions\Expansion.deerisle\storage_1\data\dynamic_007.001"
18:00:36.884 [CE][Storage] ver:25 stamp:19132, valid:yes, name:"mpmissions\Expansion.deerisle\storage_1\data\dynamic_007.002"
18:00:36.884 [CE][Storage] Restoring file "mpmissions\Expansion.deerisle\storage_1\data\dynamic_007.bin" 778 items.
18:00:37.21   778 items loaded.
18:00:37.21 [CE][Storage] ver:25 stamp:19405, valid:yes, name:"mpmissions\Expansion.deerisle\storage_1\data\dynamic_008.bin"
18:00:37.22 [CE][Storage] ver:25 stamp:19131, valid:yes, name:"mpmissions\Expansion.deerisle\storage_1\data\dynamic_008.001"
18:00:37.22 [CE][Storage] ver:25 stamp:19132, valid:yes, name:"mpmissions\Expansion.deerisle\storage_1\data\dynamic_008.002"
18:00:37.22 [CE][Storage] Restoring file "mpmissions\Expansion.deerisle\storage_1\data\dynamic_008.bin" 356 items.
18:00:37.99   356 items loaded.
18:00:37.100 [CE][Storage] ver:25 stamp:19405, valid:yes, name:"mpmissions\Expansion.deerisle\storage_1\data\dynamic_009.bin"
18:00:37.100 [CE][Storage] ver:25 stamp:19131, valid:yes, name:"mpmissions\Expansion.deerisle\storage_1\data\dynamic_009.001"
18:00:37.100 [CE][Storage] ver:25 stamp:19132, valid:yes, name:"mpmissions\Expansion.deerisle\storage_1\data\dynamic_009.002"
18:00:37.100 [CE][Storage] Restoring file "mpmissions\Expansion.deerisle\storage_1\data\dynamic_009.bin" 217 items.
18:00:37.142   217 items loaded.
18:00:37.142 [CE][Storage] ver:25 stamp:19405, valid:yes, name:"mpmissions\Expansion.deerisle\storage_1\data\dynamic_010.bin"
18:00:37.142 [CE][Storage] ver:25 stamp:19131, valid:yes, name:"mpmissions\Expansion.deerisle\storage_1\data\dynamic_010.001"
18:00:37.143 [CE][Storage] ver:25 stamp:19132, valid:yes, name:"mpmissions\Expansion.deerisle\storage_1\data\dynamic_010.002"
18:00:37.143 [CE][Storage] Restoring file "mpmissions\Expansion.deerisle\storage_1\data\dynamic_010.bin" 240 items.
18:00:37.187   240 items loaded.
18:00:37.187 [CE][Storage] ver:25 stamp:19405, valid:yes, name:"mpmissions\Expansion.deerisle\storage_1\data\dynamic_011.bin"
18:00:37.187 [CE][Storage] ver:25 stamp:19131, valid:yes, name:"mpmissions\Expansion.deerisle\storage_1\data\dynamic_011.001"
18:00:37.187 [CE][Storage] ver:25 stamp:19132, valid:yes, name:"mpmissions\Expansion.deerisle\storage_1\data\dynamic_011.002"
18:00:37.187 [CE][Storage] Restoring file "mpmissions\Expansion.deerisle\storage_1\data\dynamic_011.bin" 0 items.
18:00:37.187   0 items loaded.
18:00:37.187 [CE][Storage] ver:26 stamp:19405, valid:yes, name:"mpmissions\Expansion.deerisle\storage_1\data\building.bin"
18:00:37.187 [CE][Storage] ver:26 stamp:19131, valid:yes, name:"mpmissions\Expansion.deerisle\storage_1\data\building.001"
18:00:37.187 [CE][Storage] ver:26 stamp:19132, valid:yes, name:"mpmissions\Expansion.deerisle\storage_1\data\building.002"
18:00:37.187 [CE][Storage] Restoring file "mpmissions\Expansion.deerisle\storage_1\data\building.bin" 5 items.
18:00:37.187   5 items loaded.
18:00:37.188 [CE][Storage] ver:25 stamp:19405, valid:yes, name:"mpmissions\Expansion.deerisle\storage_1\data\vehicles.bin"
18:00:37.188 [CE][Storage] ver:25 stamp:19131, valid:yes, name:"mpmissions\Expansion.deerisle\storage_1\data\vehicles.001"
18:00:37.188 [CE][Storage] ver:25 stamp:19132, valid:yes, name:"mpmissions\Expansion.deerisle\storage_1\data\vehicles.002"
18:00:37.188 [CE][Storage] Restoring file "mpmissions\Expansion.deerisle\storage_1\data\vehicles.bin" 98 items.
18:00:37.590   98 items loaded.
18:00:37.594 [CE][Hive] :: Storage load took:2.39 seconds, recovery stamp:19405
18:00:37.594   entity: 10008, building: 5
18:00:37.594   no lifetime: 21
18:00:37.594   pathgraph's: 828
18:00:37.594 [CE][Hive] :: Initializing ... 
18:00:37.611 [CE][InitializeMap] :: initialized: 2
18:00:37.612 [CE][Hive] :: Initializing spawners ... 
18:00:38.340 [CE][LootRespawner] (PRIDummy) :: Initially (re)spawned:0, Nominal:9205, Total in Map: 9080 at 0 (sec)
18:00:38.340   tests:0, repeats:0 fails:0, overtime:0
18:00:38.340 [CE][DynEvent] :: 41 types
18:00:38.340 [00] AmbientHen
18:00:38.340   Primary Spawner: "Ambient", active: yes, repeat: 1
18:00:38.340 [01] AnimalBear
18:00:38.340   Primary Spawner: "Animal", active: yes, repeat: 1
18:00:38.340 [02] AnimalCow
18:00:38.340   Primary Spawner: "Animal", active: yes, repeat: 1
18:00:38.340 [03] AnimalDeer
18:00:38.340   Primary Spawner: "Animal", active: yes, repeat: 1
18:00:38.340 [04] AnimalGoat
18:00:38.340   Primary Spawner: "Animal", active: yes, repeat: 1
18:00:38.340 [05] AnimalPig
18:00:38.340   Primary Spawner: "Animal", active: yes, repeat: 1
18:00:38.340 [06] AnimalRoeDeer
18:00:38.340   Primary Spawner: "Animal", active: yes, repeat: 1
18:00:38.340 [07] AnimalSheep
18:00:38.340   Primary Spawner: "Animal", active: yes, repeat: 1
18:00:38.340 [08] AnimalWildBoar
18:00:38.340   Primary Spawner: "Animal", active: yes, repeat: 1
18:00:38.340 [09] AnimalWolf
18:00:38.340   Primary Spawner: "Animal", active: yes, repeat: 1
18:00:38.340 [10] InfectedArmy
18:00:38.340   Primary Spawner: "Infected", active: yes, repeat: 1
18:00:38.340 [11] InfectedCity
18:00:38.340   Primary Spawner: "Infected", active: yes, repeat: 1
18:00:38.340 [12] InfectedFirefighter
18:00:38.340   Primary Spawner: "Infected", active: yes, repeat: 1
18:00:38.340 [13] InfectedIndustrial
18:00:38.340   Primary Spawner: "Infected", active: yes, repeat: 1
18:00:38.340 [14] InfectedMedic
18:00:38.340   Primary Spawner: "Infected", active: yes, repeat: 1
18:00:38.340 [15] InfectedPolice
18:00:38.340   Primary Spawner: "Infected", active: yes, repeat: 1
18:00:38.340 [16] InfectedPrisoner
18:00:38.340   Primary Spawner: "Infected", active: yes, repeat: 1
18:00:38.340 [17] InfectedReligious
18:00:38.340   Primary Spawner: "Infected", active: yes, repeat: 1
18:00:38.340 [18] InfectedSolitude
18:00:38.340   Primary Spawner: "Infected", active: yes, repeat: 1
18:00:38.340 [19] InfectedVillage
18:00:38.340   Primary Spawner: "Infected", active: yes, repeat: 1
18:00:38.340 [20] ItemPlanks
18:00:38.340   Primary Spawner: "Item", active: yes, repeat: 1
18:00:38.340 [21] Loot
18:00:38.340   Primary Spawner: "Loot", active: yes, repeat: 2
18:00:38.340 [22] StaticHeliCrash
18:00:38.340   Primary Spawner: "Vehicle", active: yes, repeat: 1
18:00:38.340   Secondary Spawner: "Infected", active: yes, repeat: 1
18:00:38.340 [23] StaticPoliceCar
18:00:38.340   Primary Spawner: "Vehicle", active: yes, repeat: 1
18:00:38.340 [24] TrajectoryApple
18:00:38.340   Primary Spawner: "Trajectory", active: yes, repeat: 1
18:00:38.340 [25] TrajectoryCanina
18:00:38.340   Primary Spawner: "Trajectory", active: yes, repeat: 1
18:00:38.340 [26] TrajectoryConiferous
18:00:38.340   Primary Spawner: "Trajectory", active: yes, repeat: 1
18:00:38.340 [27] TrajectoryDeciduous
18:00:38.340   Primary Spawner: "Trajectory", active: yes, repeat: 1
18:00:38.340 [28] TrajectoryHumus
18:00:38.340   Primary Spawner: "Trajectory", active: yes, repeat: 1
18:00:38.340 [29] TrajectoryPear
18:00:38.340   Primary Spawner: "Trajectory", active: yes, repeat: 1
18:00:38.340 [30] TrajectoryPlum
18:00:38.340   Primary Spawner: "Trajectory", active: yes, repeat: 1
18:00:38.340 [31] TrajectorySambucus
18:00:38.340   Primary Spawner: "Trajectory", active: yes, repeat: 1
18:00:38.340 [32] TrajectoryStones
18:00:38.340   Primary Spawner: "Trajectory", active: yes, repeat: 1
18:00:38.340 [33] VehicleCivilianSedan
18:00:38.340   Primary Spawner: "Vehicle", active: yes, repeat: 1
18:00:38.340 [34] VehicleHatchback02
18:00:38.340   Primary Spawner: "Vehicle", active: yes, repeat: 1
18:00:38.340 [35] VehicleOffroadHatchback
18:00:38.340   Primary Spawner: "Vehicle", active: yes, repeat: 1
18:00:38.340 [36] VehicleSedan02
18:00:38.340   Primary Spawner: "Vehicle", active: yes, repeat: 1
18:00:38.340 [37] VehicleTruck01
18:00:38.340   Primary Spawner: "Vehicle", active: yes, repeat: 1
18:00:38.340 [38] StaticVanPinkies
18:00:38.340   Primary Spawner: "Vehicle", active: yes, repeat: 1
18:00:38.340 [39] StaticVanAmbulance
18:00:38.340   Primary Spawner: "Vehicle", active: yes, repeat: 1
18:00:38.340 [40] StaticSkeletonEventspawn
18:00:38.340   Primary Spawner: "Vehicle", active: yes, repeat: 1
18:00:38.340 [CE][Hive] :: Initializing of spawners done.
18:00:38.342 [CE][Hive] :: Init sequence finished.
18:00:38.342 Player connect enabled
18:00:38.610 [IdleMode] Entering IN - save processed
18:01:50.635 [Login]: Adding player BnYrB (16510135) to login queue at position 0
18:01:50.635 [LoginMachine]: Add player BnYrB (16510135)
18:01:50.635 [StateMachine]: Player BnYrB (dpnid 16510135 uid ) Entering AuthPlayerLoginState
18:01:51.902 [StateMachine]: Player BnYrB (dpnid 16510135 uid ) Entering WaitAuthPlayerLoginState
18:01:53.119 Player BnYrB connected (id=mBNlxASsPlOcry0dpDl8K-WgHNR5WMCMmoJ9NhpU4FY=).
18:01:53.119 Player "BnYrB" is connected (steamID=76561198036774377)
18:01:53.377 [StateMachine]: Player BnYrB (dpnid 16510135 uid mBNlxASsPlOcry0dpDl8K-WgHNR5WMCMmoJ9NhpU4FY=) Entering DBGetLoginTimeLoginState
18:01:53.378 [StateMachine]: Player BnYrB (dpnid 16510135 uid mBNlxASsPlOcry0dpDl8K-WgHNR5WMCMmoJ9NhpU4FY=) Entering DBWaitLoginTimeLoginState
18:01:53.937 [IdleMode] Leaving OUT
18:02:08.378 [StateMachine]: Player BnYrB (dpnid 16510135 uid mBNlxASsPlOcry0dpDl8K-WgHNR5WMCMmoJ9NhpU4FY=) Entering DBGetCharacterLoginState
18:02:08.379 [StateMachine]: Player BnYrB (dpnid 16510135 uid mBNlxASsPlOcry0dpDl8K-WgHNR5WMCMmoJ9NhpU4FY=) Entering CreateNetObjectsLoginState
18:02:08.381 [StateMachine]: Player BnYrB (dpnid 16510135 uid mBNlxASsPlOcry0dpDl8K-WgHNR5WMCMmoJ9NhpU4FY=) Entering PreloadCamLoginState
18:02:08.381 [StateMachine]: Player BnYrB (dpnid 16510135 uid mBNlxASsPlOcry0dpDl8K-WgHNR5WMCMmoJ9NhpU4FY=) Entering WaitPreloadCamLoginState
18:02:16.274 !!! [CE][Point] Removing 7176.799805, 11590.706055 from Land_jmc_skeleton_old_3
18:02:16.474 !!! [CE][Point] Removing 7192.578125, 11554.485352 from Land_jmc_militarycase_c_12
18:02:16.477 !!! [CE][Point] Removing 7185.923340, 11596.417969 from Land_jmc_militarycase_c_07
18:02:16.477 !!! [CE][Point] Removing 7169.149414, 11583.397461 from Land_jmc_militarycase_o_08
18:02:16.477 !!! [CE][Point] Removing 7166.346680, 11585.207031 from Land_jmc_militarycase_c_03
18:02:16.477 !!! [CE][Point] Removing 7174.094238, 11645.138672 from Land_jmc_militarycase_o_09
18:02:16.479 !!! [CE][Point] Removing 7159.361816, 11608.238281 from Land_jmc_militarycase_c_07
18:02:32.292 [StateMachine]: Player BnYrB (dpnid 16510135 uid mBNlxASsPlOcry0dpDl8K-WgHNR5WMCMmoJ9NhpU4FY=) Entering GetLoadedCharLoginState
18:02:34.411 <LOAD EXISTING CHAR>:
    charID 1
    playerID 1
    dpnid 16510135
    uid mBNlxASsPlOcry0dpDl8K-WgHNR5WMCMmoJ9NhpU4FY=
18:02:45.348 !!! [CE][Point] Removing 7266.000488, 11605.139648 from Land_jmc_skeleton_burned_4
18:02:45.348 !!! [CE][Point] Removing 7162.320801, 11585.823242 from Land_jmc_skeleton_old_4
18:03:14.897 !!! [CE][Point] Removing 6233.263672, 9702.774414 from SambucusBush2
18:03:38.387 [Disconnect]: Client 16510135 disconnecting
18:03:38.387 [Disconnect]: Client 16510135 early disconnect
18:03:38.387 [Disconnect]: Start script disconnect 16510135 (dbCharacterId 1 dbPlayerId 1) logoutTime 15
18:03:38.485 [Disconnect]: Remove player info 16510135
18:03:38.487 [Disconnect]: Player destroy 16510135 
18:03:39.841 !!! [CE][Point] Removing 7174.921875, 11606.769531 from Land_jmc_skeleton_gnawed_3
18:03:53.389 [Disconnect]: Finish script disconnect -1
18:04:07.318 !!! [CE][Point] Removing 7151.060547, 11566.732422 from Land_jmc_militarycase_c_07
18:04:07.319 !!! [CE][Point] Removing 7192.060547, 11558.913086 from Land_jmc_militarycase_o_06
18:04:07.319 !!! [CE][Point] Removing 7151.554199, 11568.265625 from Land_jmc_militarycase_o_05
18:04:07.321 !!! [CE][Point] Removing 7187.147461, 11662.458984 from Land_jmc_militarycase_o_11
18:04:07.323 !!! [CE][Point] Removing 7151.377441, 11610.114258 from Land_jmc_militarycase_o_08
18:04:07.419 !!! [CE][Point] Removing 7185.324707, 11561.282227 from Land_jmc_militarycase_c_12
18:04:07.420 !!! [CE][Point] Removing 7159.990234, 11653.022461 from Land_jmc_militarycase_o_12
18:04:07.421 !!! [CE][Point] Removing 7156.099121, 11587.857422 from Land_jmc_militarycase_o_08
18:04:07.519 !!! [CE][Point] Removing 7271.020996, 11623.091797 from Land_jmc_militarycase_c_07
18:04:07.520 !!! [CE][Point] Removing 7156.410156, 11568.631836 from Land_jmc_militarycase_o_06
18:04:07.522 !!! [CE][Point] Removing 7164.317383, 11578.473633 from Land_jmc_militarycase_o_11
18:04:38.186 [CE][Links] found 0 total links between groups, of 1
18:04:38.186 [CE][SpawnRandomLoot] (StaticVanAmbulance) :: ChildType: Land_jmc_van_ambulance, lootmin: 4, lootmax: 6, wanted: 5
18:04:38.188 [CE][Links] found 0 total links between groups, of 2
18:04:38.188 [CE][SpawnRandomLoot] (StaticVanAmbulance) :: ChildType: Land_jmc_van_ambulance, lootmin: 4, lootmax: 6, wanted: 5
18:04:38.487 [CE][Links] found 0 total links between groups, of 3
18:04:38.487 [CE][SpawnRandomLoot] (StaticSkeletonEventspawn) :: ChildType: Land_jmc_skeleton_clean_1, lootmin: 4, lootmax: 6, wanted: 4
18:04:38.490 [CE][Links] found 0 total links between groups, of 4
18:04:38.490 [CE][SpawnRandomLoot] (StaticSkeletonEventspawn) :: ChildType: Land_jmc_skeleton_burned_2, lootmin: 4, lootmax: 6, wanted: 5
18:04:45.28 [IdleMode] Entering IN - save processed
19:26:09.390 [Login]: Adding player Cygnus (24456295) to login queue at position 0
19:26:09.390 [LoginMachine]: Add player Cygnus (24456295)
19:26:09.390 [StateMachine]: Player Cygnus (dpnid 24456295 uid ) Entering AuthPlayerLoginState
19:26:10.683 [StateMachine]: Player Cygnus (dpnid 24456295 uid ) Entering WaitAuthPlayerLoginState
19:26:11.773 [IdleMode] Leaving OUT
19:26:13.40 Player Cygnus connected (id=hDo_Btwm72QwlIopq6csO7iMF3JQfMqHeAzHsQsXTmo=).
19:26:13.40 Player "Cygnus" is connected (steamID=76561199063202968)
19:26:13.415 [StateMachine]: Player Cygnus (dpnid 24456295 uid hDo_Btwm72QwlIopq6csO7iMF3JQfMqHeAzHsQsXTmo=) Entering DBGetLoginTimeLoginState
19:26:13.417 [StateMachine]: Player Cygnus (dpnid 24456295 uid hDo_Btwm72QwlIopq6csO7iMF3JQfMqHeAzHsQsXTmo=) Entering DBWaitLoginTimeLoginState
19:26:28.419 [StateMachine]: Player Cygnus (dpnid 24456295 uid hDo_Btwm72QwlIopq6csO7iMF3JQfMqHeAzHsQsXTmo=) Entering DBGetCharacterLoginState
19:26:28.421 [StateMachine]: Player Cygnus (dpnid 24456295 uid hDo_Btwm72QwlIopq6csO7iMF3JQfMqHeAzHsQsXTmo=) Entering CreateNetObjectsLoginState
19:26:28.425 [StateMachine]: Player Cygnus (dpnid 24456295 uid hDo_Btwm72QwlIopq6csO7iMF3JQfMqHeAzHsQsXTmo=) Entering PreloadCamLoginState
19:26:28.425 [StateMachine]: Player Cygnus (dpnid 24456295 uid hDo_Btwm72QwlIopq6csO7iMF3JQfMqHeAzHsQsXTmo=) Entering WaitPreloadCamLoginState
19:26:46.230 [StateMachine]: Player Cygnus (dpnid 24456295 uid hDo_Btwm72QwlIopq6csO7iMF3JQfMqHeAzHsQsXTmo=) Entering GetLoadedCharLoginState
19:26:46.268 <LOAD EXISTING CHAR>:
    charID 7
    playerID 7
    dpnid 24456295
    uid hDo_Btwm72QwlIopq6csO7iMF3JQfMqHeAzHsQsXTmo=
19:27:00.676 [CE][LootRespawner] (PRIDummy) :: Item [0] causing search overtime: "PumpkinSeedsPack"
19:27:27.577 [CE][LootRespawner] (PRIDummy) :: Item [1] causing search overtime: "PumpkinSeedsPack"
19:27:54.677 [CE][LootRespawner] (PRIDummy) :: Item [2] causing search overtime: "PumpkinSeedsPack"
19:28:21.377 [CE][LootRespawner] (PRIDummy) :: Item [3] causing search overtime: "PepperSeedsPack"
19:28:21.477 [CE][LootRespawner] (PRIDummy) :: Item [4] causing search overtime: "PumpkinSeedsPack"
19:28:48.377 [CE][LootRespawner] (PRIDummy) :: Item [5] causing search overtime: "TomatoSeedsPack"
19:28:48.477 [CE][LootRespawner] (PRIDummy) :: Item [6] causing search overtime: "PepperSeedsPack"
19:28:48.577 [CE][LootRespawner] (PRIDummy) :: Item [7] causing search overtime: "PumpkinSeedsPack"
19:28:50.376 !!! [CE][Point] Removing 7267.511719, 8371.256836 from SambucusBush2
19:29:15.282 [CE][LootRespawner] (PRIDummy) :: Item [8] causing search overtime: "PepperSeedsPack"
19:29:15.382 [CE][LootRespawner] (PRIDummy) :: Item [9] causing search overtime: "TomatoSeedsPack"
19:29:15.482 [CE][LootRespawner] (PRIDummy) :: Item [10] causing search overtime: "PumpkinSeedsPack"
19:29:42.382 [CE][LootRespawner] (PRIDummy) :: Item [11] causing search overtime: "PepperSeedsPack"
19:29:42.482 [CE][LootRespawner] (PRIDummy) :: Item [12] causing search overtime: "TomatoSeedsPack"
19:29:42.581 [CE][LootRespawner] (PRIDummy) :: Item [13] causing search overtime: "PumpkinSeedsPack"
19:30:09.186 [CE][LootRespawner] (PRIDummy) :: Item [14] causing search overtime: "TomatoSeedsPack"
19:30:09.286 [CE][LootRespawner] (PRIDummy) :: Item [15] causing search overtime: "PepperSeedsPack"
19:30:09.386 [CE][LootRespawner] (PRIDummy) :: Item [16] causing search overtime: "PumpkinSeedsPack"
19:30:11.87 !!! [CE][Point] Removing 7266.215332, 8372.380859 from SambucusBush2
19:30:35.986 [CE][LootRespawner] (PRIDummy) :: Item [17] causing search overtime: "TomatoSeedsPack"
19:30:36.86 [CE][LootRespawner] (PRIDummy) :: Item [18] causing search overtime: "PepperSeedsPack"
19:30:36.186 [CE][LootRespawner] (PRIDummy) :: Item [19] causing search overtime: "PumpkinSeedsPack"
19:32:23.905 !!! [CE][Point] Removing 7160.758789, 11678.957031 from Land_jmc_militarycase_o_11
19:32:23.906 !!! [CE][Point] Removing 7190.900391, 11556.199219 from Land_jmc_militarycase_c_09
19:32:23.907 !!! [CE][Point] Removing 7185.677246, 11568.532227 from Land_jmc_militarycase_o_08
19:32:50.900 !!! [CE][Point] Removing 7174.257813, 11682.478516 from Land_jmc_militarycase_c_01
19:33:17.701 !!! [CE][Point] Removing 7178.247070, 11682.559570 from Land_BusStation_wall_bench
19:33:44.604 !!! [CE][Point] Removing 7174.379883, 11676.623047 from Land_BusStation_wall_bench
19:34:13.201 !!! [CE][Point] Removing 7208.999023, 8383.592773 from SambucusBush2
19:35:32.302 !!! [CE][Point] Removing 7156.010742, 11555.536133 from Land_jmc_militarycase_c_12
19:35:32.304 !!! [CE][Point] Removing 7188.186035, 11568.453125 from Land_jmc_militarycase_o_09
19:35:59.103 !!! [CE][Point] Removing 7176.039063, 11586.541016 from Land_jmc_militarycase_o_06
19:35:59.103 !!! [CE][Point] Removing 7171.539551, 11601.766602 from Land_jmc_militarycase_o_11
19:35:59.105 !!! [CE][Point] Removing 7176.039551, 11591.428711 from Land_jmc_militarycase_o_07
19:35:59.106 !!! [CE][Point] Removing 7194.153809, 11597.856445 from Land_jmc_militarycase_o_11
19:35:59.107 !!! [CE][Point] Removing 7187.367188, 11598.480469 from Land_jmc_militarycase_o_07
19:36:57.01 [CE][Links] found 0 total links between groups, of 5
19:36:57.01 [CE][SpawnRandomLoot] (StaticVanAmbulance) :: ChildType: Land_jmc_van_ambulance, lootmin: 4, lootmax: 6, wanted: 5
19:38:13.201 !!! [CE][Point] Removing 7160.763672, 11576.671875 from Land_BusStation_wall_bench
19:38:15.300 !!! [CE][Point] Removing 7317.079590, 8557.178711 from SambucusBush2
19:38:15.301 !!! [CE][Point] Removing 7305.186035, 8600.849609 from SambucusBush2
19:39:09.702 [CE][Links] found 0 total links between groups, of 6
19:39:09.702 [CE][SpawnRandomLoot] (StaticPoliceCar) :: ChildType: Land_Wreck_Volha_Police, lootmin: 3, lootmax: 5, wanted: 4
19:39:34.02 !!! [CE][Point] Removing 11568.146484, 3787.319336 from Land_Boat_Small2
19:39:34.611 !!! [CE][Point] Removing 722.606201, 380.456451 from Land_jmc_ruinecolumn_loot
19:40:59.403 [CE][Links] found 0 total links between groups, of 7
19:40:59.403 [CE][SpawnRandomLoot] (StaticSkeletonEventspawn) :: ChildType: Land_jmc_skeleton_clean_2, lootmin: 4, lootmax: 6, wanted: 5
19:40:59.405 [CE][Links] found 0 total links between groups, of 8
19:40:59.405 [CE][SpawnRandomLoot] (StaticSkeletonEventspawn) :: ChildType: Land_jmc_skeleton_clean_4, lootmin: 4, lootmax: 6, wanted: 4
19:41:22.103 !!! [CE][Point] Removing 7180.832520, 11682.396484 from Land_jmc_militarycase_o_08
19:41:22.104 !!! [CE][Point] Removing 7169.088867, 11565.916992 from Land_jmc_militarycase_o_12
19:41:22.106 !!! [CE][Point] Removing 7173.125977, 11590.496094 from Land_jmc_skeleton_old_1
19:41:22.106 !!! [CE][Point] Removing 7174.813965, 11590.480469 from Land_jmc_skeleton_old_2
19:41:22.109 !!! [CE][Point] Removing 7174.390625, 11606.895508 from Land_jmc_militarycase_o_12
19:41:22.404 !!! [CE][Point] Removing 7176.464355, 11583.501953 from Land_jmc_militarycase_o_09
19:41:22.405 !!! [CE][Point] Removing 7175.418945, 11607.706055 from Land_jmc_militarycase_o_09
19:41:22.406 !!! [CE][Point] Removing 7191.580078, 11553.846680 from Land_jmc_militarycase_c_07
19:41:49.06 !!! [CE][Point] Removing 7178.079102, 11686.108398 from Land_jmc_military_lootcase
19:41:49.08 !!! [CE][Point] Removing 3659.596680, 9764.916992 from Land_jmc_cabin01
19:41:50.804 [CE][Links] found 0 total links between groups, of 9
19:41:50.804 [CE][SpawnRandomLoot] (StaticHeliCrash) :: ChildType: Wreck_UH1Y, lootmin: 10, lootmax: 20, wanted: 15
19:41:50.810 [CE][Links] found 0 total links between groups, of 10
19:41:50.810 [CE][SpawnRandomLoot] (StaticHeliCrash) :: ChildType: Wreck_UH1Y, lootmin: 10, lootmax: 20, wanted: 11
19:41:50.814 [CE][Links] found 0 total links between groups, of 11
19:41:50.814 [CE][SpawnRandomLoot] (StaticHeliCrash) :: ChildType: Wreck_Mi8, lootmin: 10, lootmax: 20, wanted: 14
19:41:50.818 [CE][Links] found 0 total links between groups, of 12
19:41:50.818 [CE][SpawnRandomLoot] (StaticHeliCrash) :: ChildType: Wreck_UH1Y, lootmin: 10, lootmax: 20, wanted: 19
19:42:15.905 !!! [CE][Point] Removing 7165.928223, 11678.539063 from Land_jmc_skeleton_old_5
19:43:09.107 !!! [CE][Point] Removing 7604.373047, 9933.653320 from Land_jmc_cabin01
19:44:32.505 [CE][Links] found 0 total links between groups, of 13
19:44:32.505 [CE][SpawnRandomLoot] (StaticPoliceCar) :: ChildType: Land_Wreck_Volha_Police, lootmin: 3, lootmax: 5, wanted: 4
19:44:32.507 [CE][Links] found 0 total links between groups, of 14
19:44:32.507 [CE][SpawnRandomLoot] (StaticPoliceCar) :: ChildType: Land_Wreck_Volha_Police, lootmin: 3, lootmax: 5, wanted: 4
19:44:32.508 [CE][Links] found 0 total links between groups, of 15
19:44:32.508 [CE][SpawnRandomLoot] (StaticPoliceCar) :: ChildType: Land_Wreck_Volha_Police, lootmin: 3, lootmax: 5, wanted: 4
19:44:32.510 [CE][Links] found 0 total links between groups, of 16
19:44:32.510 [CE][SpawnRandomLoot] (StaticPoliceCar) :: ChildType: Land_Wreck_Volha_Police, lootmin: 3, lootmax: 5, wanted: 3
19:44:58.804 !!! [CE][Point] Removing 7266.692383, 8370.041992 from SambucusBush2
19:45:23.604 !!! [CE][Point] Removing 7174.813965, 11590.480469 from Land_jmc_skeleton_old_2
19:45:23.605 !!! [CE][Point] Removing 7321.591797, 11525.989258 from Land_Mil_Fortified_Nest_Big
19:45:23.606 !!! [CE][Point] Removing 7173.125977, 11590.496094 from Land_jmc_skeleton_old_1
19:45:23.608 !!! [CE][Point] Removing 7178.484375, 11591.041016 from Land_jmc_skeleton_old_4
19:45:51.05 !!! [CE][Point] Removing 7187.242676, 11607.349609 from Land_jmc_militarycase_o_07
19:45:51.06 !!! [CE][Point] Removing 7267.186523, 11611.096680 from Land_jmc_skeleton_burned_2
19:45:51.08 !!! [CE][Point] Removing 7162.398438, 11656.876953 from Land_jmc_militarycase_o_05
19:45:51.10 !!! [CE][Point] Removing 7192.217773, 11562.439453 from Land_jmc_militarycase_c_06
19:45:51.10 !!! [CE][Point] Removing 7197.381836, 11554.292969 from Land_jmc_militarycase_o_09
19:45:51.11 !!! [CE][Point] Removing 7178.484375, 11591.041016 from Land_jmc_skeleton_old_4
19:45:51.11 !!! [CE][Point] Removing 7173.125977, 11590.496094 from Land_jmc_skeleton_old_1
19:45:51.11 !!! [CE][Point] Removing 7319.910645, 11527.123047 from Land_Mil_Fortified_Nest_Big
19:46:17.436 [Disconnect]: Start script disconnect 24456295 (dbCharacterId 7 dbPlayerId 7) logoutTime 15
19:46:17.512 !!! [CE][Point] Removing 7174.402832, 11670.660156 from Land_BusStation_wall_bench
19:46:19.436 [Disconnect]: Client 24456295 disconnecting
19:46:19.436 [Disconnect]: Client 24456295 early disconnect
19:46:19.436 [Disconnect]: Start script disconnect 24456295 (dbCharacterId 7 dbPlayerId 7) logoutTime 15
19:46:19.498 [Disconnect]: Remove player info 24456295
19:46:19.504 [Disconnect]: Player destroy 24456295 
19:46:22.239 [CE][Links] found 0 total links between groups, of 17
19:46:22.239 [CE][SpawnRandomLoot] (StaticSkeletonEventspawn) :: ChildType: Land_jmc_skeleton_burned_2, lootmin: 4, lootmax: 6, wanted: 5
19:46:32.437 [Disconnect]: Finish script disconnect -1
19:47:22.477 [IdleMode] Entering IN - save processed
21:11:57.697 [Login]: Adding player Cygnus (30000900) to login queue at position 0
21:11:57.697 [LoginMachine]: Add player Cygnus (30000900)
21:11:57.697 [StateMachine]: Player Cygnus (dpnid 30000900 uid ) Entering AuthPlayerLoginState
21:11:58.998 [StateMachine]: Player Cygnus (dpnid 30000900 uid ) Entering WaitAuthPlayerLoginState
21:12:00.410 Player Cygnus connected (id=hDo_Btwm72QwlIopq6csO7iMF3JQfMqHeAzHsQsXTmo=).
21:12:00.410 Player "Cygnus" is connected (steamID=76561199063202968)
21:12:00.807 [StateMachine]: Player Cygnus (dpnid 30000900 uid hDo_Btwm72QwlIopq6csO7iMF3JQfMqHeAzHsQsXTmo=) Entering DBGetLoginTimeLoginState
21:12:00.809 [StateMachine]: Player Cygnus (dpnid 30000900 uid hDo_Btwm72QwlIopq6csO7iMF3JQfMqHeAzHsQsXTmo=) Entering DBWaitLoginTimeLoginState
21:12:01.646 [IdleMode] Leaving OUT
21:12:15.809 [StateMachine]: Player Cygnus (dpnid 30000900 uid hDo_Btwm72QwlIopq6csO7iMF3JQfMqHeAzHsQsXTmo=) Entering DBGetCharacterLoginState
21:12:15.810 [StateMachine]: Player Cygnus (dpnid 30000900 uid hDo_Btwm72QwlIopq6csO7iMF3JQfMqHeAzHsQsXTmo=) Entering CreateNetObjectsLoginState
21:12:15.813 [StateMachine]: Player Cygnus (dpnid 30000900 uid hDo_Btwm72QwlIopq6csO7iMF3JQfMqHeAzHsQsXTmo=) Entering PreloadCamLoginState
21:12:15.814 [StateMachine]: Player Cygnus (dpnid 30000900 uid hDo_Btwm72QwlIopq6csO7iMF3JQfMqHeAzHsQsXTmo=) Entering WaitPreloadCamLoginState
21:12:24.448 !!! [CE][Point] Removing 7267.186523, 11611.096680 from Land_jmc_skeleton_burned_2
21:12:37.865 [StateMachine]: Player Cygnus (dpnid 30000900 uid hDo_Btwm72QwlIopq6csO7iMF3JQfMqHeAzHsQsXTmo=) Entering GetLoadedCharLoginState
21:12:37.883 <LOAD EXISTING CHAR>:
    charID 7
    playerID 7
    dpnid 30000900
    uid hDo_Btwm72QwlIopq6csO7iMF3JQfMqHeAzHsQsXTmo=
21:12:50.950 !!! [CE][Point] Removing 3180.941650, 5470.141113 from Land_Boat_Small1
21:13:46.447 !!! [CE][Point] Removing 7267.511719, 8371.256836 from SambucusBush2
21:15:07.152 !!! [CE][Point] Removing 7317.079590, 8557.178711 from SambucusBush2
21:15:09.252 [CE][Links] found 0 total links between groups, of 18
21:15:09.252 [CE][SpawnRandomLoot] (StaticVanPinkies) :: ChildType: Land_jmc_van_pinkies, lootmin: 4, lootmax: 6, wanted: 4
21:15:09.253 [CE][Links] found 0 total links between groups, of 19
21:15:09.253 [CE][SpawnRandomLoot] (StaticVanPinkies) :: ChildType: Land_jmc_van_pinkies, lootmin: 4, lootmax: 6, wanted: 4
21:15:09.254 [CE][Links] found 0 total links between groups, of 20
21:15:09.254 [CE][SpawnRandomLoot] (StaticVanPinkies) :: ChildType: Land_jmc_van_pinkies, lootmin: 4, lootmax: 6, wanted: 4
21:15:09.258 [CE][Links] found 0 total links between groups, of 21
21:15:09.258 [CE][SpawnRandomLoot] (StaticVanPinkies) :: ChildType: Land_jmc_van_pinkies, lootmin: 4, lootmax: 6, wanted: 4
21:15:32.552 !!! [CE][Point] Removing 7160.754395, 11616.364258 from Land_jmc_militarycase_o_08
21:15:32.553 !!! [CE][Point] Removing 7173.330078, 11606.138672 from Land_jmc_militarycase_c_06
21:15:32.554 !!! [CE][Point] Removing 7183.866699, 11569.283203 from Land_jmc_skeleton_old_5
21:15:32.557 !!! [CE][Point] Removing 7152.880371, 11568.689453 from Land_jmc_militarycase_c_06
21:15:32.558 !!! [CE][Point] Removing 7158.622559, 11587.934570 from Land_jmc_militarycase_o_08
21:17:20.53 !!! [CE][Point] Removing 7180.955078, 11678.092773 from Land_BusStation_wall_bench
21:17:51.252 [CE][Links] found 0 total links between groups, of 22
21:17:51.252 [CE][SpawnRandomLoot] (StaticSkeletonEventspawn) :: ChildType: Land_jmc_skeleton_old_5, lootmin: 4, lootmax: 6, wanted: 4
21:18:43.55 [CE][Links] found 0 total links between groups, of 23
21:18:43.55 [CE][SpawnRandomLoot] (StaticPoliceCar) :: ChildType: Land_Wreck_Volha_Police, lootmin: 3, lootmax: 5, wanted: 3
21:19:09.354 !!! [CE][Point] Removing 5528.387207, 9282.557617 from SambucusBush2
21:19:34.557 !!! [CE][Point] Removing 7165.928223, 11678.539063 from Land_jmc_skeleton_old_5
21:20:04.657 !!! [CE][Point] Removing 5310.527832, 9132.525391 from PiceaAbies_2d
21:20:55.356 !!! [CE][Point] Removing 7179.251953, 11685.856445 from Land_jmc_military_lootcase
21:21:24.457 [CE][Links] found 0 total links between groups, of 24
21:21:24.457 [CE][SpawnRandomLoot] (StaticPoliceCar) :: ChildType: Land_Wreck_Volha_Police, lootmin: 3, lootmax: 5, wanted: 4
21:21:24.459 [CE][Links] found 0 total links between groups, of 25
21:21:24.459 [CE][SpawnRandomLoot] (StaticPoliceCar) :: ChildType: Land_Wreck_Volha_Police, lootmin: 3, lootmax: 5, wanted: 4
21:22:16.57 !!! [CE][Point] Removing 7166.823242, 11664.680664 from Land_BusStation_wall_bench
21:23:09.862 !!! [CE][Point] Removing 7179.108887, 11677.737305 from Land_jmc_militarycase_o_07
21:23:09.866 !!! [CE][Point] Removing 7162.368164, 11653.823242 from Land_jmc_militarycase_c_09
21:23:13.856 [CE][Links] found 0 total links between groups, of 26
21:23:13.856 [CE][SpawnRandomLoot] (StaticVanAmbulance) :: ChildType: Land_jmc_van_ambulance, lootmin: 4, lootmax: 6, wanted: 4
21:24:03.157 !!! [CE][Point] Removing 7160.167969, 11636.795898 from Land_jmc_skeleton_gnawed_5
21:24:03.158 !!! [CE][Point] Removing 372.451599, 882.701904 from Land_jmc_ruinecolumn_loot
21:24:30.58 !!! [CE][Point] Removing 1525.467896, 11771.351563 from Land_jmc_militarycase_o_11
21:24:34.856 [CE][Links] found 0 total links between groups, of 27
21:24:34.856 [CE][SpawnRandomLoot] (StaticSkeletonEventspawn) :: ChildType: Land_jmc_skeleton_bloody_2, lootmin: 4, lootmax: 6, wanted: 4
21:25:23.862 !!! [CE][Point] Removing 2046.131836, 9048.794922 from Land_strazni_vez
21:25:51.158 !!! [CE][Point] Removing 366.767334, 778.201416 from Land_jmc_ruinecolumn_loot
21:28:32.557 !!! [CE][Point] Removing 7180.978516, 11679.879883 from Land_BusStation_wall_bench
21:28:32.656 !!! [CE][Point] Removing 7167.710449, 11588.201172 from Land_BusStation_wall_bench
21:28:34.255 !!! [CE][Point] Removing 3594.232666, 8860.745117 from SambucusBush2
21:29:25.961 !!! [CE][Point] Removing 760.000671, 307.299805 from Land_jmc_ruinecolumn_loot
21:29:26.655 !!! [CE][Point] Removing 1441.068359, 11922.526367 from Land_jmc_militarycase_c_07
21:29:26.656 !!! [CE][Point] Removing 7103.649902, 11618.441406 from Land_jmc_militarycase_c_07
21:29:26.656 !!! [CE][Point] Removing 1379.247192, 11654.273438 from Land_jmc_militarycase_c_03
21:29:26.657 !!! [CE][Point] Removing 1433.988281, 11918.303711 from Land_jmc_militarycase_o_09
21:29:30.165 !!! [CE][Point] Removing 3547.822998, 8907.671875 from Haybale
21:29:52.866 !!! [CE][Point] Removing 372.825104, 882.388489 from Land_jmc_ruinecolumn_loot
21:30:19.772 !!! [CE][Point] Removing 810.399353, 391.428802 from Land_jmc_ruinecolumn_loot
21:30:20.269 !!! [CE][Point] Removing 4608.319824, 6996.845215 from Land_strazni_vez
21:30:20.368 !!! [CE][Point] Removing 7178.484375, 11591.041016 from Land_jmc_skeleton_old_4
21:30:20.467 !!! [CE][Point] Removing 7180.969727, 11681.090820 from Land_BusStation_wall_bench
21:30:20.469 !!! [CE][Point] Removing 7161.974609, 11576.686523 from Land_BusStation_wall_bench
21:30:47.268 !!! [CE][Point] Removing 721.556213, 329.390472 from Land_jmc_ruinecolumn_loot
21:30:49.367 [CE][Links] found 0 total links between groups, of 28
21:30:49.367 [CE][SpawnRandomLoot] (StaticPoliceCar) :: ChildType: Land_Wreck_Volha_Police, lootmin: 3, lootmax: 5, wanted: 4
21:30:49.369 [CE][Links] found 0 total links between groups, of 29
21:30:49.369 [CE][SpawnRandomLoot] (StaticPoliceCar) :: ChildType: Land_Wreck_Volha_Police, lootmin: 3, lootmax: 5, wanted: 4
21:31:13.569 !!! [CE][Point] Removing 5216.154785, 8858.731445 from Land_Boat_Small3
21:31:14.70 !!! [CE][Point] Removing 7165.928223, 11678.539063 from Land_jmc_skeleton_old_5
21:33:28.570 !!! [CE][Point] Removing 7189.465820, 11673.093750 from Land_jmc_militarycase_o_09
21:33:28.570 !!! [CE][Point] Removing 7103.856934, 11620.941406 from Land_jmc_militarycase_o_07
21:33:28.572 !!! [CE][Point] Removing 7179.178711, 11631.274414 from Land_jmc_militarycase_o_11
21:33:28.573 !!! [CE][Point] Removing 7154.261719, 11593.990234 from Land_jmc_militarycase_o_07
21:33:28.574 !!! [CE][Point] Removing 7192.053223, 11560.669922 from Land_jmc_militarycase_o_05
21:33:28.575 !!! [CE][Point] Removing 7267.477051, 11615.902344 from Land_jmc_militarycase_o_09
21:33:28.576 !!! [CE][Point] Removing 7191.911621, 11568.193359 from Land_jmc_militarycase_o_11
21:33:59.468 [CE][Links] found 0 total links between groups, of 30
21:33:59.468 [CE][SpawnRandomLoot] (StaticVanAmbulance) :: ChildType: Land_jmc_van_ambulance, lootmin: 4, lootmax: 6, wanted: 4
21:33:59.469 [CE][Links] found 2 total links between groups, of 31
21:33:59.469 [CE][SpawnRandomLoot] (StaticVanAmbulance) :: ChildType: Land_jmc_van_ambulance, lootmin: 4, lootmax: 6, wanted: 4
21:33:59.769 [CE][Links] found 2 total links between groups, of 32
21:33:59.769 [CE][SpawnRandomLoot] (StaticSkeletonEventspawn) :: ChildType: Land_jmc_skeleton_gnawed_4, lootmin: 4, lootmax: 6, wanted: 5
21:36:09.969 !!! [CE][Point] Removing 7152.188965, 11606.745117 from Land_BusStation_wall_bench
21:36:41.168 [CE][Links] found 2 total links between groups, of 33
21:36:41.168 [CE][SpawnRandomLoot] (StaticSkeletonEventspawn) :: ChildType: Land_jmc_skeleton_clean_5, lootmin: 4, lootmax: 6, wanted: 4
21:37:30.771 !!! [CE][Point] Removing 5013.819824, 7032.260742 from Land_strazni_vez
21:37:30.772 !!! [CE][Point] Removing 4588.980469, 7324.826172 from Land_strazni_vez
21:37:57.170 !!! [CE][Point] Removing 365.732788, 883.015930 from Land_jmc_ruinecolumn_loot
21:39:45.271 !!! [CE][Point] Removing 7166.499512, 11588.201172 from Land_BusStation_wall_bench
21:42:53.479 !!! [CE][Point] Removing 7188.857910, 11591.157227 from Land_jmc_military_lootcase
21:42:53.481 !!! [CE][Point] Removing 7194.047363, 11553.902344 from Land_jmc_militarycase_o_12
21:43:20.376 [CE][LootRespawner] (PRIDummy) :: Item [0] is hard to place, performance drops: "Raincoat_Orange"
21:43:20.376 [CE][LootRespawner] (PRIDummy) :: Item [1] is hard to place, performance drops: "Raincoat_Orange"
21:43:21.974 !!! [CE][Point] Removing 3693.667236, 8883.057617 from SambucusBush1
21:44:14.275 !!! [CE][Point] Removing 366.412506, 769.814453 from Land_jmc_ruinecolumn_loot
21:44:14.277 !!! [CE][Point] Removing 784.396423, 304.305511 from Land_jmc_ruinecolumn_loot
21:44:17.275 !!! [CE][Point] Removing 3548.831787, 8841.285156 from PiceaAbies_stumpB
21:44:41.275 [CE][LootRespawner] (PRIDummy) :: Item [2] is hard to place, performance drops: "ParamedicJacket_Blue"
21:44:41.378 !!! [CE][Point] Removing 7176.726074, 11678.677734 from Land_jmc_militarycase_o_07
21:44:41.381 !!! [CE][Point] Removing 7162.553223, 11655.167969 from Land_jmc_militarycase_c_12
21:44:45.75 [CE][Links] found 2 total links between groups, of 34
21:44:45.75 [CE][SpawnRandomLoot] (StaticVanAmbulance) :: ChildType: Land_jmc_van_ambulance, lootmin: 4, lootmax: 6, wanted: 4
21:46:01.757 !!! [CE][Point] Removing 7191.864746, 11588.292969 from Land_jmc_militarycase_o_11
21:46:01.758 !!! [CE][Point] Removing 7174.722168, 11614.373047 from Land_jmc_militarycase_o_08
21:46:01.761 !!! [CE][Point] Removing 7198.099609, 11595.975586 from Land_jmc_militarycase_c_07
21:46:01.764 !!! [CE][Point] Removing 7160.169434, 11657.359375 from Land_jmc_militarycase_o_08
21:46:57.858 [CE][Links] found 2 total links between groups, of 35
21:46:57.858 [CE][SpawnRandomLoot] (StaticPoliceCar) :: ChildType: Land_Wreck_Volha_Police, lootmin: 3, lootmax: 5, wanted: 4
21:46:58.756 !!! [CE][Point] Removing 3452.532959, 8829.306641 from PinusSylvestris_fallen
21:46:59.57 !!! [CE][Point] Removing 3449.138916, 8877.198242 from QuercusRobur_stump
21:46:59.356 !!! [CE][Point] Removing 3547.822998, 8907.671875 from Haybale
21:47:22.558 [CE][LootRespawner] (PRIDummy) :: Item [3] is hard to place, performance drops: "ParamedicJacket_Crimson"
21:47:22.558 [CE][LootRespawner] (PRIDummy) :: Item [4] is hard to place, performance drops: "ParamedicJacket_Crimson"
21:48:47.558 [CE][Links] found 2 total links between groups, of 36
21:48:47.558 [CE][SpawnRandomLoot] (StaticSkeletonEventspawn) :: ChildType: Land_jmc_skeleton_bloody_5, lootmin: 4, lootmax: 6, wanted: 4
21:49:37.58 !!! [CE][Point] Removing 366.105774, 883.016602 from Land_jmc_ruinecolumn_loot
21:49:38.960 [CE][Links] found 2 total links between groups, of 37
21:49:38.960 [CE][SpawnRandomLoot] (StaticHeliCrash) :: ChildType: Wreck_Mi8, lootmin: 10, lootmax: 20, wanted: 10
21:49:38.966 [CE][Links] found 2 total links between groups, of 38
21:49:38.966 [CE][SpawnRandomLoot] (StaticHeliCrash) :: ChildType: Wreck_UH1Y, lootmin: 10, lootmax: 20, wanted: 10
21:49:38.973 [CE][Links] found 2 total links between groups, of 39
21:49:38.973 [CE][SpawnRandomLoot] (StaticHeliCrash) :: ChildType: Wreck_UH1Y, lootmin: 10, lootmax: 20, wanted: 10
21:49:38.975 [CE][Links] found 4 total links between groups, of 40
21:49:38.975 [CE][SpawnRandomLoot] (StaticHeliCrash) :: ChildType: Wreck_UH1Y, lootmin: 10, lootmax: 20, wanted: 18
21:51:28.957 [CE][Links] found 4 total links between groups, of 41
21:51:28.957 [CE][SpawnRandomLoot] (StaticSkeletonEventspawn) :: ChildType: Land_jmc_skeleton_bloody_1, lootmin: 4, lootmax: 6, wanted: 5
21:51:51.559 !!! [CE][Point] Removing 7178.958984, 11685.918945 from Land_jmc_military_lootcase
21:51:51.562 !!! [CE][Point] Removing 7623.883789, 9951.583984 from Land_jmc_cabin01
21:51:51.759 !!! [CE][Point] Removing 4589.254395, 7326.842773 from Land_strazni_vez
21:52:20.657 [CE][Links] found 4 total links between groups, of 42
21:52:20.657 [CE][SpawnRandomLoot] (StaticPoliceCar) :: ChildType: Land_Wreck_Volha_Police, lootmin: 3, lootmax: 5, wanted: 3
21:52:20.659 [CE][Links] found 4 total links between groups, of 43
21:52:20.659 [CE][SpawnRandomLoot] (StaticPoliceCar) :: ChildType: Land_Wreck_Volha_Police, lootmin: 3, lootmax: 5, wanted: 3
21:52:20.662 [CE][Links] found 4 total links between groups, of 44
21:52:20.662 [CE][SpawnRandomLoot] (StaticPoliceCar) :: ChildType: Land_Wreck_Volha_Police, lootmin: 3, lootmax: 5, wanted: 3
21:52:20.663 [CE][Links] found 6 total links between groups, of 45
21:52:20.663 [CE][SpawnRandomLoot] (StaticPoliceCar) :: ChildType: Land_Wreck_Volha_Police, lootmin: 3, lootmax: 5, wanted: 3
21:54:10.358 [CE][Links] found 6 total links between groups, of 46
21:54:10.358 [CE][SpawnRandomLoot] (StaticSkeletonEventspawn) :: ChildType: Land_jmc_skeleton_gnawed_1, lootmin: 4, lootmax: 6, wanted: 4
21:56:20.661 !!! [CE][Point] Removing 7158.744141, 11560.833008 from Land_jmc_militarycase_o_09
21:56:20.662 !!! [CE][Point] Removing 7186.941895, 11555.553711 from Land_jmc_militarycase_o_12
21:56:20.664 !!! [CE][Point] Removing 7182.710449, 11647.839844 from Land_jmc_militarycase_o_05
21:56:20.665 !!! [CE][Point] Removing 7178.497070, 11601.498047 from Land_jmc_militarycase_o_12
21:56:20.666 !!! [CE][Point] Removing 7160.065918, 11656.517578 from Land_jmc_militarycase_c_06
21:56:40.334 [Login]: Adding player alexios (17443304) to login queue at position 0
21:56:40.334 [LoginMachine]: Add player alexios (17443304)
21:56:40.334 [StateMachine]: Player alexios (dpnid 17443304 uid ) Entering AuthPlayerLoginState
21:56:41.768 [StateMachine]: Player alexios (dpnid 17443304 uid ) Entering WaitAuthPlayerLoginState
21:56:42.955 Player alexios connected (id=dNltWElBg21tP8jBzA87aVZyuFTvx4hujP8j-blHbc8=).
21:56:42.955 Player "alexios" is connected (steamID=76561198795695470)
21:56:43.212 [StateMachine]: Player alexios (dpnid 17443304 uid dNltWElBg21tP8jBzA87aVZyuFTvx4hujP8j-blHbc8=) Entering DBGetLoginTimeLoginState
21:56:43.217 [StateMachine]: Player alexios (dpnid 17443304 uid dNltWElBg21tP8jBzA87aVZyuFTvx4hujP8j-blHbc8=) Entering DBWaitLoginTimeLoginState
21:56:49.60 !!! [CE][Point] Removing 3722.216553, 8867.326172 from SambucusBush1
21:56:58.217 [StateMachine]: Player alexios (dpnid 17443304 uid dNltWElBg21tP8jBzA87aVZyuFTvx4hujP8j-blHbc8=) Entering DBGetCharacterLoginState
21:56:58.219 [StateMachine]: Player alexios (dpnid 17443304 uid dNltWElBg21tP8jBzA87aVZyuFTvx4hujP8j-blHbc8=) Entering CreateNetObjectsLoginState
21:56:58.222 [StateMachine]: Player alexios (dpnid 17443304 uid dNltWElBg21tP8jBzA87aVZyuFTvx4hujP8j-blHbc8=) Entering PreloadCamLoginState
21:56:58.222 [StateMachine]: Player alexios (dpnid 17443304 uid dNltWElBg21tP8jBzA87aVZyuFTvx4hujP8j-blHbc8=) Entering WaitPreloadCamLoginState
21:57:14.61 [StateMachine]: Player alexios (dpnid 17443304 uid dNltWElBg21tP8jBzA87aVZyuFTvx4hujP8j-blHbc8=) Entering GetNewCharLoginState
21:57:14.75 <CREATE NEW CHAR>:
    charID 20
    playerID 20
    dpnid 17443304
    uid dNltWElBg21tP8jBzA87aVZyuFTvx4hujP8j-blHbc8=
21:57:14.261 !!! [CE][Point] Removing 4508.708984, 7197.955078 from Land_strazni_vez
21:57:14.261 !!! [CE][Point] Removing 4610.249023, 6996.196777 from Land_strazni_vez
21:57:44.361 !!! [CE][Point] Removing 10276.667969, 5554.645996 from PiceaAbies_fallen
21:58:11.861 [CE][Links] found 6 total links between groups, of 47
21:58:11.861 [CE][SpawnRandomLoot] (StaticVanPinkies) :: ChildType: Land_jmc_van_pinkies, lootmin: 4, lootmax: 6, wanted: 5
21:58:11.862 [CE][Links] found 8 total links between groups, of 48
21:58:11.862 [CE][SpawnRandomLoot] (StaticVanPinkies) :: ChildType: Land_jmc_van_pinkies, lootmin: 4, lootmax: 6, wanted: 5
21:58:11.863 [CE][Links] found 8 total links between groups, of 49
21:58:11.863 [CE][SpawnRandomLoot] (StaticVanPinkies) :: ChildType: Land_jmc_van_pinkies, lootmin: 4, lootmax: 6, wanted: 5
21:58:11.864 [CE][Links] found 10 total links between groups, of 50
21:58:11.864 [CE][SpawnRandomLoot] (StaticVanPinkies) :: ChildType: Land_jmc_van_pinkies, lootmin: 4, lootmax: 6, wanted: 4
21:59:38.96 Respawn: Add player alexios (17443304) to respawn machine
21:59:38.96 [StateMachine]: Player alexios (dpnid 17443304 uid ) Entering GetCharacterRespawnState
21:59:38.97 [StateMachine]: Player alexios (dpnid 17443304 uid ) Entering PreloadCamRespawnState
21:59:38.98 [StateMachine]: Player alexios (dpnid 17443304 uid ) Entering WaitPreloadCamRespawnState
21:59:53.437 [StateMachine]: Player alexios (dpnid 17443304 uid ) Entering GetNewCharRespawnState
21:59:53.452 <RESPAWN NEW CHAR>:
    charID 20
    playerID 20
    dpnid 17443304
    uid dNltWElBg21tP8jBzA87aVZyuFTvx4hujP8j-blHbc8=
22:00:26.68 !!! [CE][Point] Removing 1611.538208, 9260.830078 from QuercusRobur_fallenB
22:00:53.869 [CE][Links] found 10 total links between groups, of 51
22:00:53.869 [CE][SpawnRandomLoot] (StaticSkeletonEventspawn) :: ChildType: Land_jmc_skeleton_old_4, lootmin: 4, lootmax: 6, wanted: 5
22:01:45.569 [CE][Links] found 10 total links between groups, of 52
22:01:45.569 [CE][SpawnRandomLoot] (StaticPoliceCar) :: ChildType: Land_Wreck_Volha_Police, lootmin: 3, lootmax: 5, wanted: 4
22:04:26.985 [CE][Links] found 10 total links between groups, of 53
22:04:26.985 [CE][SpawnRandomLoot] (StaticPoliceCar) :: ChildType: Land_Wreck_Volha_Police, lootmin: 3, lootmax: 5, wanted: 4
22:04:26.987 [CE][Links] found 10 total links between groups, of 54
22:04:26.987 [CE][SpawnRandomLoot] (StaticPoliceCar) :: ChildType: Land_Wreck_Volha_Police, lootmin: 3, lootmax: 5, wanted: 3
22:05:45.405 !!! [CE][Point] Removing 1485.284912, 11861.099609 from Land_jmc_skeleton_old_1
22:05:48.604 !!! [CE][Point] Removing 5276.334473, 9067.417969 from PiceaAbies_2d
22:06:14.05 !!! [CE][Point] Removing 5300.699707, 9057.401367 from SambucusBush1
22:06:16.405 [CE][Links] found 10 total links between groups, of 55
22:06:16.405 [CE][SpawnRandomLoot] (StaticVanAmbulance) :: ChildType: Land_jmc_van_ambulance, lootmin: 4, lootmax: 6, wanted: 4
22:07:33.208 !!! [CE][Point] Removing 7144.936035, 11639.708008 from Land_BusStation_wall_bench
22:07:34.707 !!! [CE][Point] Removing 5254.458008, 8959.198242 from SambucusBush1
22:07:34.707 !!! [CE][Point] Removing 5300.699707, 9057.401367 from SambucusBush1
22:07:34.707 !!! [CE][Point] Removing 5297.015625, 9063.765625 from SambucusBush1
22:07:37.407 [CE][Links] found 12 total links between groups, of 56
22:07:37.407 [CE][SpawnRandomLoot] (StaticSkeletonEventspawn) :: ChildType: Land_jmc_skeleton_gnawed_1, lootmin: 4, lootmax: 6, wanted: 4
22:08:00.07 !!! [CE][Point] Removing 7174.360840, 11677.833984 from Land_BusStation_wall_bench
22:09:20.708 !!! [CE][Point] Removing 7178.665527, 11685.982422 from Land_jmc_military_lootcase
22:09:20.710 !!! [CE][Point] Removing 7188.847168, 11592.356445 from Land_jmc_military_lootcase
22:09:20.710 [CE][LootRespawner] (PRIDummy) :: Item [5] is hard to place, performance drops: "PoliceVest"
22:10:16.595 !!! [CE][Point] Removing 5705.843750, 9240.804688 from SambucusBush2
22:11:08.295 !!! [CE][Point] Removing 7166.809570, 11665.891602 from Land_BusStation_wall_bench
22:11:35.698 !!! [CE][Point] Removing 7178.572754, 11600.803711 from Land_BusStation_wall_bench
22:12:57.998 !!! [CE][Point] Removing 6231.206055, 9703.985352 from SambucusBush2
22:13:52.399 [CE][Links] found 12 total links between groups, of 57
22:13:52.399 [CE][SpawnRandomLoot] (StaticPoliceCar) :: ChildType: Land_Wreck_Volha_Police, lootmin: 3, lootmax: 5, wanted: 3
22:13:52.401 [CE][Links] found 14 total links between groups, of 58
22:13:52.401 [CE][SpawnRandomLoot] (StaticPoliceCar) :: ChildType: Land_Wreck_Volha_Police, lootmin: 3, lootmax: 5, wanted: 4
22:14:18.718 !!! [CE][Point] Removing 6271.154785, 9686.807617 from SambucusBush2
22:15:39.429 !!! [CE][Point] Removing 6295.343262, 9580.204102 from SambucusBush1
22:15:39.429 !!! [CE][Point] Removing 6271.154785, 9686.807617 from SambucusBush2
22:15:39.429 !!! [CE][Point] Removing 6261.432129, 9706.395508 from SambucusBush2
22:16:04.730 !!! [CE][Point] Removing 7174.813965, 11590.480469 from Land_jmc_skeleton_old_2
22:16:04.733 !!! [CE][Point] Removing 7164.669922, 11664.787109 from Land_jmc_militarycase_o_09
22:16:04.734 !!! [CE][Point] Removing 7177.741699, 11678.675781 from Land_jmc_militarycase_o_11
22:16:04.734 !!! [CE][Point] Removing 7178.372070, 11686.045898 from Land_jmc_military_lootcase
22:16:04.736 !!! [CE][Point] Removing 7158.818848, 11563.338867 from Land_jmc_militarycase_o_08
22:16:58.430 !!! [CE][Point] Removing 7173.956055, 11646.958008 from Land_jmc_militarycase_o_08
22:16:58.432 !!! [CE][Point] Removing 7191.696777, 11590.946289 from Land_jmc_militarycase_o_08
22:16:58.432 !!! [CE][Point] Removing 7151.122559, 11563.342773 from Land_jmc_militarycase_c_12
22:16:58.435 !!! [CE][Point] Removing 7190.909668, 11605.926758 from Land_jmc_militarycase_o_05
22:17:02.530 [CE][Links] found 14 total links between groups, of 59
22:17:02.530 [CE][SpawnRandomLoot] (StaticVanAmbulance) :: ChildType: Land_jmc_van_ambulance, lootmin: 4, lootmax: 6, wanted: 4
22:17:02.532 [CE][Links] found 18 total links between groups, of 60
22:17:02.532 [CE][SpawnRandomLoot] (StaticVanAmbulance) :: ChildType: Land_jmc_van_ambulance, lootmin: 4, lootmax: 6, wanted: 5
22:17:02.831 [CE][Links] found 18 total links between groups, of 61
22:17:02.831 [CE][SpawnRandomLoot] (StaticSkeletonEventspawn) :: ChildType: Land_jmc_skeleton_bloody_5, lootmin: 4, lootmax: 6, wanted: 4
22:19:44.266 [CE][Links] found 18 total links between groups, of 62
22:19:44.266 [CE][SpawnRandomLoot] (StaticSkeletonEventspawn) :: ChildType: Land_jmc_skeleton_gnawed_4, lootmin: 4, lootmax: 6, wanted: 5
22:20:06.766 !!! [CE][Point] Removing 7183.866699, 11569.283203 from Land_jmc_skeleton_old_5
22:21:27.854 !!! [CE][Point] Removing 4037.983154, 15401.783203 from Land_Container_1Aoh
22:22:21.654 !!! [CE][Point] Removing 3814.755859, 9733.528320 from Land_jmc_cabin01
22:25:04.461 !!! [CE][Point] Removing 2351.148926, 9218.438477 from SambucusBush1
22:26:25.162 !!! [CE][Point] Removing 6467.999512, 8597.703125 from SambucusBush2
22:26:50.462 !!! [CE][Point] Removing 1485.284912, 11861.099609 from Land_jmc_skeleton_old_1
22:27:40.205 [Disconnect]: Start script disconnect 17443304 (dbCharacterId 20 dbPlayerId 20) logoutTime 15
22:27:42.915 [Disconnect]: Client 17443304 disconnecting
22:27:42.915 [Disconnect]: Client 17443304 early disconnect
22:27:42.915 [Disconnect]: Start script disconnect 17443304 (dbCharacterId 20 dbPlayerId 20) logoutTime 15
22:27:44.262 !!! [CE][Point] Removing 356.790802, 778.888794 from Land_jmc_ruinecolumn_loot
22:27:45.861 !!! [CE][Point] Removing 6468.648438, 8596.115234 from SambucusBush2
22:27:48.261 [CE][Links] found 18 total links between groups, of 63
22:27:48.261 [CE][SpawnRandomLoot] (StaticVanAmbulance) :: ChildType: Land_jmc_van_ambulance, lootmin: 4, lootmax: 6, wanted: 5
22:27:53.894 [Disconnect]: No packets from 17443304
22:27:53.894 [Disconnect]: Already in progress 17443304 
22:27:55.206 [Disconnect]: Finish script disconnect 17443304
22:27:55.206 [Disconnect]: DisconnectPlayerFinish 17443304
22:27:55.206 [Disconnect]: Remove player info 17443304
22:27:55.216 [Disconnect]: Player destroy 17443304 
22:28:38.285 !!! [CE][Point] Removing 8969.822266, 2510.820557 from Land_Boat_Small1
22:28:38.385 !!! [CE][Point] Removing 4509.429688, 7196.737305 from Land_strazni_vez
22:28:38.385 !!! [CE][Point] Removing 4610.052734, 6997.686523 from Land_strazni_vez
22:29:05.123 [Disconnect]: Start script disconnect 30000900 (dbCharacterId 7 dbPlayerId 7) logoutTime 15
22:29:06.589 !!! [CE][Point] Removing 6466.489746, 8597.334961 from SambucusBush2
22:29:06.670 [Disconnect]: Client 30000900 disconnecting
22:29:06.670 [Disconnect]: Client 30000900 early disconnect
22:29:06.670 [Disconnect]: Start script disconnect 30000900 (dbCharacterId 7 dbPlayerId 7) logoutTime 15
22:29:16.894 [Disconnect]: No packets from 30000900
22:29:16.894 [Disconnect]: Already in progress 30000900 
22:29:20.123 [Disconnect]: Finish script disconnect 30000900
22:29:20.123 [Disconnect]: DisconnectPlayerFinish 30000900
22:29:20.123 [Disconnect]: Remove player info 30000900
22:29:20.130 [Disconnect]: Player destroy 30000900 
22:29:27.727 [Login]: Adding player Cygnus (385193753) to login queue at position 0
22:29:27.727 [LoginMachine]: Add player Cygnus (385193753)
22:29:27.727 [StateMachine]: Player Cygnus (dpnid 385193753 uid ) Entering AuthPlayerLoginState
22:29:28.915 [StateMachine]: Player Cygnus (dpnid 385193753 uid ) Entering WaitAuthPlayerLoginState
22:29:30.305 Player Cygnus connected (id=hDo_Btwm72QwlIopq6csO7iMF3JQfMqHeAzHsQsXTmo=).
22:29:30.305 Player "Cygnus" is connected (steamID=76561199063202968)
22:29:36.223 [StateMachine]: Player Cygnus (dpnid 385193753 uid hDo_Btwm72QwlIopq6csO7iMF3JQfMqHeAzHsQsXTmo=) Entering DBGetLoginTimeLoginState
22:29:36.224 [StateMachine]: Player Cygnus (dpnid 385193753 uid hDo_Btwm72QwlIopq6csO7iMF3JQfMqHeAzHsQsXTmo=) Entering DBWaitLoginTimeLoginState
22:29:42.437 [Login]: Adding player alexios (1999529474) to login queue at position 0
22:29:42.437 [LoginMachine]: Add player alexios (1999529474)
22:29:42.437 [StateMachine]: Player alexios (dpnid 1999529474 uid ) Entering AuthPlayerLoginState
22:29:43.575 [StateMachine]: Player alexios (dpnid 1999529474 uid ) Entering WaitAuthPlayerLoginState
22:29:47.801 Player alexios connected (id=dNltWElBg21tP8jBzA87aVZyuFTvx4hujP8j-blHbc8=).
22:29:47.801 Player "alexios" is connected (steamID=76561198795695470)
22:29:50.701 [StateMachine]: Player alexios (dpnid 1999529474 uid dNltWElBg21tP8jBzA87aVZyuFTvx4hujP8j-blHbc8=) Entering DBGetLoginTimeLoginState
22:29:50.702 [StateMachine]: Player alexios (dpnid 1999529474 uid dNltWElBg21tP8jBzA87aVZyuFTvx4hujP8j-blHbc8=) Entering DBWaitLoginTimeLoginState
22:29:51.224 [StateMachine]: Player Cygnus (dpnid 385193753 uid hDo_Btwm72QwlIopq6csO7iMF3JQfMqHeAzHsQsXTmo=) Entering DBGetCharacterLoginState
22:29:51.225 [StateMachine]: Player Cygnus (dpnid 385193753 uid hDo_Btwm72QwlIopq6csO7iMF3JQfMqHeAzHsQsXTmo=) Entering CreateNetObjectsLoginState
22:29:51.228 [StateMachine]: Player Cygnus (dpnid 385193753 uid hDo_Btwm72QwlIopq6csO7iMF3JQfMqHeAzHsQsXTmo=) Entering PreloadCamLoginState
22:29:51.228 [StateMachine]: Player Cygnus (dpnid 385193753 uid hDo_Btwm72QwlIopq6csO7iMF3JQfMqHeAzHsQsXTmo=) Entering WaitPreloadCamLoginState
22:30:05.703 [StateMachine]: Player alexios (dpnid 1999529474 uid dNltWElBg21tP8jBzA87aVZyuFTvx4hujP8j-blHbc8=) Entering DBGetCharacterLoginState
22:30:05.705 [StateMachine]: Player alexios (dpnid 1999529474 uid dNltWElBg21tP8jBzA87aVZyuFTvx4hujP8j-blHbc8=) Entering CreateNetObjectsLoginState
22:30:05.707 [StateMachine]: Player alexios (dpnid 1999529474 uid dNltWElBg21tP8jBzA87aVZyuFTvx4hujP8j-blHbc8=) Entering PreloadCamLoginState
22:30:05.708 [StateMachine]: Player alexios (dpnid 1999529474 uid dNltWElBg21tP8jBzA87aVZyuFTvx4hujP8j-blHbc8=) Entering WaitPreloadCamLoginState
22:30:07.863 [StateMachine]: Player Cygnus (dpnid 385193753 uid hDo_Btwm72QwlIopq6csO7iMF3JQfMqHeAzHsQsXTmo=) Entering GetLoadedCharLoginState
22:30:07.884 <LOAD EXISTING CHAR>:
    charID 7
    playerID 7
    dpnid 385193753
    uid hDo_Btwm72QwlIopq6csO7iMF3JQfMqHeAzHsQsXTmo=
22:30:14.998 [Login]: Adding player Raider 2-2 (47720340) to login queue at position 0
22:30:14.998 [LoginMachine]: Add player Raider 2-2 (47720340)
22:30:14.998 [StateMachine]: Player Raider 2-2 (dpnid 47720340 uid ) Entering AuthPlayerLoginState
22:30:16.266 [StateMachine]: Player Raider 2-2 (dpnid 47720340 uid ) Entering WaitAuthPlayerLoginState
22:30:18.92 Player Raider 2-2 connected (id=XvanEKUhyxTkbzngpxDcoNyQwUXi4Yr-sLWO7uNg91M=).
22:30:18.92 Player "Raider 2-2" is connected (steamID=76561199105471341)
22:30:18.601 [StateMachine]: Player Raider 2-2 (dpnid 47720340 uid XvanEKUhyxTkbzngpxDcoNyQwUXi4Yr-sLWO7uNg91M=) Entering DBGetLoginTimeLoginState
22:30:18.603 [StateMachine]: Player Raider 2-2 (dpnid 47720340 uid XvanEKUhyxTkbzngpxDcoNyQwUXi4Yr-sLWO7uNg91M=) Entering DBWaitLoginTimeLoginState
22:30:21.897 [StateMachine]: Player alexios (dpnid 1999529474 uid dNltWElBg21tP8jBzA87aVZyuFTvx4hujP8j-blHbc8=) Entering GetLoadedCharLoginState
22:30:21.910 <LOAD EXISTING CHAR>:
    charID 20
    playerID 20
    dpnid 1999529474
    uid dNltWElBg21tP8jBzA87aVZyuFTvx4hujP8j-blHbc8=
22:30:33.603 [StateMachine]: Player Raider 2-2 (dpnid 47720340 uid XvanEKUhyxTkbzngpxDcoNyQwUXi4Yr-sLWO7uNg91M=) Entering DBGetCharacterLoginState
22:30:33.605 [StateMachine]: Player Raider 2-2 (dpnid 47720340 uid XvanEKUhyxTkbzngpxDcoNyQwUXi4Yr-sLWO7uNg91M=) Entering CreateNetObjectsLoginState
22:30:33.608 [StateMachine]: Player Raider 2-2 (dpnid 47720340 uid XvanEKUhyxTkbzngpxDcoNyQwUXi4Yr-sLWO7uNg91M=) Entering PreloadCamLoginState
22:30:33.609 [StateMachine]: Player Raider 2-2 (dpnid 47720340 uid XvanEKUhyxTkbzngpxDcoNyQwUXi4Yr-sLWO7uNg91M=) Entering WaitPreloadCamLoginState
22:31:18.214 [StateMachine]: Player Raider 2-2 (dpnid 47720340 uid XvanEKUhyxTkbzngpxDcoNyQwUXi4Yr-sLWO7uNg91M=) Entering GetLoadedCharLoginState
22:31:18.245 <LOAD EXISTING CHAR>:
    charID 11
    playerID 11
    dpnid 47720340
    uid XvanEKUhyxTkbzngpxDcoNyQwUXi4Yr-sLWO7uNg91M=
22:31:22.15 [CE][Links] found 18 total links between groups, of 64
22:31:22.15 [CE][SpawnRandomLoot] (StaticPoliceCar) :: ChildType: Land_Wreck_Volha_Police, lootmin: 3, lootmax: 5, wanted: 3
22:31:40.197 [Disconnect]: Start script disconnect 385193753 (dbCharacterId 7 dbPlayerId 7) logoutTime 15
22:31:41.955 [Disconnect]: Client 385193753 disconnecting
22:31:41.955 [Disconnect]: Client 385193753 early disconnect
22:31:41.955 [Disconnect]: Start script disconnect 385193753 (dbCharacterId 7 dbPlayerId 7) logoutTime 15
22:31:46.721 !!! [CE][Point] Removing 4510.918945, 7196.940430 from Land_strazni_vez
22:31:51.24 [CE][Links] found 20 total links between groups, of 65
22:31:51.24 [CE][SpawnRandomLoot] (StaticSkeletonEventspawn) :: ChildType: Land_jmc_skeleton_bloody_5, lootmin: 4, lootmax: 6, wanted: 4
22:31:52.920 [Disconnect]: No packets from 385193753
22:31:52.920 [Disconnect]: Already in progress 385193753 
22:31:55.198 [Disconnect]: Finish script disconnect 385193753
22:31:55.198 [Disconnect]: DisconnectPlayerFinish 385193753
22:31:55.198 [Disconnect]: Remove player info 385193753
22:31:55.207 [Disconnect]: Player destroy 385193753 
22:32:13.244 !!! [CE][Point] Removing 7181.748535, 11579.876953 from Land_jmc_militarycase_o_05
22:32:13.245 !!! [CE][Point] Removing 7180.220703, 11591.080078 from Land_jmc_skeleton_old_5
22:32:13.248 !!! [CE][Point] Removing 7160.167969, 11636.795898 from Land_jmc_skeleton_gnawed_5
22:32:13.250 !!! [CE][Point] Removing 7183.866699, 11569.283203 from Land_jmc_skeleton_old_5
22:32:13.252 !!! [CE][Point] Removing 7266.000488, 11605.139648 from Land_jmc_skeleton_burned_4
22:32:40.746 !!! [CE][Point] Removing 7190.567871, 11554.995117 from Land_jmc_militarycase_o_07
22:32:42.545 [CE][Links] found 20 total links between groups, of 66
22:32:42.545 [CE][SpawnRandomLoot] (StaticHeliCrash) :: ChildType: Wreck_Mi8, lootmin: 10, lootmax: 20, wanted: 12
22:32:42.549 [CE][Links] found 20 total links between groups, of 67
22:32:42.549 [CE][SpawnRandomLoot] (StaticHeliCrash) :: ChildType: Wreck_Mi8, lootmin: 10, lootmax: 20, wanted: 11
22:32:42.553 [CE][Links] found 20 total links between groups, of 68
22:32:42.553 [CE][SpawnRandomLoot] (StaticHeliCrash) :: ChildType: Wreck_Mi8, lootmin: 10, lootmax: 20, wanted: 10
22:32:42.558 [CE][Links] found 20 total links between groups, of 69
22:32:42.558 [CE][SpawnRandomLoot] (StaticHeliCrash) :: ChildType: Wreck_Mi8, lootmin: 10, lootmax: 20, wanted: 19
22:33:07.647 !!! [CE][Point] Removing 7160.167969, 11636.795898 from Land_jmc_skeleton_gnawed_5
22:33:52.864 [Login]: Adding player Cygnus (19822592) to login queue at position 0
22:33:52.864 [LoginMachine]: Add player Cygnus (19822592)
22:33:52.864 [StateMachine]: Player Cygnus (dpnid 19822592 uid ) Entering AuthPlayerLoginState
22:33:54.145 [StateMachine]: Player Cygnus (dpnid 19822592 uid ) Entering WaitAuthPlayerLoginState
22:33:55.567 Player Cygnus connected (id=hDo_Btwm72QwlIopq6csO7iMF3JQfMqHeAzHsQsXTmo=).
22:33:55.567 Player "Cygnus" is connected (steamID=76561199063202968)
22:33:55.947 [StateMachine]: Player Cygnus (dpnid 19822592 uid hDo_Btwm72QwlIopq6csO7iMF3JQfMqHeAzHsQsXTmo=) Entering DBGetLoginTimeLoginState
22:33:55.948 [StateMachine]: Player Cygnus (dpnid 19822592 uid hDo_Btwm72QwlIopq6csO7iMF3JQfMqHeAzHsQsXTmo=) Entering DBWaitLoginTimeLoginState
22:34:10.949 [StateMachine]: Player Cygnus (dpnid 19822592 uid hDo_Btwm72QwlIopq6csO7iMF3JQfMqHeAzHsQsXTmo=) Entering DBGetCharacterLoginState
22:34:10.950 [StateMachine]: Player Cygnus (dpnid 19822592 uid hDo_Btwm72QwlIopq6csO7iMF3JQfMqHeAzHsQsXTmo=) Entering CreateNetObjectsLoginState
22:34:10.953 [StateMachine]: Player Cygnus (dpnid 19822592 uid hDo_Btwm72QwlIopq6csO7iMF3JQfMqHeAzHsQsXTmo=) Entering PreloadCamLoginState
22:34:10.954 [StateMachine]: Player Cygnus (dpnid 19822592 uid hDo_Btwm72QwlIopq6csO7iMF3JQfMqHeAzHsQsXTmo=) Entering WaitPreloadCamLoginState
22:34:28.135 [StateMachine]: Player Cygnus (dpnid 19822592 uid hDo_Btwm72QwlIopq6csO7iMF3JQfMqHeAzHsQsXTmo=) Entering GetLoadedCharLoginState
22:34:28.157 <LOAD EXISTING CHAR>:
    charID 7
    playerID 7
    dpnid 19822592
    uid hDo_Btwm72QwlIopq6csO7iMF3JQfMqHeAzHsQsXTmo=
22:34:32.560 [CE][Links] found 20 total links between groups, of 70
22:34:32.560 [CE][SpawnRandomLoot] (StaticSkeletonEventspawn) :: ChildType: Land_jmc_skeleton_clean_4, lootmin: 4, lootmax: 6, wanted: 5
22:35:24.379 [CE][Links] found 20 total links between groups, of 71
22:35:24.379 [CE][SpawnRandomLoot] (StaticPoliceCar) :: ChildType: Land_Wreck_Volha_Police, lootmin: 3, lootmax: 5, wanted: 3
22:35:24.381 [CE][Links] found 20 total links between groups, of 72
22:35:24.381 [CE][SpawnRandomLoot] (StaticPoliceCar) :: ChildType: Land_Wreck_Volha_Police, lootmin: 3, lootmax: 5, wanted: 4
22:35:24.384 [CE][Links] found 22 total links between groups, of 73
22:35:24.384 [CE][SpawnRandomLoot] (StaticPoliceCar) :: ChildType: Land_Wreck_Volha_Police, lootmin: 3, lootmax: 5, wanted: 3
22:35:24.386 [CE][Links] found 24 total links between groups, of 74
22:35:24.386 [CE][SpawnRandomLoot] (StaticPoliceCar) :: ChildType: Land_Wreck_Volha_Police, lootmin: 3, lootmax: 5, wanted: 4
22:36:15.484 !!! [CE][Point] Removing 7154.836426, 11645.380859 from Land_jmc_skeleton_old_2
22:37:09.884 !!! [CE][Point] Removing 7195.953125, 11600.767578 from Land_BusStation_wall_bench
22:37:09.885 !!! [CE][Point] Removing 7195.206543, 11575.607422 from Land_BusStation_wall_bench
22:37:14.86 [CE][Links] found 24 total links between groups, of 75
22:37:14.86 [CE][SpawnRandomLoot] (StaticSkeletonEventspawn) :: ChildType: Land_jmc_skeleton_gnawed_2, lootmin: 4, lootmax: 6, wanted: 5
22:40:18.56 !!! [CE][Point] Removing 7266.000488, 11605.139648 from Land_jmc_skeleton_burned_4
22:40:18.61 !!! [CE][Point] Removing 7267.186523, 11611.096680 from Land_jmc_skeleton_burned_2
22:41:15.661 [CE][Links] found 24 total links between groups, of 76
22:41:15.661 [CE][SpawnRandomLoot] (StaticVanPinkies) :: ChildType: Land_jmc_van_pinkies, lootmin: 4, lootmax: 6, wanted: 4
22:41:15.663 [CE][Links] found 24 total links between groups, of 77
22:41:15.663 [CE][SpawnRandomLoot] (StaticVanPinkies) :: ChildType: Land_jmc_van_pinkies, lootmin: 4, lootmax: 6, wanted: 5
22:41:15.665 [CE][Links] found 24 total links between groups, of 78
22:41:15.665 [CE][SpawnRandomLoot] (StaticVanPinkies) :: ChildType: Land_jmc_van_pinkies, lootmin: 4, lootmax: 6, wanted: 5
22:41:15.666 [CE][Links] found 24 total links between groups, of 79
22:41:15.666 [CE][SpawnRandomLoot] (StaticVanPinkies) :: ChildType: Land_jmc_van_pinkies, lootmin: 4, lootmax: 6, wanted: 4
22:41:38.962 !!! [CE][Point] Removing 4510.069336, 7198.668945 from Land_strazni_vez
22:42:34.264 !!! [CE][Point] Removing 3822.597900, 8918.961914 from SambucusBush2
22:43:57.672 [CE][Links] found 24 total links between groups, of 80
22:43:57.672 [CE][SpawnRandomLoot] (StaticSkeletonEventspawn) :: ChildType: Land_jmc_skeleton_burned_4, lootmin: 4, lootmax: 6, wanted: 5
22:44:49.372 [CE][Links] found 26 total links between groups, of 81
22:44:49.372 [CE][SpawnRandomLoot] (StaticPoliceCar) :: ChildType: Land_Wreck_Volha_Police, lootmin: 3, lootmax: 5, wanted: 3
22:45:14.176 !!! [CE][Point] Removing 3800.797363, 9668.003906 from Land_jmc_cabin01
22:47:15.860 [Disconnect]: Start script disconnect 47720340 (dbCharacterId 11 dbPlayerId 11) logoutTime 15
22:47:16.922 [Disconnect]: Client 47720340 disconnecting
22:47:16.922 [Disconnect]: Client 47720340 early disconnect
22:47:16.922 [Disconnect]: Start script disconnect 47720340 (dbCharacterId 11 dbPlayerId 11) logoutTime 15
22:47:27.981 [Disconnect]: No packets from 47720340
22:47:27.981 [Disconnect]: Already in progress 47720340 
22:47:30.786 [CE][Links] found 26 total links between groups, of 82
22:47:30.786 [CE][SpawnRandomLoot] (StaticPoliceCar) :: ChildType: Land_Wreck_Volha_Police, lootmin: 3, lootmax: 5, wanted: 3
22:47:30.787 [CE][Links] found 26 total links between groups, of 83
22:47:30.787 [CE][SpawnRandomLoot] (StaticPoliceCar) :: ChildType: Land_Wreck_Volha_Police, lootmin: 3, lootmax: 5, wanted: 3
22:47:30.861 [Disconnect]: Finish script disconnect 47720340
22:47:30.861 [Disconnect]: DisconnectPlayerFinish 47720340
22:47:30.861 [Disconnect]: Remove player info 47720340
22:47:30.874 [Disconnect]: Player destroy 47720340 
22:47:55.398 !!! [CE][Point] Removing 7180.963867, 11676.881836 from Land_BusStation_wall_bench
22:49:20.196 [CE][Links] found 28 total links between groups, of 84
22:49:20.196 [CE][SpawnRandomLoot] (StaticVanAmbulance) :: ChildType: Land_jmc_van_ambulance, lootmin: 4, lootmax: 6, wanted: 4
22:51:04.53 !!! [CE][Point] Removing 4590.406738, 7325.298828 from Land_strazni_vez
22:51:04.54 !!! [CE][Point] Removing 5014.596680, 7030.498047 from Land_strazni_vez
22:52:01.952 [CE][Links] found 32 total links between groups, of 85
22:52:01.952 [CE][SpawnRandomLoot] (StaticSkeletonEventspawn) :: ChildType: Land_jmc_skeleton_clean_4, lootmin: 4, lootmax: 6, wanted: 4
22:52:24.707 !!! [CE][Point] Removing 7162.830566, 11589.826172 from Land_jmc_military_lootcase
22:52:24.707 [CE][LootRespawner] (PRIDummy) :: Item [6] is hard to place, performance drops: "PoliceVest"
22:52:24.708 !!! [CE][Point] Removing 3748.995850, 9730.172852 from Land_jmc_cabin01
22:53:18.407 [CE][LootRespawner] (PRIDummy) :: Item [7] is hard to place, performance drops: "ParamedicJacket_Green"
22:53:45.307 [CE][LootRespawner] (PRIDummy) :: Item [8] is hard to place, performance drops: "Raincoat_Black"
22:53:45.307 [CE][LootRespawner] (PRIDummy) :: Item [9] is hard to place, performance drops: "Raincoat_Black"
22:53:45.307 [CE][LootRespawner] (PRIDummy) :: Item [10] is hard to place, performance drops: "Raincoat_Black"
22:55:59.807 !!! [CE][Point] Removing 7196.987305, 11586.989258 from Land_jmc_military_lootcase
22:55:59.808 !!! [CE][Point] Removing 7164.030762, 11589.814453 from Land_jmc_military_lootcase
22:55:59.808 [CE][LootRespawner] (PRIDummy) :: Item [11] is hard to place, performance drops: "PolicePants"
22:55:59.808 [CE][LootRespawner] (PRIDummy) :: Item [12] is hard to place, performance drops: "PolicePants"
22:55:59.811 !!! [CE][Point] Removing 3665.854492, 9737.577148 from Land_jmc_cabin01
22:56:26.711 [CE][LootRespawner] (PRIDummy) :: Item [13] is hard to place, performance drops: "PoliceCap"
22:56:55.812 [CE][Links] found 32 total links between groups, of 86
22:56:55.812 [CE][SpawnRandomLoot] (StaticPoliceCar) :: ChildType: Land_Wreck_Volha_Police, lootmin: 3, lootmax: 5, wanted: 3
22:56:55.813 [CE][Links] found 32 total links between groups, of 87
22:56:55.813 [CE][SpawnRandomLoot] (StaticPoliceCar) :: ChildType: Land_Wreck_Volha_Police, lootmin: 3, lootmax: 5, wanted: 4
22:58:17.410 !!! [CE][Point] Removing 8688.709961, 6045.934082 from PiceaAbies_fallen
22:58:17.411 !!! [CE][Point] Removing 8721.713867, 6004.815430 from PiceaAbies_fallen
22:59:37.810 !!! [CE][Point] Removing 8757.626953, 5988.775391 from CaninaBush2
22:59:38.111 !!! [CE][Point] Removing 8688.709961, 6045.934082 from PiceaAbies_fallen
23:00:01.913 !!! [CE][Point] Removing 7197.012695, 11588.188477 from Land_jmc_military_lootcase
23:00:03.512 !!! [CE][Point] Removing 5067.337891, 9128.805664 from SambucusBush2
23:00:05.911 [CE][Links] found 34 total links between groups, of 88
23:00:05.911 [CE][SpawnRandomLoot] (StaticVanAmbulance) :: ChildType: Land_jmc_van_ambulance, lootmin: 4, lootmax: 6, wanted: 5
23:00:05.913 [CE][Links] found 34 total links between groups, of 89
23:00:05.913 [CE][SpawnRandomLoot] (StaticVanAmbulance) :: ChildType: Land_jmc_van_ambulance, lootmin: 4, lootmax: 6, wanted: 5
23:00:28.811 [CE][LootRespawner] (PRIDummy) :: Item [14] is hard to place, performance drops: "ParamedicJacket_Crimson"
23:00:28.811 [CE][LootRespawner] (PRIDummy) :: Item [15] is hard to place, performance drops: "ParamedicJacket_Crimson"
23:00:28.812 [CE][LootRespawner] (PRIDummy) :: Item [16] is hard to place, performance drops: "ParamedicJacket_Crimson"
23:00:28.812 [CE][LootRespawner] (PRIDummy) :: Item [17] is hard to place, performance drops: "ParamedicJacket_Crimson"
23:00:55.912 !!! [CE][Point] Removing 7153.399902, 11606.755859 from Land_BusStation_wall_bench
23:00:58.511 !!! [CE][Point] Removing 8757.626953, 5988.775391 from CaninaBush2
23:01:22.810 !!! [CE][Point] Removing 1485.284912, 11861.099609 from Land_jmc_skeleton_old_1
23:02:47.612 [CE][Links] found 36 total links between groups, of 90
23:02:47.612 [CE][SpawnRandomLoot] (StaticSkeletonEventspawn) :: ChildType: Land_jmc_skeleton_gnawed_4, lootmin: 4, lootmax: 6, wanted: 4
23:02:47.615 [CE][Links] found 38 total links between groups, of 91
23:02:47.615 [CE][SpawnRandomLoot] (StaticSkeletonEventspawn) :: ChildType: Land_jmc_skeleton_clean_4, lootmin: 4, lootmax: 6, wanted: 4
23:04:03.616 !!! [CE][Point] Removing 7187.636230, 11595.255859 from Land_BusStation_wall_bench
23:04:03.616 !!! [CE][Point] Removing 7177.750488, 11586.165039 from Land_BusStation_wall_bench
23:06:21.612 !!! [CE][Point] Removing 8721.713867, 6004.815430 from PiceaAbies_fallen
23:07:42.312 !!! [CE][Point] Removing 8688.709961, 6045.934082 from PiceaAbies_fallen
23:09:02.712 !!! [CE][Point] Removing 8757.626953, 5988.775391 from CaninaBush2
23:09:03.13 !!! [CE][Point] Removing 8721.713867, 6004.815430 from PiceaAbies_fallen
23:09:03.14 !!! [CE][Point] Removing 8739.834961, 5927.724121 from PiceaAbies_fallen
23:09:26.314 !!! [CE][Point] Removing 1461.098389, 11740.947266 from Land_jmc_militarycase_o_12
23:09:26.317 !!! [CE][Point] Removing 7187.833008, 11672.678711 from Land_jmc_militarycase_o_12
23:09:53.229 !!! [CE][Point] Removing 7518.781250, 9586.541992 from Land_Boat_Small1
23:10:24.27 !!! [CE][Point] Removing 8793.062500, 5996.302734 from FagusSylvatica_3d
23:10:51.527 [CE][Links] found 40 total links between groups, of 92
23:10:51.527 [CE][SpawnRandomLoot] (StaticVanAmbulance) :: ChildType: Land_jmc_van_ambulance, lootmin: 4, lootmax: 6, wanted: 5
23:11:14.330 !!! [CE][Point] Removing 7602.687012, 9917.378906 from Land_jmc_cabin01
23:11:14.331 [CE][LootRespawner] (PRIDummy) :: Item [18] is hard to place, performance drops: "PoliceJacket"
23:11:14.331 [CE][LootRespawner] (PRIDummy) :: Item [19] is hard to place, performance drops: "PoliceJacket"
23:11:14.333 !!! [CE][Point] Removing 7179.123535, 11668.981445 from Land_jmc_military_lootcase
23:12:09.827 !!! [CE][Point] Removing 6232.909180, 9704.196289 from SambucusBush2
23:12:35.130 !!! [CE][Point] Removing 7268.080566, 11613.530273 from Land_jmc_militarycase_c_12
23:13:02.328 !!! [CE][Point] Removing 7166.795898, 11658.012695 from Land_BusStation_wall_bench
23:13:28.929 !!! [CE][Point] Removing 1914.238159, 11983.043945 from Land_Boat_Small1
23:13:30.527 !!! [CE][Point] Removing 6238.460449, 9675.160156 from SambucusBush2
23:13:30.527 !!! [CE][Point] Removing 6231.206055, 9703.985352 from SambucusBush2
23:14:24.926 [CE][Links] found 42 total links between groups, of 93
23:14:24.926 [CE][SpawnRandomLoot] (StaticPoliceCar) :: ChildType: Land_Wreck_Volha_Police, lootmin: 3, lootmax: 5, wanted: 4
23:14:25.827 !!! [CE][Point] Removing 9098.438477, 5910.312012 from PiceaAbies_fallenB
23:14:51.226 !!! [CE][Point] Removing 6231.206055, 9703.985352 from SambucusBush2
23:14:51.227 !!! [CE][Point] Removing 6343.032715, 9673.975586 from SambucusBush2
23:15:16.629 !!! [CE][Point] Removing 7267.267090, 11613.797852 from Land_jmc_skeleton_burned_2
23:15:17.427 !!! [CE][Point] Removing 7267.267090, 11613.797852 from Land_jmc_skeleton_burned_2
23:15:17.628 !!! [CE][Point] Removing 5013.100586, 7030.356934 from Land_strazni_vez
23:15:17.927 !!! [CE][Point] Removing 7171.429688, 11648.979492 from Land_jmc_militarycase_o_08
23:15:43.42 !!! [CE][Point] Removing 7174.383789, 11671.871094 from Land_BusStation_wall_bench
23:15:45.342 [CE][Links] found 42 total links between groups, of 94
23:15:45.342 [CE][SpawnRandomLoot] (StaticHeliCrash) :: ChildType: Wreck_Mi8, lootmin: 10, lootmax: 20, wanted: 10
23:15:45.349 [CE][Links] found 42 total links between groups, of 95
23:15:45.349 [CE][SpawnRandomLoot] (StaticHeliCrash) :: ChildType: Wreck_Mi8, lootmin: 10, lootmax: 20, wanted: 14
23:15:45.356 [CE][Links] found 42 total links between groups, of 96
23:15:45.356 [CE][SpawnRandomLoot] (StaticHeliCrash) :: ChildType: Wreck_UH1Y, lootmin: 10, lootmax: 20, wanted: 19
23:15:45.359 [CE][Links] found 42 total links between groups, of 97
23:15:45.359 [CE][SpawnRandomLoot] (StaticHeliCrash) :: ChildType: Wreck_Mi8, lootmin: 10, lootmax: 20, wanted: 11
23:16:10.743 !!! [CE][Point] Removing 4588.048340, 7325.891113 from Land_strazni_vez
23:16:10.744 !!! [CE][Point] Removing 5012.430664, 7031.604004 from Land_strazni_vez
23:16:11.943 !!! [CE][Point] Removing 6238.814941, 9673.738281 from SambucusBush2
23:16:11.943 !!! [CE][Point] Removing 6233.263672, 9702.774414 from SambucusBush2
23:16:11.943 !!! [CE][Point] Removing 6271.154785, 9686.807617 from SambucusBush2
23:17:07.243 !!! [CE][Point] Removing 8902.708008, 5903.671875 from PiceaAbies_fallen
23:17:32.643 !!! [CE][Point] Removing 6232.909180, 9704.196289 from SambucusBush2
23:17:32.643 !!! [CE][Point] Removing 6269.716797, 9687.397461 from SambucusBush2
23:17:35.345 [CE][Links] found 42 total links between groups, of 98
23:17:35.345 [CE][SpawnRandomLoot] (StaticSkeletonEventspawn) :: ChildType: Land_jmc_skeleton_bloody_4, lootmin: 4, lootmax: 6, wanted: 5
23:18:27.43 [CE][Links] found 44 total links between groups, of 99
23:18:27.43 [CE][SpawnRandomLoot] (StaticPoliceCar) :: ChildType: Land_Wreck_Volha_Police, lootmin: 3, lootmax: 5, wanted: 4
23:18:27.45 [CE][Links] found 48 total links between groups, of 100
23:18:27.45 [CE][SpawnRandomLoot] (StaticPoliceCar) :: ChildType: Land_Wreck_Volha_Police, lootmin: 3, lootmax: 5, wanted: 3
23:18:27.47 [CE][Links] found 50 total links between groups, of 101
23:18:27.47 [CE][SpawnRandomLoot] (StaticPoliceCar) :: ChildType: Land_Wreck_Volha_Police, lootmin: 3, lootmax: 5, wanted: 3
23:18:27.49 [CE][Links] found 52 total links between groups, of 102
23:18:27.49 [CE][SpawnRandomLoot] (StaticPoliceCar) :: ChildType: Land_Wreck_Volha_Police, lootmin: 3, lootmax: 5, wanted: 3
23:18:53.343 !!! [CE][Point] Removing 6231.206055, 9703.985352 from SambucusBush2
23:18:53.343 !!! [CE][Point] Removing 6269.716797, 9687.397461 from SambucusBush2
23:18:53.344 !!! [CE][Point] Removing 6260.040527, 9705.704102 from SambucusBush2
23:20:14.45 !!! [CE][Point] Removing 6271.154785, 9686.807617 from SambucusBush2
23:20:14.45 !!! [CE][Point] Removing 6261.432129, 9706.395508 from SambucusBush2
23:20:16.744 [CE][Links] found 52 total links between groups, of 103
23:20:16.744 [CE][SpawnRandomLoot] (StaticSkeletonEventspawn) :: ChildType: Land_jmc_skeleton_clean_3, lootmin: 4, lootmax: 6, wanted: 5
23:21:34.744 !!! [CE][Point] Removing 6271.579590, 9688.890625 from SambucusBush2
23:22:26.946 !!! [CE][Point] Removing 7194.742188, 11600.756836 from Land_BusStation_wall_bench
23:23:20.649 !!! [CE][Point] Removing 7154.836426, 11645.380859 from Land_jmc_skeleton_old_2
23:23:50.445 !!! [CE][Point] Removing 8751.714844, 6009.382324 from CaninaBush2
23:23:50.744 !!! [CE][Point] Removing 8688.709961, 6045.934082 from PiceaAbies_fallen
23:24:18.245 [CE][Links] found 52 total links between groups, of 104
23:24:18.245 [CE][SpawnRandomLoot] (StaticVanPinkies) :: ChildType: Land_jmc_van_pinkies, lootmin: 4, lootmax: 6, wanted: 5
23:24:18.246 [CE][Links] found 56 total links between groups, of 105
23:24:18.246 [CE][SpawnRandomLoot] (StaticVanPinkies) :: ChildType: Land_jmc_van_pinkies, lootmin: 4, lootmax: 6, wanted: 5
23:24:18.248 [CE][Links] found 56 total links between groups, of 106
23:24:18.248 [CE][SpawnRandomLoot] (StaticVanPinkies) :: ChildType: Land_jmc_van_pinkies, lootmin: 4, lootmax: 6, wanted: 5
23:24:18.250 [CE][Links] found 56 total links between groups, of 107
23:24:18.250 [CE][SpawnRandomLoot] (StaticVanPinkies) :: ChildType: Land_jmc_van_pinkies, lootmin: 4, lootmax: 6, wanted: 4
23:26:01.751 !!! [CE][Point] Removing 5352.875488, 9097.291016 from Land_Boat_Small1
23:26:28.947 !!! [CE][Point] Removing 11566.958008, 3789.727051 from Land_Boat_Small2
23:26:55.949 !!! [CE][Point] Removing 11566.004883, 3787.768555 from Land_Boat_Small2
23:26:57.548 !!! [CE][Point] Removing 6238.460449, 9675.160156 from SambucusBush2
23:27:00.249 [CE][Links] found 56 total links between groups, of 108
23:27:00.249 [CE][SpawnRandomLoot] (StaticSkeletonEventspawn) :: ChildType: Land_jmc_skeleton_old_1, lootmin: 4, lootmax: 6, wanted: 4
23:27:52.19 [CE][Links] found 58 total links between groups, of 109
23:27:52.19 [CE][SpawnRandomLoot] (StaticPoliceCar) :: ChildType: Land_Wreck_Volha_Police, lootmin: 3, lootmax: 5, wanted: 3
23:28:18.320 !!! [CE][Point] Removing 6271.154785, 9686.807617 from SambucusBush2
23:29:39.20 !!! [CE][Point] Removing 6270.125000, 9689.064453 from SambucusBush2
23:30:33.420 [CE][Links] found 58 total links between groups, of 110
23:30:33.420 [CE][SpawnRandomLoot] (StaticPoliceCar) :: ChildType: Land_Wreck_Volha_Police, lootmin: 3, lootmax: 5, wanted: 3
23:30:59.720 !!! [CE][Point] Removing 6271.154785, 9686.807617 from SambucusBush2
23:30:59.720 !!! [CE][Point] Removing 6296.910645, 9579.506836 from SambucusBush1
23:31:51.822 !!! [CE][Point] Removing 7154.836426, 11645.380859 from Land_jmc_skeleton_old_2
23:32:20.422 !!! [CE][Point] Removing 6271.154785, 9686.807617 from SambucusBush2
23:32:20.422 !!! [CE][Point] Removing 6294.507324, 9578.894531 from SambucusBush1
23:32:22.824 [CE][Links] found 58 total links between groups, of 111
23:32:22.824 [CE][SpawnRandomLoot] (StaticVanAmbulance) :: ChildType: Land_jmc_van_ambulance, lootmin: 4, lootmax: 6, wanted: 4
23:33:41.121 !!! [CE][Point] Removing 6270.125000, 9689.064453 from SambucusBush2
23:33:41.121 !!! [CE][Point] Removing 6296.910645, 9579.506836 from SambucusBush1
23:35:01.823 !!! [CE][Point] Removing 6236.717773, 9673.395508 from SambucusBush2
23:35:01.823 !!! [CE][Point] Removing 6271.579590, 9688.890625 from SambucusBush2
23:35:51.47 [Disconnect]: Start script disconnect 1999529474 (dbCharacterId 20 dbPlayerId 20) logoutTime 15
23:35:55.136 [Disconnect]: Client 1999529474 disconnecting
23:35:55.136 [Disconnect]: Client 1999529474 early disconnect
23:35:55.136 [Disconnect]: Start script disconnect 1999529474 (dbCharacterId 20 dbPlayerId 20) logoutTime 15
23:35:56.222 [CE][Links] found 58 total links between groups, of 112
23:35:56.222 [CE][SpawnRandomLoot] (StaticPoliceCar) :: ChildType: Land_Wreck_Volha_Police, lootmin: 3, lootmax: 5, wanted: 4
23:36:06.47 [Disconnect]: Finish script disconnect 1999529474
23:36:06.47 [Disconnect]: DisconnectPlayerFinish 1999529474
23:36:06.47 [Disconnect]: Remove player info 1999529474
23:36:06.54 [Disconnect]: Player destroy 1999529474 
23:39:06.623 [CE][Links] found 62 total links between groups, of 113
23:39:06.623 [CE][SpawnRandomLoot] (StaticSkeletonEventspawn) :: ChildType: Land_jmc_skeleton_burned_2, lootmin: 4, lootmax: 6, wanted: 4
23:39:58.357 [CE][Links] found 64 total links between groups, of 114
23:39:58.357 [CE][SpawnRandomLoot] (StaticPoliceCar) :: ChildType: Land_Wreck_Volha_Police, lootmin: 3, lootmax: 5, wanted: 3
23:39:58.358 [CE][Links] found 66 total links between groups, of 115
23:39:58.358 [CE][SpawnRandomLoot] (StaticPoliceCar) :: ChildType: Land_Wreck_Volha_Police, lootmin: 3, lootmax: 5, wanted: 4
23:40:27.357 [CE][Links] found 72 total links between groups, of 116
23:40:27.357 [CE][SpawnRandomLoot] (StaticSkeletonEventspawn) :: ChildType: Land_jmc_skeleton_bloody_3, lootmin: 4, lootmax: 6, wanted: 5
23:41:16.958 !!! [CE][Point] Removing 1489.991333, 11846.655273 from Land_jmc_militarycase_o_07
23:42:10.560 !!! [CE][Point] Removing 5179.822754, 9112.897461 from Land_strazni_vez
23:42:10.563 !!! [CE][Point] Removing 7180.220703, 11591.080078 from Land_jmc_skeleton_old_5
23:42:10.564 !!! [CE][Point] Removing 1829.957397, 8948.697266 from Land_strazni_vez
23:43:08.544 [CE][Links] found 76 total links between groups, of 117
23:43:08.544 [CE][SpawnRandomLoot] (StaticVanAmbulance) :: ChildType: Land_jmc_van_ambulance, lootmin: 4, lootmax: 6, wanted: 4
23:43:08.546 [CE][Links] found 78 total links between groups, of 118
23:43:08.546 [CE][SpawnRandomLoot] (StaticVanAmbulance) :: ChildType: Land_jmc_van_ambulance, lootmin: 4, lootmax: 6, wanted: 5
23:45:50.246 [CE][Links] found 78 total links between groups, of 119
23:45:50.246 [CE][SpawnRandomLoot] (StaticSkeletonEventspawn) :: ChildType: Land_jmc_skeleton_clean_1, lootmin: 4, lootmax: 6, wanted: 5
23:45:50.249 [CE][Links] found 82 total links between groups, of 120
23:45:50.249 [CE][SpawnRandomLoot] (StaticSkeletonEventspawn) :: ChildType: Land_jmc_skeleton_gnawed_5, lootmin: 4, lootmax: 6, wanted: 4
23:47:06.649 !!! [CE][Point] Removing 7178.961426, 11586.178711 from Land_BusStation_wall_bench
23:48:27.453 !!! [CE][Point] Removing 7190.800293, 11587.912109 from Land_jmc_military_lootcase
23:48:28.947 !!! [CE][Point] Removing 7266.692383, 8370.041992 from SambucusBush2
23:49:49.646 !!! [CE][Point] Removing 7267.511719, 8371.256836 from SambucusBush2
23:51:10.346 !!! [CE][Point] Removing 7267.511719, 8371.256836 from SambucusBush2
23:51:35.148 !!! [CE][Point] Removing 11566.839844, 3787.342773 from Land_Boat_Small2
23:51:35.151 !!! [CE][Point] Removing 8728.215820, 9377.434570 from Land_Boat_Small1
23:52:02.53 !!! [CE][Point] Removing 8728.568359, 9377.992188 from Land_Boat_Small1
23:52:31.48 !!! [CE][Point] Removing 7266.215332, 8372.380859 from SambucusBush2
23:53:51.749 !!! [CE][Point] Removing 7266.215332, 8372.380859 from SambucusBush2
23:53:54.149 [CE][Links] found 84 total links between groups, of 121
23:53:54.149 [CE][SpawnRandomLoot] (StaticVanAmbulance) :: ChildType: Land_jmc_van_ambulance, lootmin: 4, lootmax: 6, wanted: 5
23:55:12.452 !!! [CE][Point] Removing 7267.511719, 8371.256836 from SambucusBush2
23:56:33.154 !!! [CE][Point] Removing 7385.520996, 8402.546875 from SambucusBush2
23:57:17.45 [Disconnect]: Start script disconnect 19822592 (dbCharacterId 7 dbPlayerId 7) logoutTime 15
23:57:24.235 [Disconnect]: Client 19822592 disconnecting
23:57:24.235 [Disconnect]: Client 19822592 early disconnect
23:57:24.236 [Disconnect]: Start script disconnect 19822592 (dbCharacterId 7 dbPlayerId 7) logoutTime 15
23:57:27.562 [CE][Links] found 86 total links between groups, of 122
23:57:27.562 [CE][SpawnRandomLoot] (StaticPoliceCar) :: ChildType: Land_Wreck_Volha_Police, lootmin: 3, lootmax: 5, wanted: 4
23:57:32.46 [Disconnect]: Finish script disconnect 19822592
23:57:32.46 [Disconnect]: DisconnectPlayerFinish 19822592
23:57:32.46 [Disconnect]: Remove player info 19822592
23:57:32.54 [Disconnect]: Player destroy 19822592 
23:57:58.985 [LOCK] Server was locked.
23:58:46.262 !!! [CE][Point] Removing 1828.550415, 8947.227539 from Land_strazni_vez
23:58:46.262 !!! [CE][Point] Removing 5177.536133, 9113.724609 from Land_strazni_vez
23:58:48.64 [CE][Links] found 88 total links between groups, of 123
23:58:48.64 [CE][SpawnRandomLoot] (StaticHeliCrash) :: ChildType: Wreck_Mi8, lootmin: 10, lootmax: 20, wanted: 13
23:58:48.68 [CE][Links] found 90 total links between groups, of 124
23:58:48.68 [CE][SpawnRandomLoot] (StaticHeliCrash) :: ChildType: Wreck_Mi8, lootmin: 10, lootmax: 20, wanted: 11
23:58:48.72 [CE][Links] found 90 total links between groups, of 125
23:58:48.72 [CE][SpawnRandomLoot] (StaticHeliCrash) :: ChildType: Wreck_UH1Y, lootmin: 10, lootmax: 20, wanted: 17
23:58:48.74 [CE][Links] found 90 total links between groups, of 126
23:58:48.75 [CE][SpawnRandomLoot] (StaticHeliCrash) :: ChildType: Wreck_UH1Y, lootmin: 10, lootmax: 20, wanted: 18
23:58:56.902 [IdleMode] Entering IN - save processed
=======================================================
-------------------------------------------------------
Time:  0:00:01
Exception code: C0000005 ACCESS_VIOLATION at 8BD6074B
Version 1.12.153904
Fault address:  8BD6074B 00:8BD6074B Unknown module
file:     Expansion
world:    deerisle
Prev. code bytes: CB E8 7F 26 00 00 48 8B 4B 08 48 8B D3 48 8B 01
Fault code bytes: FF 90 C8 01 00 00 48 8B 4B 50 48 83 F9 FF 74 0E
=======================================================
note: Minidump has been generated into the file myprofile\DayZServer_x64_2021-05-11_18-00-16_2021-05-12_00-00-01.mdmp
