

=====================================================================
== C:\Program Files (x86)\Steam\steamapps\common\DayZServer\DayZServer_x64.exe
== DayZServer_x64.exe  -cpuCount=4 -mod=@42MonthsAfter;@DeerIsle;@CF;@ZomBerryAdminTools;@GameLabs;@DayZEditorLoader;@ForeverLightsandCampfires;@ModularVestSystem;@TeddysWeaponPack;@CodeLock;@BaseBuildingPlus;@MuchStuffPack;@CannabisPlus;@Notifications;@GAZ;@VanillaPlusPlusMap;@zSpawnSelection;@ToxicZone;@BuildAnywherev3;@BuilderItems;@MoreDoors;@MuchCarKey;@IRPLandRoverDefender110;@TrolleyKart;@EarPlugs;@AirdropUpgraded;@VendingMachine;@BattlEyePrefixRemoval;@TraderPlus; -config=serverDZ.cfg -port=2302 -noFilePatching -profiles=myprofile -scrAllowFileWrite -adminlog
=====================================================================
Exe timestamp: 2021/05/05 10:02:18
Current time:  2021/05/16 10:41:38

Version 1.12.153904
10:41:38.331 [Inputs] Loading inputs default "bin/constants.xml"
10:41:38.333 [Inputs] Loading inputs default "bin/specific.xml"
10:41:38.334 [Inputs] Loading inputs default "EarPlugs\data\inputs.xml"
10:41:38.334 [Inputs] Loading inputs default "LBmaster_UndergroundLighting/inputsLBmaster.xml"
10:41:38.334 [Inputs] Loading inputs default "VanillaPPMap/data/modded_Inputs.xml"
10:41:38.335 [Inputs] Loading inputs default "ZomBerry/AT/scripts/data/inputs.xml"
10:41:38.335 [Inputs] Loading inputs default "Notifications/inputs/inputs.xml"
10:41:38.335 [Inputs] Loading inputs default "DayZEditorLoader/Scripts/Data/Inputs.xml"
10:41:38.335 [Inputs] Loading inputs default "BaseBuildingPlus/Scripts/Data/Inputs.xml"
10:41:38.335 [Inputs] Loading inputs cfg "myprofile\Users\Survivor\Server.core.xml"
10:41:38.335 !!! [Inputs] Cannot read inputs cfg "myprofile\Users\Survivor\Server.core.xml", parser error
10:41:38.335 [Inputs] Loading inputs cfg "bin/core.xml"
10:41:38.335 !!! [Inputs] Cannot load input preset "user", file does not exist
10:41:38.336 [Inputs] Exporting inputs cfg "myprofile\Users\Survivor\Server.core.xml"
10:41:49.895 [CE][Hive] :: Initializing OFFLINE
10:41:49.896 [CE][Hive] :: Loading core data ... 
10:41:49.896 [CE][CoreData] :: 7 root classes, 18 defaults, 0 updaters...
10:41:53.419 [CE] :: WARNING :: Preset map "optics" is EMPTY.
10:41:53.421 [CE][TypeSetup] :: 482 classes setuped...
10:41:54.101 [CE][RegisterBind] :: 0 classes binded...
10:41:54.101 [CE][RegisterConfig] :: 9650 config classes registered, 1 sub-counters...
10:41:54.101 [CE][Hive] :: Loading map data ... 
10:41:54.132 [CE][LoadPrototype] :: loaded 345 prototypes
10:41:54.132   665 containers, 8761 points
10:41:54.132   0 dispatches, 0 proxies
10:41:54.132 !!! [CE][LoadPrototype] 7 groups have no points...
10:41:54.132 [CE][LoadPrototype] :: last group name: Land_Garage_Tall...
10:41:54.137 [CE][LoadPrototype] :: loaded 0 prototypes
10:41:54.137   0 containers, 0 points
10:41:54.137   0 dispatches, 0 proxies
10:41:54.137 [CE][LoadPrototype] :: last group name: Rail9...
10:41:54.574 [CE][LoadMap] "Group" :: loaded 7506 groups, largest group range: 34.0
10:41:54.576 [CE][LoadMap] "Dirt" :: loaded 0 groups, largest group range: 34.0
10:41:54.680 [CE][Links] found 2124 total links between groups, of 7506
10:41:54.680 [CE][LoadClusters] "Cluster" :: Loading files...
10:41:54.832 [CE][LoadClusters] :: file: "mapgroupcluster.xml", 9 types, 50000 instances
10:41:54.990 [CE][LoadClusters] :: file: "mapgroupcluster01", 9 types, 50000 instances
10:41:54.990   5940 failed - check Matrix "default" grid size !!!
10:41:55.154 [CE][LoadClusters] :: file: "mapgroupcluster02", 9 types, 50000 instances
10:41:55.154   12307 failed - check Matrix "default" grid size !!!
10:41:55.210 [CE][LoadClusters] :: file: "mapgroupcluster03", 9 types, 15277 instances
10:41:55.210   1372 failed - check Matrix "default" grid size !!!
10:41:55.212 [CE][Storage] ver:21 stamp:33424, valid:yes, name:"mpmissions\Expansion.deerisle\storage_1\data\types.bin"
10:41:55.213 [CE][Storage] ver:21 stamp:33424, valid:yes, name:"mpmissions\Expansion.deerisle\storage_1\data\types.001"
10:41:55.213 [CE][Storage] ver:21 stamp:33422, valid:yes, name:"mpmissions\Expansion.deerisle\storage_1\data\types.002"
10:41:55.213 [CE][Storage] Restoring file "mpmissions\Expansion.deerisle\storage_1\data\types.bin".
10:41:55.307 !!! File "DZ\worlds\chernarusplus\ce\db/messages.xml" does not exist...
10:41:55.307 !!! [CE][offlineDB] :: Failed to read messages file 'db/messages.xml'.
10:41:55.307 !!! [CE][offlineDB] :: No Shutdown message present.
10:41:55.308 [DynEvent] "BPGazG" will be ignored :: failed to determine spawner type!
10:41:55.308 valid types are:
10:41:55.308   01 - Vehicle 
10:41:55.308   02 - Static 
10:41:55.308   03 - Loot 
10:41:55.308   04 - Infected 
10:41:55.308   05 - Animal 
10:41:55.308   06 - Ambient 
10:41:55.308   07 - Item 
10:41:55.308   08 - Trajectory 
10:41:55.308 [DynEvent] "BPGazG" failed to initialize spawner - unknown type?!
10:41:55.308 [CE][offlineDB] :: Loaded 42 dynamic events 247 total types 0 total positions.
10:41:55.339 !!! [CE][offlineDB] :: Failed to read types file 'TraderPlus_ce/TraderPlus_types.xml'.
10:41:55.340 [CE][Storage] ver:21 stamp:33424, valid:yes, name:"mpmissions\Expansion.deerisle\storage_1\data\events.bin"
10:41:55.340 [CE][Storage] ver:21 stamp:33424, valid:yes, name:"mpmissions\Expansion.deerisle\storage_1\data\events.001"
10:41:55.340 [CE][Storage] ver:21 stamp:33422, valid:yes, name:"mpmissions\Expansion.deerisle\storage_1\data\events.002"
10:41:55.340 [CE][Storage] Restoring file "mpmissions\Expansion.deerisle\storage_1\data\events.bin".
10:41:55.340 [CE][DynamicEvent] Load  Events:[42] Primary spawners: 41 Secondary spawners: 1
10:41:55.341 [CE][Storage] ver:25 stamp:33424, valid:yes, name:"mpmissions\Expansion.deerisle\storage_1\data\dynamic_000.bin"
10:41:55.341 [CE][Storage] ver:25 stamp:33424, valid:yes, name:"mpmissions\Expansion.deerisle\storage_1\data\dynamic_000.001"
10:41:55.341 [CE][Storage] ver:25 stamp:33422, valid:yes, name:"mpmissions\Expansion.deerisle\storage_1\data\dynamic_000.002"
10:41:55.342 [CE][Storage] Restoring file "mpmissions\Expansion.deerisle\storage_1\data\dynamic_000.bin" 249 items.
10:41:55.490   249 items loaded.
10:41:55.491 [CE][Storage] ver:25 stamp:33424, valid:yes, name:"mpmissions\Expansion.deerisle\storage_1\data\dynamic_001.bin"
10:41:55.491 [CE][Storage] ver:25 stamp:33424, valid:yes, name:"mpmissions\Expansion.deerisle\storage_1\data\dynamic_001.001"
10:41:55.491 [CE][Storage] ver:25 stamp:33422, valid:yes, name:"mpmissions\Expansion.deerisle\storage_1\data\dynamic_001.002"
10:41:55.491 [CE][Storage] Restoring file "mpmissions\Expansion.deerisle\storage_1\data\dynamic_001.bin" 1083 items.
10:41:55.865   1083 items loaded.
10:41:55.865 [CE][Storage] ver:25 stamp:33424, valid:yes, name:"mpmissions\Expansion.deerisle\storage_1\data\dynamic_002.bin"
10:41:55.866 [CE][Storage] ver:25 stamp:33424, valid:yes, name:"mpmissions\Expansion.deerisle\storage_1\data\dynamic_002.001"
10:41:55.866 [CE][Storage] ver:25 stamp:33422, valid:yes, name:"mpmissions\Expansion.deerisle\storage_1\data\dynamic_002.002"
10:41:55.866 [CE][Storage] Restoring file "mpmissions\Expansion.deerisle\storage_1\data\dynamic_002.bin" 2206 items.
10:41:56.432   2206 items loaded.
10:41:56.433 [CE][Storage] ver:25 stamp:33424, valid:yes, name:"mpmissions\Expansion.deerisle\storage_1\data\dynamic_003.bin"
10:41:56.433 [CE][Storage] ver:25 stamp:33424, valid:yes, name:"mpmissions\Expansion.deerisle\storage_1\data\dynamic_003.001"
10:41:56.434 [CE][Storage] ver:25 stamp:33422, valid:yes, name:"mpmissions\Expansion.deerisle\storage_1\data\dynamic_003.002"
10:41:56.434 [CE][Storage] Restoring file "mpmissions\Expansion.deerisle\storage_1\data\dynamic_003.bin" 2793 items.
10:41:57.81   2793 items loaded.
10:41:57.82 [CE][Storage] ver:25 stamp:33424, valid:yes, name:"mpmissions\Expansion.deerisle\storage_1\data\dynamic_004.bin"
10:41:57.82 [CE][Storage] ver:25 stamp:33424, valid:yes, name:"mpmissions\Expansion.deerisle\storage_1\data\dynamic_004.001"
10:41:57.83 [CE][Storage] ver:25 stamp:33422, valid:yes, name:"mpmissions\Expansion.deerisle\storage_1\data\dynamic_004.002"
10:41:57.83 [CE][Storage] Restoring file "mpmissions\Expansion.deerisle\storage_1\data\dynamic_004.bin" 4155 items.
10:41:58.145   4155 items loaded.
10:41:58.146 [CE][Storage] ver:25 stamp:33424, valid:yes, name:"mpmissions\Expansion.deerisle\storage_1\data\dynamic_005.bin"
10:41:58.146 [CE][Storage] ver:25 stamp:33424, valid:yes, name:"mpmissions\Expansion.deerisle\storage_1\data\dynamic_005.001"
10:41:58.146 [CE][Storage] ver:25 stamp:33422, valid:yes, name:"mpmissions\Expansion.deerisle\storage_1\data\dynamic_005.002"
10:41:58.147 [CE][Storage] Restoring file "mpmissions\Expansion.deerisle\storage_1\data\dynamic_005.bin" 3368 items.
10:41:58.986   3368 items loaded.
10:41:58.986 [CE][Storage] ver:25 stamp:33424, valid:yes, name:"mpmissions\Expansion.deerisle\storage_1\data\dynamic_006.bin"
10:41:58.987 [CE][Storage] ver:25 stamp:33424, valid:yes, name:"mpmissions\Expansion.deerisle\storage_1\data\dynamic_006.001"
10:41:58.987 [CE][Storage] ver:25 stamp:33422, valid:yes, name:"mpmissions\Expansion.deerisle\storage_1\data\dynamic_006.002"
10:41:58.987 [CE][Storage] Restoring file "mpmissions\Expansion.deerisle\storage_1\data\dynamic_006.bin" 2660 items.
10:41:59.579   2660 items loaded.
10:41:59.580 [CE][Storage] ver:25 stamp:33424, valid:yes, name:"mpmissions\Expansion.deerisle\storage_1\data\dynamic_007.bin"
10:41:59.580 [CE][Storage] ver:25 stamp:33424, valid:yes, name:"mpmissions\Expansion.deerisle\storage_1\data\dynamic_007.001"
10:41:59.581 [CE][Storage] ver:25 stamp:33422, valid:yes, name:"mpmissions\Expansion.deerisle\storage_1\data\dynamic_007.002"
10:41:59.581 [CE][Storage] Restoring file "mpmissions\Expansion.deerisle\storage_1\data\dynamic_007.bin" 1964 items.
10:41:59.988   1964 items loaded.
10:41:59.988 [CE][Storage] ver:25 stamp:33424, valid:yes, name:"mpmissions\Expansion.deerisle\storage_1\data\dynamic_008.bin"
10:41:59.988 [CE][Storage] ver:25 stamp:33424, valid:yes, name:"mpmissions\Expansion.deerisle\storage_1\data\dynamic_008.001"
10:41:59.989 [CE][Storage] ver:25 stamp:33422, valid:yes, name:"mpmissions\Expansion.deerisle\storage_1\data\dynamic_008.002"
10:41:59.989 [CE][Storage] Restoring file "mpmissions\Expansion.deerisle\storage_1\data\dynamic_008.bin" 1112 items.
10:42:00.206   1112 items loaded.
10:42:00.207 [CE][Storage] ver:25 stamp:33424, valid:yes, name:"mpmissions\Expansion.deerisle\storage_1\data\dynamic_009.bin"
10:42:00.207 [CE][Storage] ver:25 stamp:33424, valid:yes, name:"mpmissions\Expansion.deerisle\storage_1\data\dynamic_009.001"
10:42:00.207 [CE][Storage] ver:25 stamp:33422, valid:yes, name:"mpmissions\Expansion.deerisle\storage_1\data\dynamic_009.002"
10:42:00.207 [CE][Storage] Restoring file "mpmissions\Expansion.deerisle\storage_1\data\dynamic_009.bin" 596 items.
10:42:00.338   596 items loaded.
10:42:00.339 [CE][Storage] ver:25 stamp:33424, valid:yes, name:"mpmissions\Expansion.deerisle\storage_1\data\dynamic_010.bin"
10:42:00.339 [CE][Storage] ver:25 stamp:33424, valid:yes, name:"mpmissions\Expansion.deerisle\storage_1\data\dynamic_010.001"
10:42:00.339 [CE][Storage] ver:25 stamp:33422, valid:yes, name:"mpmissions\Expansion.deerisle\storage_1\data\dynamic_010.002"
10:42:00.339 [CE][Storage] Restoring file "mpmissions\Expansion.deerisle\storage_1\data\dynamic_010.bin" 773 items.
10:42:00.508   773 items loaded.
10:42:00.508 [CE][Storage] ver:25 stamp:33424, valid:yes, name:"mpmissions\Expansion.deerisle\storage_1\data\dynamic_011.bin"
10:42:00.508 [CE][Storage] ver:25 stamp:33424, valid:yes, name:"mpmissions\Expansion.deerisle\storage_1\data\dynamic_011.001"
10:42:00.509 [CE][Storage] ver:25 stamp:33422, valid:yes, name:"mpmissions\Expansion.deerisle\storage_1\data\dynamic_011.002"
10:42:00.509 [CE][Storage] Restoring file "mpmissions\Expansion.deerisle\storage_1\data\dynamic_011.bin" 0 items.
10:42:00.509   0 items loaded.
10:42:00.509 [CE][Storage] ver:26 stamp:33424, valid:yes, name:"mpmissions\Expansion.deerisle\storage_1\data\building.bin"
10:42:00.509 [CE][Storage] ver:26 stamp:33424, valid:yes, name:"mpmissions\Expansion.deerisle\storage_1\data\building.001"
10:42:00.509 [CE][Storage] ver:26 stamp:33422, valid:yes, name:"mpmissions\Expansion.deerisle\storage_1\data\building.002"
10:42:00.509 [CE][Storage] Restoring file "mpmissions\Expansion.deerisle\storage_1\data\building.bin" 4 items.
10:42:00.509   4 items loaded.
10:42:00.510 [CE][Storage] ver:25 stamp:33424, valid:yes, name:"mpmissions\Expansion.deerisle\storage_1\data\vehicles.bin"
10:42:00.510 [CE][Storage] ver:25 stamp:33424, valid:yes, name:"mpmissions\Expansion.deerisle\storage_1\data\vehicles.001"
10:42:00.510 [CE][Storage] ver:25 stamp:33422, valid:yes, name:"mpmissions\Expansion.deerisle\storage_1\data\vehicles.002"
10:42:00.510 [CE][Storage] Restoring file "mpmissions\Expansion.deerisle\storage_1\data\vehicles.bin" 161 items.
10:42:00.976   161 items loaded.
10:42:00.987 [CE][Hive] :: Storage load took:5.66 seconds, recovery stamp:33424
10:42:00.987   entity: 24016, building: 4
10:42:00.987   no lifetime: 22
10:42:00.988   pathgraph's: 929
10:42:00.988 [CE][Hive] :: Initializing ... 
10:42:01.24 [CE][InitializeMap] :: initialized: 2
10:42:01.24 [CE][Hive] :: Initializing spawners ... 
10:42:01.755 [CE][LootRespawner] (PRIDummy) :: Initially (re)spawned:0, Nominal:30475, Total in Map: 21127 at 0 (sec)
10:42:01.755   tests:0, repeats:0 fails:0, overtime:0
10:42:01.755 [CE][DynEvent] :: 42 types
10:42:01.755 [00] BPGazG
10:42:01.755 [01] AmbientHen
10:42:01.755   Primary Spawner: "Ambient", active: yes, repeat: 1
10:42:01.755 [02] AnimalBear
10:42:01.755   Primary Spawner: "Animal", active: yes, repeat: 1
10:42:01.755 [03] AnimalCow
10:42:01.755   Primary Spawner: "Animal", active: yes, repeat: 1
10:42:01.755 [04] AnimalDeer
10:42:01.755   Primary Spawner: "Animal", active: yes, repeat: 1
10:42:01.755 [05] AnimalGoat
10:42:01.755   Primary Spawner: "Animal", active: yes, repeat: 1
10:42:01.755 [06] AnimalPig
10:42:01.755   Primary Spawner: "Animal", active: yes, repeat: 1
10:42:01.755 [07] AnimalRoeDeer
10:42:01.755   Primary Spawner: "Animal", active: yes, repeat: 1
10:42:01.755 [08] AnimalSheep
10:42:01.755   Primary Spawner: "Animal", active: yes, repeat: 1
10:42:01.755 [09] AnimalWildBoar
10:42:01.755   Primary Spawner: "Animal", active: yes, repeat: 1
10:42:01.755 [10] AnimalWolf
10:42:01.755   Primary Spawner: "Animal", active: yes, repeat: 1
10:42:01.755 [11] InfectedArmy
10:42:01.755   Primary Spawner: "Infected", active: yes, repeat: 1
10:42:01.755 [12] InfectedCity
10:42:01.755   Primary Spawner: "Infected", active: yes, repeat: 1
10:42:01.755 [13] InfectedFirefighter
10:42:01.755   Primary Spawner: "Infected", active: yes, repeat: 1
10:42:01.755 [14] InfectedIndustrial
10:42:01.755   Primary Spawner: "Infected", active: yes, repeat: 1
10:42:01.755 [15] InfectedMedic
10:42:01.755   Primary Spawner: "Infected", active: yes, repeat: 1
10:42:01.755 [16] InfectedPolice
10:42:01.755   Primary Spawner: "Infected", active: yes, repeat: 1
10:42:01.755 [17] InfectedPrisoner
10:42:01.755   Primary Spawner: "Infected", active: yes, repeat: 1
10:42:01.755 [18] InfectedReligious
10:42:01.755   Primary Spawner: "Infected", active: yes, repeat: 1
10:42:01.755 [19] InfectedSolitude
10:42:01.755   Primary Spawner: "Infected", active: yes, repeat: 1
10:42:01.755 [20] InfectedVillage
10:42:01.755   Primary Spawner: "Infected", active: yes, repeat: 1
10:42:01.755 [21] ItemPlanks
10:42:01.755   Primary Spawner: "Item", active: yes, repeat: 1
10:42:01.755 [22] Loot
10:42:01.755   Primary Spawner: "Loot", active: yes, repeat: 2
10:42:01.755 [23] StaticHeliCrash
10:42:01.755   Primary Spawner: "Vehicle", active: yes, repeat: 1
10:42:01.755   Secondary Spawner: "Infected", active: yes, repeat: 1
10:42:01.755 [24] StaticPoliceCar
10:42:01.755   Primary Spawner: "Vehicle", active: yes, repeat: 1
10:42:01.755 [25] TrajectoryApple
10:42:01.755   Primary Spawner: "Trajectory", active: yes, repeat: 1
10:42:01.755 [26] TrajectoryCanina
10:42:01.755   Primary Spawner: "Trajectory", active: yes, repeat: 1
10:42:01.755 [27] TrajectoryConiferous
10:42:01.755   Primary Spawner: "Trajectory", active: yes, repeat: 1
10:42:01.755 [28] TrajectoryDeciduous
10:42:01.755   Primary Spawner: "Trajectory", active: yes, repeat: 1
10:42:01.755 [29] TrajectoryHumus
10:42:01.755   Primary Spawner: "Trajectory", active: yes, repeat: 1
10:42:01.755 [30] TrajectoryPear
10:42:01.755   Primary Spawner: "Trajectory", active: yes, repeat: 1
10:42:01.755 [31] TrajectoryPlum
10:42:01.755   Primary Spawner: "Trajectory", active: yes, repeat: 1
10:42:01.755 [32] TrajectorySambucus
10:42:01.755   Primary Spawner: "Trajectory", active: yes, repeat: 1
10:42:01.755 [33] TrajectoryStones
10:42:01.755   Primary Spawner: "Trajectory", active: yes, repeat: 1
10:42:01.755 [34] VehicleCivilianSedan
10:42:01.755   Primary Spawner: "Vehicle", active: yes, repeat: 1
10:42:01.755 [35] VehicleHatchback02
10:42:01.755   Primary Spawner: "Vehicle", active: yes, repeat: 1
10:42:01.755 [36] VehicleOffroadHatchback
10:42:01.755   Primary Spawner: "Vehicle", active: yes, repeat: 1
10:42:01.755 [37] VehicleSedan02
10:42:01.755   Primary Spawner: "Vehicle", active: yes, repeat: 1
10:42:01.755 [38] VehicleTruck01
10:42:01.755   Primary Spawner: "Vehicle", active: yes, repeat: 1
10:42:01.755 [39] StaticVanPinkies
10:42:01.755   Primary Spawner: "Vehicle", active: yes, repeat: 1
10:42:01.755 [40] StaticVanAmbulance
10:42:01.755   Primary Spawner: "Vehicle", active: yes, repeat: 1
10:42:01.755 [41] StaticSkeletonEventspawn
10:42:01.755   Primary Spawner: "Vehicle", active: yes, repeat: 1
10:42:01.755 [CE][Hive] :: Initializing of spawners done.
10:42:01.759 [CE][Hive] :: Init sequence finished.
10:42:01.759 Player connect enabled
10:42:21.240 !!! [CE][Point] Removing 7176.464355, 11583.501953 from Land_jmc_militarycase_o_09
10:42:21.240 !!! [CE][Point] Removing 7174.257813, 11682.478516 from Land_jmc_militarycase_c_01
10:42:21.241 !!! [CE][Point] Removing 7190.567871, 11554.995117 from Land_jmc_militarycase_o_07
10:42:21.241 !!! [CE][Point] Removing 7181.748535, 11579.876953 from Land_jmc_militarycase_o_05
10:42:21.241 !!! [CE][Point] Removing 7162.553223, 11655.167969 from Land_jmc_militarycase_c_12
10:42:21.242 !!! [CE][Point] Removing 7266.000488, 11605.139648 from Land_jmc_skeleton_burned_4
10:42:21.242 !!! [CE][Point] Removing 7191.696777, 11590.946289 from Land_jmc_militarycase_o_08
10:42:21.243 !!! [CE][Point] Removing 7173.956055, 11646.958008 from Land_jmc_militarycase_o_08
10:42:21.244 !!! [CE][Point] Removing 7103.856934, 11620.941406 from Land_jmc_militarycase_o_07
10:42:21.244 !!! [CE][Point] Removing 7267.477051, 11615.902344 from Land_jmc_militarycase_o_09
10:42:21.339 [CE][LootRespawner] (PRIDummy) :: Item [0] causing search overtime: "CP_RollingPapers"
10:42:21.439 [CE][LootRespawner] (PRIDummy) :: Item [1] causing search overtime: "ParamedicJacket_Green"
10:42:21.546 !!! [CE][Point] Removing 758.161926, 270.770966 from Land_jmc_ruinecolumn_loot
10:42:21.549 !!! [CE][Point] Removing 850.751404, 338.203522 from Land_jmc_ruinecolumn_loot
10:42:21.551 !!! [CE][Point] Removing 366.394348, 778.200806 from Land_jmc_ruinecolumn_loot
10:42:21.552 !!! [CE][Point] Removing 495.000549, 220.502838 from Land_jmc_ruinecolumn_loot
10:42:21.553 !!! [CE][Point] Removing 816.548340, 421.099609 from Land_jmc_ruinecolumn_loot
10:42:21.554 !!! [CE][Point] Removing 5013.819824, 7032.260742 from Land_strazni_vez
10:42:21.555 !!! [CE][Point] Removing 466.206177, 262.927216 from Land_jmc_ruinecolumn_loot
10:42:21.638 [CE][LootRespawner] (PRIDummy) :: Item [2] causing search overtime: "CP_JointBlue"
10:42:21.739 [CE][LootRespawner] (PRIDummy) :: Item [3] causing search overtime: "Mag_AKM_Drum75Rnd"
10:42:21.839 [CE][LootRespawner] (PRIDummy) :: Item [4] causing search overtime: "MSP_WitchCauldron"
10:42:21.938 [CE][LootRespawner] (PRIDummy) :: Item [5] causing search overtime: "Msp_CoffinBox"
10:42:22.239 !!! [CE][Point] Removing 7158.818848, 11563.338867 from Land_jmc_militarycase_o_08
10:42:22.239 !!! [CE][Point] Removing 7197.381836, 11554.292969 from Land_jmc_militarycase_o_09
10:42:22.240 !!! [CE][Point] Removing 7176.039063, 11586.541016 from Land_jmc_militarycase_o_06
10:42:22.341 !!! [CE][Point] Removing 7179.251953, 11685.856445 from Land_jmc_military_lootcase
10:42:22.342 !!! [CE][Point] Removing 7178.484375, 11591.041016 from Land_jmc_skeleton_old_4
10:42:22.343 !!! [CE][Point] Removing 4590.406738, 7325.298828 from Land_strazni_vez
10:42:22.440 !!! [CE][Point] Removing 7169.149414, 11583.397461 from Land_jmc_militarycase_o_08
10:42:22.538 [CE][LootRespawner] (PRIDummy) :: Item [6] causing search overtime: "CP_CigarettePack_CannabisKush"
10:42:48.175 [CE][LootRespawner] (PRIDummy) :: Item [7] causing search overtime: "CP_RollingPapers"
10:42:48.282 !!! [CE][Point] Removing 7164.669922, 11664.787109 from Land_jmc_militarycase_o_09
10:42:48.282 !!! [CE][Point] Removing 7190.900391, 11556.199219 from Land_jmc_militarycase_c_09
10:42:48.282 !!! [CE][Point] Removing 7267.186523, 11611.096680 from Land_jmc_skeleton_burned_2
10:42:48.283 !!! [CE][Point] Removing 7185.677246, 11568.532227 from Land_jmc_militarycase_o_08
10:42:48.283 !!! [CE][Point] Removing 7151.554199, 11568.265625 from Land_jmc_militarycase_o_05
10:42:48.283 !!! [CE][Point] Removing 7191.911621, 11568.193359 from Land_jmc_militarycase_o_11
10:42:48.284 !!! [CE][Point] Removing 7179.178711, 11631.274414 from Land_jmc_militarycase_o_11
10:42:48.284 !!! [CE][Point] Removing 7192.060547, 11558.913086 from Land_jmc_militarycase_o_06
10:42:48.284 !!! [CE][Point] Removing 7152.880371, 11568.689453 from Land_jmc_militarycase_c_06
10:42:48.380 [CE][LootRespawner] (PRIDummy) :: Item [8] causing search overtime: "CP_JointBlue"
10:42:48.481 [CE][LootRespawner] (PRIDummy) :: Item [9] causing search overtime: "ParamedicJacket_Green"
10:42:48.581 [CE][LootRespawner] (PRIDummy) :: Item [10] causing search overtime: "Mag_AKM_Drum75Rnd"
10:42:48.681 !!! [CE][Point] Removing 4588.048340, 7325.891113 from Land_strazni_vez
10:42:48.684 !!! [CE][Point] Removing 751.872803, 332.312256 from Land_jmc_ruinecolumn_loot
10:42:48.686 !!! [CE][Point] Removing 751.995667, 292.272156 from Land_jmc_ruinecolumn_loot
10:42:48.686 !!! [CE][Point] Removing 367.159515, 769.187744 from Land_jmc_ruinecolumn_loot
10:42:48.687 !!! [CE][Point] Removing 466.205658, 263.241211 from Land_jmc_ruinecolumn_loot
10:42:48.688 !!! [CE][Point] Removing 5013.100586, 7030.356934 from Land_strazni_vez
10:42:48.780 [CE][LootRespawner] (PRIDummy) :: Item [11] causing search overtime: "Msp_CoffinBox"
10:42:48.880 [CE][LootRespawner] (PRIDummy) :: Item [12] causing search overtime: "CP_CigarettePack_CannabisKush"
10:42:48.981 [CE][LootRespawner] (PRIDummy) :: Item [13] causing search overtime: "CP_CigarettePack_CannabisNomad"
10:42:49.180 [CE][LootRespawner] (PRIDummy) :: Item [14] causing search overtime: "CP_CigarettePack_CannabisS1"
10:43:15.115 [CE][LootRespawner] (PRIDummy) :: Item [15] causing search overtime: "CP_RollingPapers"
10:43:15.215 !!! [CE][Point] Removing 7267.186523, 11611.096680 from Land_jmc_skeleton_burned_2
10:43:15.215 !!! [CE][Point] Removing 7154.261719, 11593.990234 from Land_jmc_militarycase_o_07
10:43:15.215 !!! [CE][Point] Removing 7151.122559, 11563.342773 from Land_jmc_militarycase_c_12
10:43:15.215 !!! [CE][Point] Removing 7151.377441, 11610.114258 from Land_jmc_militarycase_o_08
10:43:15.217 !!! [CE][Point] Removing 7175.418945, 11607.706055 from Land_jmc_militarycase_o_09
10:43:15.217 !!! [CE][Point] Removing 7151.060547, 11566.732422 from Land_jmc_militarycase_c_07
10:43:15.218 !!! [CE][Point] Removing 7178.665527, 11685.982422 from Land_jmc_military_lootcase
10:43:15.218 !!! [CE][Point] Removing 7178.484375, 11591.041016 from Land_jmc_skeleton_old_4
10:43:15.218 !!! [CE][Point] Removing 7187.367188, 11598.480469 from Land_jmc_militarycase_o_07
10:43:15.314 [CE][LootRespawner] (PRIDummy) :: Item [16] causing search overtime: "CP_JointBlue"
10:43:15.415 [CE][LootRespawner] (PRIDummy) :: Item [17] causing search overtime: "ParamedicJacket_Green"
10:43:15.514 [CE][LootRespawner] (PRIDummy) :: Item [18] causing search overtime: "Mag_AKM_Drum75Rnd"
10:43:15.614 [CE][LootRespawner] (PRIDummy) :: Item [19] causing search overtime: "Msp_CoffinBox"
10:43:42.224 !!! [CE][Point] Removing 7175.900879, 11668.934570 from Land_jmc_militarycase_o_06
10:43:42.225 !!! [CE][Point] Removing 816.175354, 421.099609 from Land_jmc_ruinecolumn_loot
10:43:42.226 !!! [CE][Point] Removing 5014.596680, 7030.498047 from Land_strazni_vez
10:43:42.227 !!! [CE][Point] Removing 7176.039551, 11591.428711 from Land_jmc_militarycase_o_07
10:43:42.228 !!! [CE][Point] Removing 7160.754395, 11616.364258 from Land_jmc_militarycase_o_08
10:43:42.228 !!! [CE][Point] Removing 465.460724, 262.612000 from Land_jmc_ruinecolumn_loot
10:43:42.228 !!! [CE][Point] Removing 7174.722168, 11614.373047 from Land_jmc_militarycase_o_08
10:43:42.229 !!! [CE][Point] Removing 7156.010742, 11555.536133 from Land_jmc_militarycase_c_12
10:43:42.624 !!! [CE][Point] Removing 7187.147461, 11662.458984 from Land_jmc_militarycase_o_11
10:43:42.625 !!! [CE][Point] Removing 7158.744141, 11560.833008 from Land_jmc_militarycase_o_09
10:43:42.626 !!! [CE][Point] Removing 7183.866699, 11569.283203 from Land_jmc_skeleton_old_5
10:43:42.626 !!! [CE][Point] Removing 7192.217773, 11562.439453 from Land_jmc_militarycase_c_06
10:43:42.627 !!! [CE][Point] Removing 7160.167969, 11636.795898 from Land_jmc_skeleton_gnawed_5
10:43:42.627 !!! [CE][Point] Removing 7185.324707, 11561.282227 from Land_jmc_militarycase_c_12
10:43:42.628 !!! [CE][Point] Removing 7169.088867, 11565.916992 from Land_jmc_militarycase_o_12
10:43:42.628 !!! [CE][Point] Removing 7188.186035, 11568.453125 from Land_jmc_militarycase_o_09
10:43:42.628 !!! [CE][Point] Removing 7194.047363, 11553.902344 from Land_jmc_militarycase_o_12
10:43:42.825 !!! [CE][Point] Removing 367.158478, 769.815735 from Land_jmc_ruinecolumn_loot
10:44:09.376 [CE][LootRespawner] (PRIDummy) :: Item [0] is hard to place, performance drops: "ParamedicJacket_Green"
10:44:09.475 !!! [CE][Point] Removing 7189.465820, 11673.093750 from Land_jmc_militarycase_o_09
10:44:09.477 !!! [CE][Point] Removing 1461.098389, 11740.947266 from Land_jmc_militarycase_o_12
10:44:09.477 !!! [CE][Point] Removing 367.178986, 787.288574 from Land_jmc_ruinecolumn_loot
10:44:09.478 !!! [CE][Point] Removing 7164.317383, 11578.473633 from Land_jmc_militarycase_o_11
10:44:09.478 !!! [CE][Point] Removing 7162.368164, 11653.823242 from Land_jmc_militarycase_c_09
10:44:09.478 !!! [CE][Point] Removing 766.004578, 283.973999 from Land_jmc_ruinecolumn_loot
10:44:09.479 !!! [CE][Point] Removing 838.466431, 337.755798 from Land_jmc_ruinecolumn_loot
10:44:09.482 !!! [CE][Point] Removing 465.993378, 296.388641 from Land_jmc_ruinecolumn_loot
10:44:09.483 !!! [CE][Point] Removing 7266.000488, 11605.139648 from Land_jmc_skeleton_burned_4
10:44:09.878 !!! [CE][Point] Removing 536.326294, 341.396210 from Land_jmc_ruinecolumn_loot
10:44:09.880 !!! [CE][Point] Removing 839.929565, 420.304871 from Land_jmc_ruinecolumn_loot
10:44:11.576 [CE][Links] found 0 total links between groups, of 1
10:44:11.576 [CE][SpawnRandomLoot] (StaticPoliceCar) :: ChildType: Land_Wreck_Volha_Police, lootmin: 3, lootmax: 5, wanted: 4
10:44:11.580 [CE][Links] found 0 total links between groups, of 2
10:44:11.580 [CE][SpawnRandomLoot] (StaticPoliceCar) :: ChildType: Land_Wreck_Volha_Police, lootmin: 3, lootmax: 5, wanted: 4
10:44:11.582 [CE][Links] found 0 total links between groups, of 3
10:44:11.582 [CE][SpawnRandomLoot] (StaticPoliceCar) :: ChildType: Land_Wreck_Volha_Police, lootmin: 3, lootmax: 5, wanted: 4
10:44:11.585 [CE][Links] found 0 total links between groups, of 4
10:44:11.585 [CE][SpawnRandomLoot] (StaticPoliceCar) :: ChildType: Land_Wreck_Volha_Police, lootmin: 3, lootmax: 5, wanted: 4
10:44:11.588 [CE][Links] found 0 total links between groups, of 5
10:44:11.588 [CE][SpawnRandomLoot] (StaticPoliceCar) :: ChildType: Land_Wreck_Volha_Police, lootmin: 3, lootmax: 5, wanted: 4
10:44:11.591 [CE][Links] found 0 total links between groups, of 6
10:44:11.591 [CE][SpawnRandomLoot] (StaticPoliceCar) :: ChildType: Land_Wreck_Volha_Police, lootmin: 3, lootmax: 5, wanted: 4
10:44:11.593 [CE][Links] found 0 total links between groups, of 7
10:44:11.593 [CE][SpawnRandomLoot] (StaticPoliceCar) :: ChildType: Land_Wreck_Volha_Police, lootmin: 3, lootmax: 5, wanted: 3
10:44:11.595 [CE][Links] found 0 total links between groups, of 8
10:44:11.595 [CE][SpawnRandomLoot] (StaticPoliceCar) :: ChildType: Land_Wreck_Volha_Police, lootmin: 3, lootmax: 5, wanted: 3
10:44:11.597 [CE][Links] found 0 total links between groups, of 9
10:44:11.597 [CE][SpawnRandomLoot] (StaticPoliceCar) :: ChildType: Land_Wreck_Volha_Police, lootmin: 3, lootmax: 5, wanted: 3
10:44:11.598 [CE][Links] found 0 total links between groups, of 10
10:44:11.598 [CE][SpawnRandomLoot] (StaticPoliceCar) :: ChildType: Land_Wreck_Volha_Police, lootmin: 3, lootmax: 5, wanted: 3
10:44:14.559 [Login]: Adding player BnYrB (13990983) to login queue at position 0
10:44:14.559 [LoginMachine]: Add player BnYrB (13990983)
10:44:14.559 [StateMachine]: Player BnYrB (dpnid 13990983 uid ) Entering AuthPlayerLoginState
10:44:15.851 [StateMachine]: Player BnYrB (dpnid 13990983 uid ) Entering WaitAuthPlayerLoginState
10:44:17.49 Player BnYrB connected (id=mBNlxASsPlOcry0dpDl8K-WgHNR5WMCMmoJ9NhpU4FY=).
10:44:17.49 Player "BnYrB" is connected (steamID=76561198036774377)
10:44:17.323 [StateMachine]: Player BnYrB (dpnid 13990983 uid mBNlxASsPlOcry0dpDl8K-WgHNR5WMCMmoJ9NhpU4FY=) Entering DBGetLoginTimeLoginState
10:44:17.324 [StateMachine]: Player BnYrB (dpnid 13990983 uid mBNlxASsPlOcry0dpDl8K-WgHNR5WMCMmoJ9NhpU4FY=) Entering DBWaitLoginTimeLoginState
10:44:32.324 [StateMachine]: Player BnYrB (dpnid 13990983 uid mBNlxASsPlOcry0dpDl8K-WgHNR5WMCMmoJ9NhpU4FY=) Entering DBGetCharacterLoginState
10:44:32.325 [StateMachine]: Player BnYrB (dpnid 13990983 uid mBNlxASsPlOcry0dpDl8K-WgHNR5WMCMmoJ9NhpU4FY=) Entering CreateNetObjectsLoginState
10:44:32.328 [StateMachine]: Player BnYrB (dpnid 13990983 uid mBNlxASsPlOcry0dpDl8K-WgHNR5WMCMmoJ9NhpU4FY=) Entering PreloadCamLoginState
10:44:32.329 [StateMachine]: Player BnYrB (dpnid 13990983 uid mBNlxASsPlOcry0dpDl8K-WgHNR5WMCMmoJ9NhpU4FY=) Entering WaitPreloadCamLoginState
10:44:36.141 !!! [CE][Point] Removing 7187.833008, 11672.678711 from Land_jmc_militarycase_o_12
10:44:36.143 !!! [CE][Point] Removing 7271.020996, 11623.091797 from Land_jmc_militarycase_c_07
10:44:36.143 !!! [CE][Point] Removing 7154.836426, 11645.380859 from Land_jmc_skeleton_old_2
10:44:36.143 !!! [CE][Point] Removing 7165.928223, 11678.539063 from Land_jmc_skeleton_old_5
10:44:36.144 !!! [CE][Point] Removing 7152.005371, 11633.791016 from Land_jmc_militarycase_c_05
10:44:36.144 !!! [CE][Point] Removing 7171.539551, 11601.766602 from Land_jmc_militarycase_o_11
10:44:36.144 !!! [CE][Point] Removing 7156.099121, 11587.857422 from Land_jmc_militarycase_o_08
10:44:36.145 !!! [CE][Point] Removing 7159.990234, 11653.022461 from Land_jmc_militarycase_o_12
10:44:36.145 !!! [CE][Point] Removing 7187.242676, 11607.349609 from Land_jmc_militarycase_o_07
10:44:36.146 !!! [CE][Point] Removing 7173.125977, 11590.496094 from Land_jmc_skeleton_old_1
10:44:36.745 !!! [CE][Point] Removing 7178.958984, 11685.918945 from Land_jmc_military_lootcase
10:44:36.745 !!! [CE][Point] Removing 7173.330078, 11606.138672 from Land_jmc_militarycase_c_06
10:44:36.747 !!! [CE][Point] Removing 7198.099609, 11595.975586 from Land_jmc_militarycase_c_07
10:44:36.747 !!! [CE][Point] Removing 7191.864746, 11588.292969 from Land_jmc_militarycase_o_11
10:44:36.747 !!! [CE][Point] Removing 7160.065918, 11656.517578 from Land_jmc_militarycase_c_06
10:44:54.513 [StateMachine]: Player BnYrB (dpnid 13990983 uid mBNlxASsPlOcry0dpDl8K-WgHNR5WMCMmoJ9NhpU4FY=) Entering GetLoadedCharLoginState
10:44:56.667 <LOAD EXISTING CHAR>:
    charID 1
    playerID 1
    dpnid 13990983
    uid mBNlxASsPlOcry0dpDl8K-WgHNR5WMCMmoJ9NhpU4FY=
10:45:05.110 !!! [CE][Point] Removing 1379.247192, 11654.273438 from Land_jmc_militarycase_c_03
10:45:05.110 !!! [CE][Point] Removing 1525.467896, 11771.351563 from Land_jmc_militarycase_o_11
10:45:05.111 !!! [CE][Point] Removing 7178.079102, 11686.108398 from Land_jmc_military_lootcase
10:45:05.112 !!! [CE][Point] Removing 1441.068359, 11922.526367 from Land_jmc_militarycase_c_07
10:45:05.113 !!! [CE][Point] Removing 1433.988281, 11918.303711 from Land_jmc_militarycase_o_09
10:45:05.113 !!! [CE][Point] Removing 1489.991333, 11846.655273 from Land_jmc_militarycase_o_07
10:45:05.114 !!! [CE][Point] Removing 7160.169434, 11657.359375 from Land_jmc_militarycase_o_08
10:45:05.114 !!! [CE][Point] Removing 1503.243652, 11759.322266 from Land_jmc_militarycase_c_06
10:45:05.410 !!! [CE][Point] Removing 1485.284912, 11861.099609 from Land_jmc_skeleton_old_1
10:45:05.609 !!! [CE][Point] Removing 7154.836426, 11645.380859 from Land_jmc_skeleton_old_2
10:45:05.609 !!! [CE][Point] Removing 7266.000488, 11605.139648 from Land_jmc_skeleton_burned_4
10:45:05.610 !!! [CE][Point] Removing 7160.758789, 11678.957031 from Land_jmc_militarycase_o_11
10:45:05.610 !!! [CE][Point] Removing 7180.832520, 11682.396484 from Land_jmc_militarycase_o_08
10:45:05.611 !!! [CE][Point] Removing 7171.429688, 11648.979492 from Land_jmc_militarycase_o_08
10:45:32.238 !!! [CE][Point] Removing 1485.284912, 11861.099609 from Land_jmc_skeleton_old_1
10:45:32.239 !!! [CE][Point] Removing 7174.387207, 11673.659180 from Land_BusStation_wall_bench
10:45:32.240 !!! [CE][Point] Removing 7174.813965, 11590.480469 from Land_jmc_skeleton_old_2
10:45:32.538 !!! [CE][Point] Removing 7154.836426, 11645.380859 from Land_jmc_skeleton_old_2
10:45:32.539 !!! [CE][Point] Removing 7195.953125, 11600.767578 from Land_BusStation_wall_bench
10:45:32.539 !!! [CE][Point] Removing 7165.928223, 11678.539063 from Land_jmc_skeleton_old_5
10:45:32.838 !!! [CE][Point] Removing 7103.649902, 11618.441406 from Land_jmc_militarycase_c_07
10:45:32.838 !!! [CE][Point] Removing 7192.053223, 11560.669922 from Land_jmc_militarycase_o_05
10:45:32.839 !!! [CE][Point] Removing 1536.132446, 11920.790039 from Land_jmc_militarycase_c_09
10:45:32.840 !!! [CE][Point] Removing 7182.710449, 11647.839844 from Land_jmc_militarycase_o_05
10:45:33.38 !!! [CE][Point] Removing 7158.622559, 11587.934570 from Land_jmc_militarycase_o_08
10:45:33.39 !!! [CE][Point] Removing 5012.430664, 7031.604004 from Land_strazni_vez
10:45:59.257 !!! [CE][Point] Removing 7178.247070, 11682.559570 from Land_BusStation_wall_bench
10:45:59.558 !!! [CE][Point] Removing 7174.813965, 11590.480469 from Land_jmc_skeleton_old_2
10:45:59.560 !!! [CE][Point] Removing 7194.742188, 11600.756836 from Land_BusStation_wall_bench
10:45:59.560 !!! [CE][Point] Removing 7165.928223, 11678.539063 from Land_jmc_skeleton_old_5
10:45:59.561 !!! [CE][Point] Removing 7177.750488, 11586.165039 from Land_BusStation_wall_bench
10:45:59.561 !!! [CE][Point] Removing 7173.125977, 11590.496094 from Land_jmc_skeleton_old_1
10:45:59.562 !!! [CE][Point] Removing 7174.354980, 11680.826172 from Land_BusStation_wall_bench
10:45:59.562 !!! [CE][Point] Removing 7178.484375, 11591.041016 from Land_jmc_skeleton_old_4
10:45:59.563 !!! [CE][Point] Removing 7179.458008, 11682.573242 from Land_BusStation_wall_bench
10:45:59.564 !!! [CE][Point] Removing 7267.186523, 11611.096680 from Land_jmc_skeleton_burned_2
10:45:59.565 !!! [CE][Point] Removing 7144.936035, 11639.708008 from Land_BusStation_wall_bench
10:45:59.857 !!! [CE][Point] Removing 7174.368164, 11674.870117 from Land_BusStation_wall_bench
10:46:26.64 !!! [CE][Point] Removing 7178.961426, 11586.178711 from Land_BusStation_wall_bench
10:46:26.66 !!! [CE][Point] Removing 7174.374023, 11679.615234 from Land_BusStation_wall_bench
10:46:26.263 !!! [CE][Point] Removing 7144.927246, 11637.821289 from Land_BusStation_wall_bench
10:46:26.264 !!! [CE][Point] Removing 7152.188965, 11606.745117 from Land_BusStation_wall_bench
10:46:27.74 !!! [CE][Point] Removing 7173.125977, 11590.496094 from Land_jmc_skeleton_old_1
10:46:27.77 !!! [CE][Point] Removing 2044.621460, 9050.159180 from Land_strazni_vez
10:46:27.77 !!! [CE][Point] Removing 815.801514, 396.901947 from Land_jmc_ruinecolumn_loot
10:46:52.775 !!! [CE][Point] Removing 8426.348633, 9089.399414 from Land_Boat_Small1
10:46:52.777 !!! [CE][Point] Removing 4059.306396, 15426.637695 from Land_Container_1Aoh
10:46:53.574 !!! [CE][Point] Removing 8426.375000, 9088.740234 from Land_Boat_Small1
10:46:53.576 !!! [CE][Point] Removing 7180.220703, 11591.080078 from Land_jmc_skeleton_old_5
10:46:53.774 !!! [CE][Point] Removing 6908.271973, 11967.881836 from Land_Mil_Fortified_Nest_Big
10:46:54.174 !!! [CE][Point] Removing 4610.052734, 6997.686523 from Land_strazni_vez
10:46:54.175 !!! [CE][Point] Removing 1828.550415, 8947.227539 from Land_strazni_vez
10:47:19.800 !!! [CE][Point] Removing 8425.908203, 9087.734375 from Land_Boat_Small1
10:47:19.800 !!! [CE][Point] Removing 8587.748047, 3482.143799 from Land_Boat_Small1
10:47:20.204 !!! [CE][Point] Removing 11536.775391, 3748.261719 from Land_jmc_cabin01
10:47:20.399 !!! [CE][Point] Removing 6908.460449, 11968.579102 from Land_Mil_Fortified_Nest_Big
10:47:46.821 !!! [CE][Point] Removing 8587.128906, 3481.917725 from Land_Boat_Small1
10:47:46.827 !!! [CE][Point] Removing 4033.047607, 15528.952148 from Land_Container_1Aoh
10:47:47.121 !!! [CE][Point] Removing 851.130859, 338.509674 from Land_jmc_ruinecolumn_loot
10:47:47.132 !!! [CE][Point] Removing 820.012146, 303.296295 from Land_jmc_ruinecolumn_loot
10:47:47.134 !!! [CE][Point] Removing 655.592896, 242.772675 from Land_jmc_ruinecolumn_loot
10:47:47.134 !!! [CE][Point] Removing 759.596680, 306.691284 from Land_jmc_ruinecolumn_loot
10:47:47.134 !!! [CE][Point] Removing 1829.957397, 8948.697266 from Land_strazni_vez
10:47:47.421 !!! [CE][Point] Removing 6906.662598, 11970.910156 from Land_Mil_Fortified_Nest_Big
10:47:58.968 [Login]: Adding player Mr Wolf (15457802) to login queue at position 0
10:47:58.968 [LoginMachine]: Add player Mr Wolf (15457802)
10:47:58.968 [StateMachine]: Player Mr Wolf (dpnid 15457802 uid ) Entering AuthPlayerLoginState
10:48:01.132 [StateMachine]: Player Mr Wolf (dpnid 15457802 uid ) Entering WaitAuthPlayerLoginState
10:48:02.554 Player Mr Wolf connected (id=IAKLKM33p7NYLhkk5leT5VYzSRy1qFQhXQui2bdgnIY=).
10:48:02.554 Player "Mr Wolf" is connected (steamID=76561198016874355)
10:48:03.330 [StateMachine]: Player Mr Wolf (dpnid 15457802 uid IAKLKM33p7NYLhkk5leT5VYzSRy1qFQhXQui2bdgnIY=) Entering DBGetLoginTimeLoginState
10:48:03.332 [StateMachine]: Player Mr Wolf (dpnid 15457802 uid IAKLKM33p7NYLhkk5leT5VYzSRy1qFQhXQui2bdgnIY=) Entering DBWaitLoginTimeLoginState
10:48:13.742 !!! [CE][Point] Removing 8586.028320, 3482.054443 from Land_Boat_Small1
10:48:13.743 !!! [CE][Point] Removing 5352.875488, 9097.291016 from Land_Boat_Small1
10:48:14.43 !!! [CE][Point] Removing 7175.257813, 11682.561523 from Land_BusStation_wall_bench
10:48:14.441 !!! [CE][Point] Removing 6907.517090, 11970.619141 from Land_Mil_Fortified_Nest_Big
10:48:18.332 [StateMachine]: Player Mr Wolf (dpnid 15457802 uid IAKLKM33p7NYLhkk5leT5VYzSRy1qFQhXQui2bdgnIY=) Entering DBGetCharacterLoginState
10:48:18.333 [StateMachine]: Player Mr Wolf (dpnid 15457802 uid IAKLKM33p7NYLhkk5leT5VYzSRy1qFQhXQui2bdgnIY=) Entering CreateNetObjectsLoginState
10:48:18.338 [StateMachine]: Player Mr Wolf (dpnid 15457802 uid IAKLKM33p7NYLhkk5leT5VYzSRy1qFQhXQui2bdgnIY=) Entering PreloadCamLoginState
10:48:18.338 [StateMachine]: Player Mr Wolf (dpnid 15457802 uid IAKLKM33p7NYLhkk5leT5VYzSRy1qFQhXQui2bdgnIY=) Entering WaitPreloadCamLoginState
10:48:35.560 [StateMachine]: Player Mr Wolf (dpnid 15457802 uid IAKLKM33p7NYLhkk5leT5VYzSRy1qFQhXQui2bdgnIY=) Entering GetLoadedCharLoginState
10:48:35.588 <LOAD EXISTING CHAR>:
    charID 3
    playerID 3
    dpnid 15457802
    uid IAKLKM33p7NYLhkk5leT5VYzSRy1qFQhXQui2bdgnIY=
10:48:40.943 !!! [CE][Point] Removing 7144.925293, 11640.919922 from Land_BusStation_wall_bench
10:48:40.944 !!! [CE][Point] Removing 7144.937988, 11636.609375 from Land_BusStation_wall_bench
10:48:40.945 !!! [CE][Point] Removing 7153.399902, 11606.755859 from Land_BusStation_wall_bench
10:48:41.242 !!! [CE][Point] Removing 4510.918945, 7196.940430 from Land_strazni_vez
10:48:41.243 !!! [CE][Point] Removing 7162.398438, 11656.876953 from Land_jmc_militarycase_o_05
10:49:07.543 !!! [CE][Point] Removing 1485.284912, 11861.099609 from Land_jmc_skeleton_old_1
10:49:07.642 !!! [CE][Point] Removing 752.754578, 292.884460 from Land_jmc_ruinecolumn_loot
10:49:07.643 !!! [CE][Point] Removing 752.245789, 332.626251 from Land_jmc_ruinecolumn_loot
10:49:07.643 !!! [CE][Point] Removing 4588.980469, 7324.826172 from Land_strazni_vez
10:49:07.644 !!! [CE][Point] Removing 5179.822754, 9112.897461 from Land_strazni_vez
10:49:07.644 !!! [CE][Point] Removing 816.547485, 397.529938 from Land_jmc_ruinecolumn_loot
10:49:07.646 !!! [CE][Point] Removing 2046.131836, 9048.794922 from Land_strazni_vez
10:49:34.543 !!! [CE][Point] Removing 7160.167969, 11636.795898 from Land_jmc_skeleton_gnawed_5
10:49:34.942 !!! [CE][Point] Removing 367.177948, 787.916565 from Land_jmc_ruinecolumn_loot
10:49:34.942 !!! [CE][Point] Removing 765.262695, 283.650391 from Land_jmc_ruinecolumn_loot
10:49:34.942 !!! [CE][Point] Removing 838.106567, 338.391449 from Land_jmc_ruinecolumn_loot
10:49:34.943 !!! [CE][Point] Removing 465.247925, 296.073425 from Land_jmc_ruinecolumn_loot
10:49:34.944 !!! [CE][Point] Removing 685.759644, 284.605011 from Land_jmc_ruinecolumn_loot
10:49:34.944 !!! [CE][Point] Removing 840.675537, 420.932861 from Land_jmc_ruinecolumn_loot
10:49:34.944 !!! [CE][Point] Removing 536.325745, 341.710205 from Land_jmc_ruinecolumn_loot
10:49:34.945 !!! [CE][Point] Removing 755.532410, 287.726501 from Land_jmc_ruinecolumn_loot
10:49:35.42 !!! [CE][Point] Removing 495.000031, 220.816833 from Land_jmc_ruinecolumn_loot
10:49:35.42 !!! [CE][Point] Removing 851.117798, 337.881805 from Land_jmc_ruinecolumn_loot
10:49:35.42 !!! [CE][Point] Removing 816.548340, 420.471619 from Land_jmc_ruinecolumn_loot
10:49:35.42 !!! [CE][Point] Removing 466.206696, 262.613220 from Land_jmc_ruinecolumn_loot
10:49:35.42 !!! [CE][Point] Removing 366.785492, 769.815125 from Land_jmc_ruinecolumn_loot
10:49:35.43 !!! [CE][Point] Removing 4508.708984, 7197.955078 from Land_strazni_vez
10:49:59.501 [Login]: Adding player NastyNerg [DDA] (47328687) to login queue at position 0
10:49:59.501 [LoginMachine]: Add player NastyNerg [DDA] (47328687)
10:49:59.501 [StateMachine]: Player NastyNerg [DDA] (dpnid 47328687 uid ) Entering AuthPlayerLoginState
10:50:00.881 [StateMachine]: Player NastyNerg [DDA] (dpnid 47328687 uid ) Entering WaitAuthPlayerLoginState
10:50:02.293 Player NastyNerg [DDA] connected (id=v49uXaJny-MXhmq_qvUelv_0QcwRY1-cv9_Yq-5tGIA=).
10:50:02.293 Player "NastyNerg [DDA]" is connected (steamID=76561198197079153)
10:50:02.700 [StateMachine]: Player NastyNerg [DDA] (dpnid 47328687 uid v49uXaJny-MXhmq_qvUelv_0QcwRY1-cv9_Yq-5tGIA=) Entering DBGetLoginTimeLoginState
10:50:02.701 [StateMachine]: Player NastyNerg [DDA] (dpnid 47328687 uid v49uXaJny-MXhmq_qvUelv_0QcwRY1-cv9_Yq-5tGIA=) Entering DBWaitLoginTimeLoginState
10:50:05.843 [CE][Links] found 0 total links between groups, of 11
10:50:05.843 [CE][SpawnRandomLoot] (StaticSkeletonEventspawn) :: ChildType: Land_jmc_skeleton_gnawed_4, lootmin: 4, lootmax: 6, wanted: 5
10:50:17.702 [StateMachine]: Player NastyNerg [DDA] (dpnid 47328687 uid v49uXaJny-MXhmq_qvUelv_0QcwRY1-cv9_Yq-5tGIA=) Entering DBGetCharacterLoginState
10:50:17.703 [StateMachine]: Player NastyNerg [DDA] (dpnid 47328687 uid v49uXaJny-MXhmq_qvUelv_0QcwRY1-cv9_Yq-5tGIA=) Entering CreateNetObjectsLoginState
10:50:17.708 [StateMachine]: Player NastyNerg [DDA] (dpnid 47328687 uid v49uXaJny-MXhmq_qvUelv_0QcwRY1-cv9_Yq-5tGIA=) Entering PreloadCamLoginState
10:50:17.708 [StateMachine]: Player NastyNerg [DDA] (dpnid 47328687 uid v49uXaJny-MXhmq_qvUelv_0QcwRY1-cv9_Yq-5tGIA=) Entering WaitPreloadCamLoginState
10:50:55.244 !!! [CE][Point] Removing 7176.468750, 11682.575195 from Land_BusStation_wall_bench
10:50:55.842 !!! [CE][Point] Removing 815.802368, 420.785614 from Land_jmc_ruinecolumn_loot
10:50:55.842 !!! [CE][Point] Removing 465.459686, 263.239990 from Land_jmc_ruinecolumn_loot
10:50:55.942 !!! [CE][Point] Removing 819.639160, 303.924286 from Land_jmc_ruinecolumn_loot
10:50:55.942 !!! [CE][Point] Removing 655.593384, 242.458664 from Land_jmc_ruinecolumn_loot
10:50:55.942 !!! [CE][Point] Removing 760.000671, 307.299805 from Land_jmc_ruinecolumn_loot
10:51:05.685 [StateMachine]: Player NastyNerg [DDA] (dpnid 47328687 uid v49uXaJny-MXhmq_qvUelv_0QcwRY1-cv9_Yq-5tGIA=) Entering GetLoadedCharLoginState
10:51:05.705 <LOAD EXISTING CHAR>:
    charID 25
    playerID 25
    dpnid 47328687
    uid v49uXaJny-MXhmq_qvUelv_0QcwRY1-cv9_Yq-5tGIA=
10:51:22.43 !!! [CE][Point] Removing 851.490723, 337.874023 from Land_jmc_ruinecolumn_loot
10:51:22.44 !!! [CE][Point] Removing 816.548340, 420.785614 from Land_jmc_ruinecolumn_loot
10:51:22.44 !!! [CE][Point] Removing 465.832672, 263.240601 from Land_jmc_ruinecolumn_loot
10:51:22.44 !!! [CE][Point] Removing 366.413544, 769.186462 from Land_jmc_ruinecolumn_loot
10:51:22.45 !!! [CE][Point] Removing 4509.429688, 7196.737305 from Land_strazni_vez
10:51:22.45 !!! [CE][Point] Removing 494.627563, 220.502228 from Land_jmc_ruinecolumn_loot
10:51:22.45 !!! [CE][Point] Removing 752.381653, 292.892242 from Land_jmc_ruinecolumn_loot
10:51:22.46 !!! [CE][Point] Removing 751.872803, 332.940247 from Land_jmc_ruinecolumn_loot
10:51:23.841 !!! [CE][Point] Removing 6773.434570, 1845.700317 from SambucusBush1
10:51:26.542 [CE][Links] found 0 total links between groups, of 12
10:51:26.542 [CE][SpawnRandomLoot] (StaticSkeletonEventspawn) :: ChildType: Land_jmc_skeleton_bloody_5, lootmin: 4, lootmax: 6, wanted: 4
10:51:26.544 [CE][Links] found 0 total links between groups, of 13
10:51:26.544 [CE][SpawnRandomLoot] (StaticSkeletonEventspawn) :: ChildType: Land_jmc_skeleton_clean_1, lootmin: 4, lootmax: 6, wanted: 4
10:51:49.142 !!! [CE][Point] Removing 757.775940, 270.150879 from Land_jmc_ruinecolumn_loot
10:51:49.142 !!! [CE][Point] Removing 851.503784, 338.501892 from Land_jmc_ruinecolumn_loot
10:51:49.142 !!! [CE][Point] Removing 366.433014, 787.287292 from Land_jmc_ruinecolumn_loot
10:51:49.143 !!! [CE][Point] Removing 766.000488, 284.287964 from Land_jmc_ruinecolumn_loot
10:51:49.143 !!! [CE][Point] Removing 837.720581, 337.771362 from Land_jmc_ruinecolumn_loot
10:51:49.143 !!! [CE][Point] Removing 465.248444, 295.759430 from Land_jmc_ruinecolumn_loot
10:51:49.143 !!! [CE][Point] Removing 685.758606, 285.233002 from Land_jmc_ruinecolumn_loot
10:51:49.144 !!! [CE][Point] Removing 839.929565, 420.932861 from Land_jmc_ruinecolumn_loot
10:51:49.144 !!! [CE][Point] Removing 536.699829, 341.082825 from Land_jmc_ruinecolumn_loot
10:51:49.144 !!! [CE][Point] Removing 755.538940, 288.040436 from Land_jmc_ruinecolumn_loot
10:51:49.342 !!! [CE][Point] Removing 1828.525635, 8949.153320 from Land_strazni_vez
10:51:49.342 !!! [CE][Point] Removing 4609.027344, 6995.481445 from Land_strazni_vez
10:51:49.343 !!! [CE][Point] Removing 2044.207275, 9048.714844 from Land_strazni_vez
10:51:49.343 !!! [CE][Point] Removing 5178.832520, 9114.549805 from Land_strazni_vez
10:51:49.343 !!! [CE][Point] Removing 4589.254395, 7326.842773 from Land_strazni_vez
10:51:49.344 !!! [CE][Point] Removing 4510.069336, 7198.668945 from Land_strazni_vez
10:52:42.842 [CE][LootRespawner] (PRIDummy) :: Item [1] is hard to place, performance drops: "CanvasPants_Grey"
10:52:42.842 [CE][LootRespawner] (PRIDummy) :: Item [2] is hard to place, performance drops: "CanvasPants_Grey"
10:52:42.843 [CE][LootRespawner] (PRIDummy) :: Item [3] is hard to place, performance drops: "CanvasPants_Grey"
10:52:42.843 [CE][LootRespawner] (PRIDummy) :: Item [4] is hard to place, performance drops: "CanvasPants_Grey"
10:52:42.843 [CE][LootRespawner] (PRIDummy) :: Item [5] is hard to place, performance drops: "CanvasPants_Grey"
10:52:43.441 !!! [CE][Point] Removing 465.621429, 295.760040 from Land_jmc_ruinecolumn_loot
10:52:43.442 !!! [CE][Point] Removing 686.505676, 284.606232 from Land_jmc_ruinecolumn_loot
10:52:43.443 !!! [CE][Point] Removing 7174.390625, 11606.895508 from Land_jmc_militarycase_o_12
10:53:09.845 !!! [CE][Point] Removing 7180.946289, 11671.265625 from Land_BusStation_wall_bench
10:53:09.845 [CE][LootRespawner] (PRIDummy) :: Item [6] is hard to place, performance drops: "CanvasPants_Grey"
10:53:09.942 [CE][LootRespawner] (PRIDummy) :: Item [7] is hard to place, performance drops: "ParamedicJacket_Green"
10:53:36.669 !!! [CE][Point] Removing 3795.085693, 9662.574219 from Land_jmc_cabin01
10:53:36.671 !!! [CE][Point] Removing 3741.319092, 9728.391602 from Land_jmc_cabin01
10:53:36.679 !!! [CE][Point] Removing 7176.726074, 11678.677734 from Land_jmc_militarycase_o_07
10:53:36.681 !!! [CE][Point] Removing 3814.755859, 9733.528320 from Land_jmc_cabin01
10:53:36.683 !!! [CE][Point] Removing 2046.026733, 9050.328125 from Land_strazni_vez
10:53:36.685 !!! [CE][Point] Removing 7178.372070, 11686.045898 from Land_jmc_military_lootcase
10:53:36.690 !!! [CE][Point] Removing 3670.696289, 9776.938477 from Land_jmc_cabin01
10:53:36.870 !!! [CE][Point] Removing 7177.741699, 11678.675781 from Land_jmc_militarycase_o_11
10:53:36.873 !!! [CE][Point] Removing 7160.167969, 11636.795898 from Land_jmc_skeleton_gnawed_5
10:53:36.874 !!! [CE][Point] Removing 7180.220703, 11591.080078 from Land_jmc_skeleton_old_5
10:53:36.875 !!! [CE][Point] Removing 7183.866699, 11569.283203 from Land_jmc_skeleton_old_5
10:53:36.875 !!! [CE][Point] Removing 7174.813965, 11590.480469 from Land_jmc_skeleton_old_2
10:53:36.876 !!! [CE][Point] Removing 7188.847168, 11592.356445 from Land_jmc_military_lootcase
10:53:37.267 !!! [CE][Point] Removing 5178.355957, 9112.571289 from Land_strazni_vez
10:53:37.267 !!! [CE][Point] Removing 1830.085693, 8947.288086 from Land_strazni_vez
10:53:37.267 !!! [CE][Point] Removing 4608.319824, 6996.845215 from Land_strazni_vez
10:53:37.466 !!! [CE][Point] Removing 752.748047, 292.570526 from Land_jmc_ruinecolumn_loot
10:53:37.466 !!! [CE][Point] Removing 494.254578, 220.501602 from Land_jmc_ruinecolumn_loot
10:53:37.467 !!! [CE][Point] Removing 366.786530, 769.187073 from Land_jmc_ruinecolumn_loot
10:54:03.377 !!! [CE][Point] Removing 7183.866699, 11569.283203 from Land_jmc_skeleton_old_5
10:54:03.378 !!! [CE][Point] Removing 7180.220703, 11591.080078 from Land_jmc_skeleton_old_5
10:54:03.779 !!! [CE][Point] Removing 3682.018311, 9740.116211 from Land_jmc_cabin01
10:54:03.782 !!! [CE][Point] Removing 3839.265137, 9611.403320 from Land_jmc_cabin01
10:54:03.785 !!! [CE][Point] Removing 3786.303955, 9675.597656 from Land_jmc_cabin01
10:54:03.786 !!! [CE][Point] Removing 3748.995850, 9730.172852 from Land_jmc_cabin01
10:54:03.788 !!! [CE][Point] Removing 3799.198730, 9728.458984 from Land_jmc_cabin01
10:54:03.790 !!! [CE][Point] Removing 3655.837891, 9771.842773 from Land_jmc_cabin01
10:54:04.176 !!! [CE][Point] Removing 5177.536133, 9113.724609 from Land_strazni_vez
10:54:04.177 !!! [CE][Point] Removing 4610.249023, 6996.196777 from Land_strazni_vez
10:54:57.84 [CE][LootRespawner] (PRIDummy) :: Item [8] is hard to place, performance drops: "LeatherSewingKit"
10:54:57.86 [CE][LootRespawner] (PRIDummy) :: Item [9] is hard to place, performance drops: "LeatherSewingKit"
10:54:57.86 [CE][LootRespawner] (PRIDummy) :: Item [10] is hard to place, performance drops: "LeatherSewingKit"
10:54:57.984 !!! [CE][Point] Removing 816.547485, 396.901947 from Land_jmc_ruinecolumn_loot
10:54:57.985 !!! [CE][Point] Removing 357.536774, 778.890076 from Land_jmc_ruinecolumn_loot
10:55:23.984 [CE][LootRespawner] (PRIDummy) :: Item [11] is hard to place, performance drops: "LeatherSewingKit"
10:55:23.984 [CE][LootRespawner] (PRIDummy) :: Item [12] is hard to place, performance drops: "LeatherSewingKit"
10:55:23.986 [CE][LootRespawner] (PRIDummy) :: Item [13] is hard to place, performance drops: "LeatherSewingKit"
10:55:24.85 !!! [CE][Point] Removing 7180.978516, 11679.879883 from Land_BusStation_wall_bench
10:55:24.484 [CE][LootRespawner] (PRIDummy) :: Item [14] is hard to place, performance drops: "ParamedicJacket_Green"
10:55:25.984 !!! [CE][Point] Removing 4351.275391, 7296.148438 from SambucusBush1
10:55:28.684 [CE][Links] found 0 total links between groups, of 14
10:55:28.684 [CE][SpawnRandomLoot] (StaticSkeletonEventspawn) :: ChildType: Land_jmc_skeleton_old_5, lootmin: 4, lootmax: 6, wanted: 4
10:55:51.194 !!! [CE][Point] Removing 7180.969727, 11681.090820 from Land_BusStation_wall_bench
10:56:18.200 [CE][LootRespawner] (PRIDummy) :: Item [15] is hard to place, performance drops: "HikingBoots_Black"
10:56:18.200 [CE][LootRespawner] (PRIDummy) :: Item [16] is hard to place, performance drops: "HikingBoots_Black"
10:56:18.200 [CE][LootRespawner] (PRIDummy) :: Item [17] is hard to place, performance drops: "HikingBoots_Black"
10:56:18.200 [CE][LootRespawner] (PRIDummy) :: Item [18] is hard to place, performance drops: "HikingBoots_Black"
10:56:18.200 [CE][LootRespawner] (PRIDummy) :: Item [19] is hard to place, performance drops: "HikingBoots_Black"
10:56:18.401 !!! [CE][Point] Removing 7190.800293, 11587.912109 from Land_jmc_military_lootcase
10:56:45.203 !!! [CE][Point] Removing 3748.995850, 9730.172852 from Land_jmc_cabin01
10:56:45.503 !!! [CE][Point] Removing 686.504639, 285.234222 from Land_jmc_ruinecolumn_loot
10:56:45.503 !!! [CE][Point] Removing 465.247406, 296.387421 from Land_jmc_ruinecolumn_loot
10:56:45.503 !!! [CE][Point] Removing 838.479492, 338.383667 from Land_jmc_ruinecolumn_loot
10:56:45.503 !!! [CE][Point] Removing 765.254578, 284.278351 from Land_jmc_ruinecolumn_loot
10:56:45.503 !!! [CE][Point] Removing 366.432495, 787.601318 from Land_jmc_ruinecolumn_loot
10:56:45.504 !!! [CE][Point] Removing 851.497253, 338.187958 from Land_jmc_ruinecolumn_loot
10:56:45.504 !!! [CE][Point] Removing 757.409546, 270.472595 from Land_jmc_ruinecolumn_loot
10:56:45.504 !!! [CE][Point] Removing 839.963440, 397.160828 from Land_jmc_ruinecolumn_loot
10:56:45.704 !!! [CE][Point] Removing 7189.600098, 11587.923828 from Land_jmc_military_lootcase
10:56:45.705 !!! [CE][Point] Removing 7187.346680, 11554.786133 from Land_jmc_military_lootcase
10:56:45.705 !!! [CE][Point] Removing 7157.763184, 11556.059570 from Land_jmc_military_lootcase
10:57:11.912 !!! [CE][Point] Removing 7189.349609, 11590.062500 from Land_jmc_skeleton_old_3
10:57:12.210 !!! [CE][Point] Removing 751.499817, 332.940247 from Land_jmc_ruinecolumn_loot
10:57:12.210 !!! [CE][Point] Removing 752.002197, 292.586090 from Land_jmc_ruinecolumn_loot
10:57:12.210 !!! [CE][Point] Removing 465.460205, 262.925995 from Land_jmc_ruinecolumn_loot
10:57:12.210 !!! [CE][Point] Removing 494.254059, 220.815613 from Land_jmc_ruinecolumn_loot
10:57:12.210 !!! [CE][Point] Removing 366.412506, 769.814453 from Land_jmc_ruinecolumn_loot
10:57:12.211 !!! [CE][Point] Removing 819.639160, 303.296295 from Land_jmc_ruinecolumn_loot
10:57:38.910 !!! [CE][Point] Removing 755.898804, 287.404785 from Land_jmc_ruinecolumn_loot
10:57:38.910 !!! [CE][Point] Removing 537.072815, 341.083435 from Land_jmc_ruinecolumn_loot
10:57:38.910 !!! [CE][Point] Removing 840.675537, 420.304871 from Land_jmc_ruinecolumn_loot
10:57:38.910 !!! [CE][Point] Removing 686.505127, 284.920227 from Land_jmc_ruinecolumn_loot
10:57:38.910 !!! [CE][Point] Removing 465.994415, 295.760651 from Land_jmc_ruinecolumn_loot
10:57:38.911 !!! [CE][Point] Removing 837.733643, 338.399231 from Land_jmc_ruinecolumn_loot
10:57:38.911 !!! [CE][Point] Removing 765.627563, 284.283142 from Land_jmc_ruinecolumn_loot
10:57:38.911 !!! [CE][Point] Removing 366.431976, 787.915283 from Land_jmc_ruinecolumn_loot
10:57:38.911 !!! [CE][Point] Removing 850.744873, 337.889587 from Land_jmc_ruinecolumn_loot
10:57:38.911 !!! [CE][Point] Removing 758.155396, 270.457031 from Land_jmc_ruinecolumn_loot
10:57:39.310 !!! [CE][Point] Removing 816.174500, 396.901947 from Land_jmc_ruinecolumn_loot
10:57:39.310 !!! [CE][Point] Removing 357.537811, 778.262085 from Land_jmc_ruinecolumn_loot
10:57:39.311 !!! [CE][Point] Removing 367.139801, 778.516052 from Land_jmc_ruinecolumn_loot
10:57:39.311 !!! [CE][Point] Removing 766.025635, 292.021790 from Land_jmc_ruinecolumn_loot
10:57:39.312 !!! [CE][Point] Removing 815.802368, 421.099609 from Land_jmc_ruinecolumn_loot
10:57:39.312 !!! [CE][Point] Removing 752.668091, 283.272095 from Land_jmc_ruinecolumn_loot
10:58:05.410 !!! [CE][Point] Removing 840.675537, 420.618866 from Land_jmc_ruinecolumn_loot
10:58:05.411 !!! [CE][Point] Removing 686.131592, 285.233612 from Land_jmc_ruinecolumn_loot
10:58:05.411 !!! [CE][Point] Removing 465.993896, 296.074646 from Land_jmc_ruinecolumn_loot
10:58:05.411 !!! [CE][Point] Removing 837.727112, 338.085297 from Land_jmc_ruinecolumn_loot
10:58:05.411 !!! [CE][Point] Removing 765.258606, 283.964355 from Land_jmc_ruinecolumn_loot
10:58:05.411 !!! [CE][Point] Removing 367.178467, 787.602539 from Land_jmc_ruinecolumn_loot
10:58:05.412 !!! [CE][Point] Removing 3740.359863, 9744.070313 from Land_jmc_cabin01
10:58:05.413 !!! [CE][Point] Removing 850.757935, 338.517456 from Land_jmc_ruinecolumn_loot
10:58:05.413 !!! [CE][Point] Removing 758.148865, 270.143097 from Land_jmc_ruinecolumn_loot
10:58:06.09 !!! [CE][Point] Removing 820.385132, 303.296295 from Land_jmc_ruinecolumn_loot
10:58:06.10 !!! [CE][Point] Removing 367.158997, 769.501709 from Land_jmc_ruinecolumn_loot
10:58:06.10 !!! [CE][Point] Removing 494.626526, 221.130219 from Land_jmc_ruinecolumn_loot
10:58:32.410 !!! [CE][Point] Removing 819.639160, 303.610291 from Land_jmc_ruinecolumn_loot
10:58:32.411 !!! [CE][Point] Removing 3833.055664, 9606.549805 from Land_jmc_cabin01
10:58:32.412 !!! [CE][Point] Removing 3667.205322, 9745.340820 from Land_jmc_cabin01
10:58:32.413 !!! [CE][Point] Removing 366.413025, 769.500488 from Land_jmc_ruinecolumn_loot
10:58:32.413 !!! [CE][Point] Removing 494.999512, 221.130844 from Land_jmc_ruinecolumn_loot
10:58:32.414 !!! [CE][Point] Removing 465.833710, 262.612610 from Land_jmc_ruinecolumn_loot
10:58:32.414 !!! [CE][Point] Removing 11536.775391, 3748.261719 from Land_jmc_cabin01
10:58:32.415 !!! [CE][Point] Removing 752.008728, 292.900024 from Land_jmc_ruinecolumn_loot
10:58:32.415 !!! [CE][Point] Removing 3659.596680, 9764.916992 from Land_jmc_cabin01
10:58:47.65 [Disconnect]: Start script disconnect 15457802 (dbCharacterId 3 dbPlayerId 3) logoutTime 15
10:58:49.400 [Disconnect]: Client 15457802 disconnecting
10:58:49.400 [Disconnect]: Client 15457802 early disconnect
10:58:49.400 [Disconnect]: Start script disconnect 15457802 (dbCharacterId 3 dbPlayerId 3) logoutTime 15
10:58:49.809 [Disconnect]: Remove player info 15457802
10:58:49.812 [Disconnect]: Player destroy 15457802 
10:58:59.312 !!! [CE][Point] Removing 815.802368, 420.471619 from Land_jmc_ruinecolumn_loot
10:58:59.313 !!! [CE][Point] Removing 765.279663, 292.012146 from Land_jmc_ruinecolumn_loot
10:58:59.314 !!! [CE][Point] Removing 7602.687012, 9917.378906 from Land_jmc_cabin01
10:58:59.315 !!! [CE][Point] Removing 367.140320, 778.202087 from Land_jmc_ruinecolumn_loot
10:58:59.316 !!! [CE][Point] Removing 357.163788, 778.889465 from Land_jmc_ruinecolumn_loot
10:58:59.316 !!! [CE][Point] Removing 3814.652832, 9725.648438 from Land_jmc_cabin01
10:58:59.317 !!! [CE][Point] Removing 11034.876953, 2295.144287 from Land_Mil_GuardShed
10:58:59.317 !!! [CE][Point] Removing 815.801514, 397.215942 from Land_jmc_ruinecolumn_loot
10:58:59.318 !!! [CE][Point] Removing 7615.466797, 9937.552734 from Land_jmc_cabin01
10:58:59.318 !!! [CE][Point] Removing 751.499817, 332.312256 from Land_jmc_ruinecolumn_loot
10:58:59.318 !!! [CE][Point] Removing 752.368591, 292.264374 from Land_jmc_ruinecolumn_loot
10:59:02.66 [Disconnect]: Finish script disconnect -1
10:59:26.313 !!! [CE][Point] Removing 3800.797363, 9668.003906 from Land_jmc_cabin01
10:59:26.313 !!! [CE][Point] Removing 839.963440, 397.474823 from Land_jmc_ruinecolumn_loot
10:59:26.314 !!! [CE][Point] Removing 735.996948, 328.766541 from Land_jmc_ruinecolumn_loot
10:59:26.315 !!! [CE][Point] Removing 759.612366, 307.004883 from Land_jmc_ruinecolumn_loot
10:59:26.315 !!! [CE][Point] Removing 654.847900, 242.143433 from Land_jmc_ruinecolumn_loot
10:59:26.315 !!! [CE][Point] Removing 820.385132, 303.924286 from Land_jmc_ruinecolumn_loot
10:59:26.317 !!! [CE][Point] Removing 3825.572998, 9620.361328 from Land_jmc_cabin01
10:59:26.515 !!! [CE][Point] Removing 7183.651367, 11590.829102 from Land_jmc_militarycase_c_09
10:59:53.613 !!! [CE][Point] Removing 655.593933, 242.144669 from Land_jmc_ruinecolumn_loot
10:59:53.613 !!! [CE][Point] Removing 759.969177, 306.672607 from Land_jmc_ruinecolumn_loot
10:59:53.613 !!! [CE][Point] Removing 736.311707, 329.138916 from Land_jmc_ruinecolumn_loot
10:59:53.614 !!! [CE][Point] Removing 840.336426, 396.846832 from Land_jmc_ruinecolumn_loot
10:59:53.614 !!! [CE][Point] Removing 757.403015, 270.158661 from Land_jmc_ruinecolumn_loot
10:59:53.813 !!! [CE][Point] Removing 654.846863, 242.771439 from Land_jmc_ruinecolumn_loot
10:59:53.814 !!! [CE][Point] Removing 760.341736, 306.653931 from Land_jmc_ruinecolumn_loot
10:59:53.814 !!! [CE][Point] Removing 736.312439, 329.511902 from Land_jmc_ruinecolumn_loot
11:00:51.514 [CE][Links] found 0 total links between groups, of 15
11:00:51.514 [CE][SpawnRandomLoot] (StaticSkeletonEventspawn) :: ChildType: Land_jmc_skeleton_old_2, lootmin: 4, lootmax: 6, wanted: 5
11:01:13.916 !!! [CE][Point] Removing 820.385132, 303.610291 from Land_jmc_ruinecolumn_loot
11:01:13.917 !!! [CE][Point] Removing 655.219849, 242.772049 from Land_jmc_ruinecolumn_loot
11:01:13.917 !!! [CE][Point] Removing 760.373169, 307.281128 from Land_jmc_ruinecolumn_loot
11:01:13.918 !!! [CE][Point] Removing 7186.941895, 11555.553711 from Land_jmc_militarycase_o_12
11:01:13.918 !!! [CE][Point] Removing 735.683655, 329.140137 from Land_jmc_ruinecolumn_loot
11:01:13.918 !!! [CE][Point] Removing 840.709412, 397.160828 from Land_jmc_ruinecolumn_loot
11:01:13.919 !!! [CE][Point] Removing 757.789001, 270.778748 from Land_jmc_ruinecolumn_loot
11:01:14.214 !!! [CE][Point] Removing 757.416077, 270.786530 from Land_jmc_ruinecolumn_loot
11:01:14.214 !!! [CE][Point] Removing 840.336426, 397.474823 from Land_jmc_ruinecolumn_loot
11:01:14.215 !!! [CE][Point] Removing 735.682922, 328.767151 from Land_jmc_ruinecolumn_loot
11:01:40.821 !!! [CE][Point] Removing 7189.349609, 11590.062500 from Land_jmc_skeleton_old_3
11:01:41.14 !!! [CE][Point] Removing 815.801514, 397.529938 from Land_jmc_ruinecolumn_loot
11:01:41.14 !!! [CE][Point] Removing 357.537292, 778.576050 from Land_jmc_ruinecolumn_loot
11:01:41.15 !!! [CE][Point] Removing 366.766296, 778.829468 from Land_jmc_ruinecolumn_loot
11:01:41.15 !!! [CE][Point] Removing 765.283752, 291.698181 from Land_jmc_ruinecolumn_loot
11:01:41.15 !!! [CE][Point] Removing 816.175354, 420.471619 from Land_jmc_ruinecolumn_loot
11:01:41.15 !!! [CE][Point] Removing 752.282104, 282.652008 from Land_jmc_ruinecolumn_loot
11:01:41.16 !!! [CE][Point] Removing 755.911865, 288.032654 from Land_jmc_ruinecolumn_loot
11:01:41.16 !!! [CE][Point] Removing 537.072266, 341.397430 from Land_jmc_ruinecolumn_loot
11:01:41.16 !!! [CE][Point] Removing 839.929565, 420.618866 from Land_jmc_ruinecolumn_loot
11:01:41.214 !!! [CE][Point] Removing 494.253540, 221.129608 from Land_jmc_ruinecolumn_loot
11:01:41.214 !!! [CE][Point] Removing 752.741516, 292.256592 from Land_jmc_ruinecolumn_loot
11:01:41.215 !!! [CE][Point] Removing 752.245789, 332.940247 from Land_jmc_ruinecolumn_loot
11:02:08.16 !!! [CE][Point] Removing 7188.241211, 11553.987305 from Land_jmc_military_lootcase
11:02:34.815 !!! [CE][Point] Removing 3814.755859, 9733.528320 from Land_jmc_cabin01
11:03:01.814 !!! [CE][Point] Removing 840.302551, 420.932861 from Land_jmc_ruinecolumn_loot
11:03:01.814 !!! [CE][Point] Removing 536.326782, 341.082214 from Land_jmc_ruinecolumn_loot
11:03:01.814 !!! [CE][Point] Removing 756.284790, 288.024872 from Land_jmc_ruinecolumn_loot
11:03:30.215 !!! [CE][Point] Removing 6635.023926, 2007.769165 from SambucusBush2
11:04:22.113 !!! [CE][Point] Removing 752.245789, 332.312256 from Land_jmc_ruinecolumn_loot
11:04:22.115 !!! [CE][Point] Removing 820.012146, 303.924286 from Land_jmc_ruinecolumn_loot
11:04:22.115 !!! [CE][Point] Removing 654.847412, 242.457443 from Land_jmc_ruinecolumn_loot
11:04:22.115 !!! [CE][Point] Removing 759.628113, 307.318481 from Land_jmc_ruinecolumn_loot
11:04:22.116 !!! [CE][Point] Removing 735.998413, 329.512512 from Land_jmc_ruinecolumn_loot
11:04:22.116 !!! [CE][Point] Removing 840.709412, 397.474823 from Land_jmc_ruinecolumn_loot
11:04:49.213 !!! [CE][Point] Removing 840.302551, 420.304871 from Land_jmc_ruinecolumn_loot
11:04:49.214 !!! [CE][Point] Removing 537.071777, 341.711426 from Land_jmc_ruinecolumn_loot
11:04:49.214 !!! [CE][Point] Removing 756.271729, 287.397003 from Land_jmc_ruinecolumn_loot
11:04:49.215 !!! [CE][Point] Removing 752.655029, 282.644226 from Land_jmc_ruinecolumn_loot
11:04:49.215 !!! [CE][Point] Removing 765.656677, 291.703003 from Land_jmc_ruinecolumn_loot
11:04:49.215 !!! [CE][Point] Removing 367.139282, 778.830078 from Land_jmc_ruinecolumn_loot
11:04:49.215 !!! [CE][Point] Removing 356.791840, 778.260803 from Land_jmc_ruinecolumn_loot
11:04:49.215 !!! [CE][Point] Removing 816.174500, 397.529938 from Land_jmc_ruinecolumn_loot
11:04:49.216 !!! [CE][Point] Removing 751.499817, 332.626251 from Land_jmc_ruinecolumn_loot
11:04:49.515 !!! [CE][Point] Removing 816.547485, 397.215942 from Land_jmc_ruinecolumn_loot
11:04:49.515 !!! [CE][Point] Removing 356.790802, 778.888794 from Land_jmc_ruinecolumn_loot
11:04:50.914 !!! [CE][Point] Removing 6652.230957, 2204.140137 from SambucusBush1
11:05:43.141 !!! [CE][Point] Removing 766.029663, 291.707794 from Land_jmc_ruinecolumn_loot
11:05:43.142 !!! [CE][Point] Removing 751.909180, 282.659790 from Land_jmc_ruinecolumn_loot
11:05:43.143 !!! [CE][Point] Removing 756.278259, 287.710938 from Land_jmc_ruinecolumn_loot
11:05:43.143 !!! [CE][Point] Removing 536.698730, 341.710815 from Land_jmc_ruinecolumn_loot
11:05:43.742 !!! [CE][Point] Removing 366.804962, 787.915955 from Land_jmc_ruinecolumn_loot
11:05:43.742 !!! [CE][Point] Removing 765.635620, 283.655212 from Land_jmc_ruinecolumn_loot
11:05:43.742 !!! [CE][Point] Removing 838.472961, 338.069733 from Land_jmc_ruinecolumn_loot
11:06:10.41 !!! [CE][Point] Removing 366.806000, 787.287903 from Land_jmc_ruinecolumn_loot
11:06:10.41 !!! [CE][Point] Removing 766.008606, 283.660004 from Land_jmc_ruinecolumn_loot
11:06:10.42 !!! [CE][Point] Removing 838.093506, 337.763580 from Land_jmc_ruinecolumn_loot
11:06:10.43 !!! [CE][Point] Removing 465.620392, 296.388031 from Land_jmc_ruinecolumn_loot
11:06:10.43 !!! [CE][Point] Removing 685.759155, 284.919006 from Land_jmc_ruinecolumn_loot
11:06:10.44 !!! [CE][Point] Removing 755.525879, 287.412567 from Land_jmc_ruinecolumn_loot
11:06:14.742 [CE][Links] found 0 total links between groups, of 16
11:06:14.742 [CE][SpawnRandomLoot] (StaticSkeletonEventspawn) :: ChildType: Land_jmc_skeleton_gnawed_1, lootmin: 4, lootmax: 6, wanted: 4
11:06:36.941 !!! [CE][Point] Removing 11033.924805, 2295.949951 from Land_Mil_GuardShed
11:06:36.943 !!! [CE][Point] Removing 7623.883789, 9951.583984 from Land_jmc_cabin01
11:06:36.944 !!! [CE][Point] Removing 11532.838867, 3755.088867 from Land_jmc_cabin01
11:06:36.946 !!! [CE][Point] Removing 3665.854492, 9737.577148 from Land_jmc_cabin01
11:06:37.544 !!! [CE][Point] Removing 686.132690, 284.605621 from Land_jmc_ruinecolumn_loot
11:06:37.544 !!! [CE][Point] Removing 839.963440, 396.846832 from Land_jmc_ruinecolumn_loot
11:06:37.544 !!! [CE][Point] Removing 735.684387, 329.513153 from Land_jmc_ruinecolumn_loot
11:06:37.641 !!! [CE][Point] Removing 766.021545, 292.335754 from Land_jmc_ruinecolumn_loot
11:06:37.641 !!! [CE][Point] Removing 751.922241, 283.287659 from Land_jmc_ruinecolumn_loot
11:06:37.642 !!! [CE][Point] Removing 840.709412, 396.846832 from Land_jmc_ruinecolumn_loot
11:06:56.515 [Login]: Adding player [DDA] NoMoreLlamas (27123729) to login queue at position 0
11:06:56.515 [LoginMachine]: Add player [DDA] NoMoreLlamas (27123729)
11:06:56.515 [StateMachine]: Player [DDA] NoMoreLlamas (dpnid 27123729 uid ) Entering AuthPlayerLoginState
11:06:57.593 [StateMachine]: Player [DDA] NoMoreLlamas (dpnid 27123729 uid ) Entering WaitAuthPlayerLoginState
11:06:59.36 Player [DDA] NoMoreLlamas connected (id=pEXQSKscYNXQjVc4zzjrHMCd8_PkdCs5wBAuAXyN2sw=).
11:06:59.36 Player "[DDA] NoMoreLlamas" is connected (steamID=76561199026005122)
11:07:00.579 [StateMachine]: Player [DDA] NoMoreLlamas (dpnid 27123729 uid pEXQSKscYNXQjVc4zzjrHMCd8_PkdCs5wBAuAXyN2sw=) Entering DBGetLoginTimeLoginState
11:07:00.580 [StateMachine]: Player [DDA] NoMoreLlamas (dpnid 27123729 uid pEXQSKscYNXQjVc4zzjrHMCd8_PkdCs5wBAuAXyN2sw=) Entering DBWaitLoginTimeLoginState
11:07:03.841 !!! [CE][Point] Removing 366.767334, 778.201416 from Land_jmc_ruinecolumn_loot
11:07:03.841 !!! [CE][Point] Removing 356.791321, 778.574829 from Land_jmc_ruinecolumn_loot
11:07:03.844 !!! [CE][Point] Removing 655.220947, 242.144058 from Land_jmc_ruinecolumn_loot
11:07:03.845 !!! [CE][Point] Removing 760.357483, 306.967529 from Land_jmc_ruinecolumn_loot
11:07:03.845 !!! [CE][Point] Removing 736.310974, 328.765900 from Land_jmc_ruinecolumn_loot
11:07:04.41 !!! [CE][Point] Removing 7628.975098, 9945.568359 from Land_jmc_cabin01
11:07:04.42 !!! [CE][Point] Removing 11547.560547, 3760.565674 from Land_jmc_cabin01
11:07:04.242 !!! [CE][Point] Removing 7180.963867, 11676.881836 from Land_BusStation_wall_bench
11:07:04.245 !!! [CE][Point] Removing 7187.636230, 11595.255859 from Land_BusStation_wall_bench
11:07:15.581 [StateMachine]: Player [DDA] NoMoreLlamas (dpnid 27123729 uid pEXQSKscYNXQjVc4zzjrHMCd8_PkdCs5wBAuAXyN2sw=) Entering DBGetCharacterLoginState
11:07:15.582 [StateMachine]: Player [DDA] NoMoreLlamas (dpnid 27123729 uid pEXQSKscYNXQjVc4zzjrHMCd8_PkdCs5wBAuAXyN2sw=) Entering CreateNetObjectsLoginState
11:07:15.587 [StateMachine]: Player [DDA] NoMoreLlamas (dpnid 27123729 uid pEXQSKscYNXQjVc4zzjrHMCd8_PkdCs5wBAuAXyN2sw=) Entering PreloadCamLoginState
11:07:15.587 [StateMachine]: Player [DDA] NoMoreLlamas (dpnid 27123729 uid pEXQSKscYNXQjVc4zzjrHMCd8_PkdCs5wBAuAXyN2sw=) Entering WaitPreloadCamLoginState
11:07:30.744 !!! [CE][Point] Removing 7186.425293, 11595.238281 from Land_BusStation_wall_bench
11:07:30.941 !!! [CE][Point] Removing 357.164825, 778.261414 from Land_jmc_ruinecolumn_loot
11:07:30.942 !!! [CE][Point] Removing 366.393311, 778.828796 from Land_jmc_ruinecolumn_loot
11:07:30.942 !!! [CE][Point] Removing 765.275635, 292.326141 from Land_jmc_ruinecolumn_loot
11:07:30.942 !!! [CE][Point] Removing 752.661560, 282.958160 from Land_jmc_ruinecolumn_loot
11:07:34.66 [StateMachine]: Player [DDA] NoMoreLlamas (dpnid 27123729 uid pEXQSKscYNXQjVc4zzjrHMCd8_PkdCs5wBAuAXyN2sw=) Entering GetLoadedCharLoginState
11:07:34.91 <LOAD EXISTING CHAR>:
    charID 23
    playerID 23
    dpnid 27123729
    uid pEXQSKscYNXQjVc4zzjrHMCd8_PkdCs5wBAuAXyN2sw=
11:07:57.641 !!! [CE][Point] Removing 7604.373047, 9933.653320 from Land_jmc_cabin01
11:07:57.642 !!! [CE][Point] Removing 366.393829, 778.514832 from Land_jmc_ruinecolumn_loot
11:07:57.643 !!! [CE][Point] Removing 11035.290039, 2296.514404 from Land_Mil_GuardShed
11:07:57.644 !!! [CE][Point] Removing 752.295166, 283.279877 from Land_jmc_ruinecolumn_loot
11:07:57.644 !!! [CE][Point] Removing 765.648621, 292.330933 from Land_jmc_ruinecolumn_loot
11:07:57.842 !!! [CE][Point] Removing 7180.955078, 11678.092773 from Land_BusStation_wall_bench
11:07:57.941 !!! [CE][Point] Removing 751.915710, 282.973724 from Land_jmc_ruinecolumn_loot
11:07:57.942 !!! [CE][Point] Removing 7267.267090, 11613.797852 from Land_jmc_skeleton_burned_2
11:07:58.142 !!! [CE][Point] Removing 7595.527832, 9920.672852 from Land_jmc_cabin01
11:08:51.841 !!! [CE][Point] Removing 9938.424805, 11053.896484 from Land_BusStation_wall_bench
11:08:53.441 !!! [CE][Point] Removing 6668.875977, 1809.627319 from SambucusBush2
11:09:18.846 !!! [CE][Point] Removing 7178.340332, 11668.538086 from Land_jmc_military_lootcase
11:09:45.950 !!! [CE][Point] Removing 7133.672363, 11524.971680 from Land_Mil_Fortified_Nest_Big
11:09:45.950 !!! [CE][Point] Removing 7157.763184, 11554.860352 from Land_jmc_military_lootcase
11:09:45.953 !!! [CE][Point] Removing 7162.395996, 11624.937500 from Land_jmc_skeleton_gnawed_3
11:09:46.347 !!! [CE][Point] Removing 3800.797363, 9668.003906 from Land_jmc_cabin01
11:10:14.146 !!! [CE][Point] Removing 6693.032715, 1782.703003 from SambucusBush1
11:10:16.547 [CE][Links] found 0 total links between groups, of 17
11:10:16.547 [CE][SpawnRandomLoot] (StaticVanAmbulance) :: ChildType: Land_jmc_van_ambulance, lootmin: 4, lootmax: 6, wanted: 4
11:10:16.548 [CE][Links] found 0 total links between groups, of 18
11:10:16.548 [CE][SpawnRandomLoot] (StaticVanAmbulance) :: ChildType: Land_jmc_van_ambulance, lootmin: 4, lootmax: 6, wanted: 4
11:10:16.550 [CE][Links] found 0 total links between groups, of 19
11:10:16.550 [CE][SpawnRandomLoot] (StaticVanAmbulance) :: ChildType: Land_jmc_van_ambulance, lootmin: 4, lootmax: 6, wanted: 5
11:10:16.552 [CE][Links] found 0 total links between groups, of 20
11:10:16.552 [CE][SpawnRandomLoot] (StaticVanAmbulance) :: ChildType: Land_jmc_van_ambulance, lootmin: 4, lootmax: 6, wanted: 4
11:11:06.546 !!! [CE][Point] Removing 1023.200684, 11406.411133 from Land_Boat_Small1
11:11:08.245 [CE][Links] found 0 total links between groups, of 21
11:11:08.245 [CE][SpawnRandomLoot] (StaticHeliCrash) :: ChildType: Wreck_Mi8, lootmin: 10, lootmax: 20, wanted: 17
11:12:55.547 !!! [CE][Point] Removing 6635.122070, 2005.383911 from SambucusBush2
11:13:20.648 !!! [CE][Point] Removing 7193.995605, 11575.596680 from Land_BusStation_wall_bench
11:13:20.650 !!! [CE][Point] Removing 7166.782227, 11659.223633 from Land_BusStation_wall_bench
11:13:20.750 !!! [CE][Point] Removing 7183.390625, 11601.333008 from Land_jmc_military_lootcase
11:13:20.751 !!! [CE][Point] Removing 7178.079590, 11668.389648 from Land_jmc_military_lootcase
11:13:21.648 !!! [CE][Point] Removing 10725.547852, 10764.786133 from Land_jmc_skeleton_burned_5
11:13:48.148 !!! [CE][Point] Removing 7166.795898, 11658.012695 from Land_BusStation_wall_bench
11:13:48.150 !!! [CE][Point] Removing 7195.206543, 11575.607422 from Land_BusStation_wall_bench
11:13:49.647 [CE][Links] found 0 total links between groups, of 22
11:13:49.647 [CE][SpawnRandomLoot] (StaticHeliCrash) :: ChildType: Wreck_UH1Y, lootmin: 10, lootmax: 20, wanted: 19
11:13:49.653 [CE][Links] found 0 total links between groups, of 23
11:13:49.653 [CE][SpawnRandomLoot] (StaticHeliCrash) :: ChildType: Wreck_Mi8, lootmin: 10, lootmax: 20, wanted: 18
11:14:14.652 !!! [CE][Point] Removing 7174.329102, 11650.351563 from Land_jmc_skeleton_gnawed_5
11:14:18.947 [CE][Links] found 0 total links between groups, of 24
11:14:18.947 [CE][SpawnRandomLoot] (StaticSkeletonEventspawn) :: ChildType: Land_jmc_skeleton_burned_4, lootmin: 4, lootmax: 6, wanted: 4
11:15:08.253 !!! [CE][Point] Removing 846.132019, 391.257568 from Land_jmc_ruinecolumn_loot
11:15:08.256 !!! [CE][Point] Removing 201.420929, 374.673248 from Land_jmc_ruinecolumn_loot
11:15:08.258 !!! [CE][Point] Removing 324.378510, 839.236755 from Land_jmc_ruinecolumn_loot
11:15:08.260 !!! [CE][Point] Removing 844.239746, 330.045258 from Land_jmc_ruinecolumn_loot
11:15:08.262 !!! [CE][Point] Removing 643.475037, 276.589996 from Land_jmc_ruinecolumn_loot
11:15:08.267 !!! [CE][Point] Removing 243.223511, 737.185730 from Land_jmc_ruinecolumn_loot
11:16:01.851 !!! [CE][Point] Removing 3659.596680, 9764.916992 from Land_jmc_cabin01
11:16:01.852 !!! [CE][Point] Removing 3665.854492, 9737.577148 from Land_jmc_cabin01
11:19:12.448 [CE][Links] found 0 total links between groups, of 25
11:19:12.448 [CE][SpawnRandomLoot] (StaticHeliCrash) :: ChildType: Wreck_UH1Y, lootmin: 10, lootmax: 20, wanted: 13
11:19:41.152 [CE][Links] found 0 total links between groups, of 26
11:19:41.152 [CE][SpawnRandomLoot] (StaticVanPinkies) :: ChildType: Land_jmc_van_pinkies, lootmin: 4, lootmax: 6, wanted: 5
11:19:41.155 [CE][Links] found 0 total links between groups, of 27
11:19:41.155 [CE][SpawnRandomLoot] (StaticVanPinkies) :: ChildType: Land_jmc_van_pinkies, lootmin: 4, lootmax: 6, wanted: 5
11:19:41.159 [CE][Links] found 0 total links between groups, of 28
11:19:41.159 [CE][SpawnRandomLoot] (StaticVanPinkies) :: ChildType: Land_jmc_van_pinkies, lootmin: 4, lootmax: 6, wanted: 4
11:19:41.161 [CE][Links] found 0 total links between groups, of 29
11:19:41.161 [CE][SpawnRandomLoot] (StaticVanPinkies) :: ChildType: Land_jmc_van_pinkies, lootmin: 4, lootmax: 6, wanted: 4
11:19:41.749 [CE][Links] found 0 total links between groups, of 30
11:19:41.749 [CE][SpawnRandomLoot] (StaticSkeletonEventspawn) :: ChildType: Land_jmc_skeleton_old_1, lootmin: 4, lootmax: 6, wanted: 4
11:20:04.54 !!! [CE][Point] Removing 7154.342285, 11592.974609 from Land_jmc_skeleton_old_3
11:20:31.53 !!! [CE][Point] Removing 7174.329102, 11650.351563 from Land_jmc_skeleton_gnawed_5
11:20:31.54 !!! [CE][Point] Removing 7160.970215, 11568.125000 from Land_jmc_military_lootcase
11:22:18.449 !!! [CE][Point] Removing 7156.410156, 11568.631836 from Land_jmc_militarycase_o_06
11:22:23.148 [CE][Links] found 0 total links between groups, of 31
11:22:23.148 [CE][SpawnRandomLoot] (StaticSkeletonEventspawn) :: ChildType: Land_jmc_skeleton_old_5, lootmin: 4, lootmax: 6, wanted: 4
11:22:45.348 !!! [CE][Point] Removing 396.498566, 943.986267 from Land_jmc_ruinecolumn_loot
11:23:12.357 !!! [CE][Point] Removing 7164.030762, 11589.814453 from Land_jmc_military_lootcase
11:23:39.357 !!! [CE][Point] Removing 7162.830566, 11589.826172 from Land_jmc_military_lootcase
11:23:39.358 !!! [CE][Point] Removing 7162.170410, 11568.125000 from Land_jmc_military_lootcase
11:23:39.362 !!! [CE][Point] Removing 7188.857910, 11591.157227 from Land_jmc_military_lootcase
11:23:39.657 !!! [CE][Point] Removing 396.245514, 943.712219 from Land_jmc_ruinecolumn_loot
11:24:06.357 !!! [CE][Point] Removing 845.757446, 390.945465 from Land_jmc_ruinecolumn_loot
11:25:01.855 !!! [CE][Point] Removing 7224.810547, 2478.215820 from SambucusBush2
11:27:14.804 !!! [CE][Point] Removing 10725.547852, 10764.786133 from Land_jmc_skeleton_burned_5
11:27:17.100 [CE][Links] found 0 total links between groups, of 32
11:27:17.100 [CE][SpawnRandomLoot] (StaticPoliceCar) :: ChildType: Land_Wreck_Volha_Police, lootmin: 3, lootmax: 5, wanted: 4
11:27:17.102 [CE][Links] found 0 total links between groups, of 33
11:27:17.102 [CE][SpawnRandomLoot] (StaticPoliceCar) :: ChildType: Land_Wreck_Volha_Police, lootmin: 3, lootmax: 5, wanted: 3
11:27:17.104 [CE][Links] found 2 total links between groups, of 34
11:27:17.104 [CE][SpawnRandomLoot] (StaticPoliceCar) :: ChildType: Land_Wreck_Volha_Police, lootmin: 3, lootmax: 5, wanted: 4
11:27:17.106 [CE][Links] found 4 total links between groups, of 35
11:27:17.106 [CE][SpawnRandomLoot] (StaticPoliceCar) :: ChildType: Land_Wreck_Volha_Police, lootmin: 3, lootmax: 5, wanted: 4
11:27:17.108 [CE][Links] found 4 total links between groups, of 36
11:27:17.108 [CE][SpawnRandomLoot] (StaticPoliceCar) :: ChildType: Land_Wreck_Volha_Police, lootmin: 3, lootmax: 5, wanted: 3
11:27:17.110 [CE][Links] found 4 total links between groups, of 37
11:27:17.110 [CE][SpawnRandomLoot] (StaticPoliceCar) :: ChildType: Land_Wreck_Volha_Police, lootmin: 3, lootmax: 5, wanted: 3
11:27:17.111 [CE][Links] found 4 total links between groups, of 38
11:27:17.111 [CE][SpawnRandomLoot] (StaticPoliceCar) :: ChildType: Land_Wreck_Volha_Police, lootmin: 3, lootmax: 5, wanted: 3
11:27:17.113 [CE][Links] found 4 total links between groups, of 39
11:27:17.113 [CE][SpawnRandomLoot] (StaticPoliceCar) :: ChildType: Land_Wreck_Volha_Police, lootmin: 3, lootmax: 5, wanted: 4
11:27:17.116 [CE][Links] found 4 total links between groups, of 40
11:27:17.116 [CE][SpawnRandomLoot] (StaticPoliceCar) :: ChildType: Land_Wreck_Volha_Police, lootmin: 3, lootmax: 5, wanted: 4
11:27:17.119 [CE][Links] found 4 total links between groups, of 41
11:27:17.119 [CE][SpawnRandomLoot] (StaticPoliceCar) :: ChildType: Land_Wreck_Volha_Police, lootmin: 3, lootmax: 5, wanted: 3
11:30:50.10 !!! [CE][Point] Removing 7178.497070, 11601.498047 from Land_jmc_militarycase_o_12
11:32:10.524 !!! [CE][Point] Removing 7133.539063, 11710.856445 from Land_Mil_Fortified_Nest_Big
11:32:20.497 [Login]: Adding player Mr Wolf (15712676) to login queue at position 0
11:32:20.497 [LoginMachine]: Add player Mr Wolf (15712676)
11:32:20.497 [StateMachine]: Player Mr Wolf (dpnid 15712676 uid ) Entering AuthPlayerLoginState
11:32:22.70 [StateMachine]: Player Mr Wolf (dpnid 15712676 uid ) Entering WaitAuthPlayerLoginState
11:32:23.481 Player Mr Wolf connected (id=IAKLKM33p7NYLhkk5leT5VYzSRy1qFQhXQui2bdgnIY=).
11:32:23.481 Player "Mr Wolf" is connected (steamID=76561198016874355)
11:32:24.288 [StateMachine]: Player Mr Wolf (dpnid 15712676 uid IAKLKM33p7NYLhkk5leT5VYzSRy1qFQhXQui2bdgnIY=) Entering DBGetLoginTimeLoginState
11:32:24.290 [StateMachine]: Player Mr Wolf (dpnid 15712676 uid IAKLKM33p7NYLhkk5leT5VYzSRy1qFQhXQui2bdgnIY=) Entering DBWaitLoginTimeLoginState
11:32:39.290 [StateMachine]: Player Mr Wolf (dpnid 15712676 uid IAKLKM33p7NYLhkk5leT5VYzSRy1qFQhXQui2bdgnIY=) Entering DBGetCharacterLoginState
11:32:39.292 [StateMachine]: Player Mr Wolf (dpnid 15712676 uid IAKLKM33p7NYLhkk5leT5VYzSRy1qFQhXQui2bdgnIY=) Entering CreateNetObjectsLoginState
11:32:39.297 [StateMachine]: Player Mr Wolf (dpnid 15712676 uid IAKLKM33p7NYLhkk5leT5VYzSRy1qFQhXQui2bdgnIY=) Entering PreloadCamLoginState
11:32:39.298 [StateMachine]: Player Mr Wolf (dpnid 15712676 uid IAKLKM33p7NYLhkk5leT5VYzSRy1qFQhXQui2bdgnIY=) Entering WaitPreloadCamLoginState
11:32:56.533 [StateMachine]: Player Mr Wolf (dpnid 15712676 uid IAKLKM33p7NYLhkk5leT5VYzSRy1qFQhXQui2bdgnIY=) Entering GetLoadedCharLoginState
11:32:56.557 <LOAD EXISTING CHAR>:
    charID 3
    playerID 3
    dpnid 15712676
    uid IAKLKM33p7NYLhkk5leT5VYzSRy1qFQhXQui2bdgnIY=
11:33:04.633 !!! [CE][Point] Removing 7179.123535, 11668.981445 from Land_jmc_military_lootcase
11:33:09.30 [CE][Links] found 4 total links between groups, of 42
11:33:09.30 [CE][SpawnRandomLoot] (StaticSkeletonEventspawn) :: ChildType: Land_jmc_skeleton_burned_2, lootmin: 4, lootmax: 6, wanted: 5
11:34:29.743 [CE][Links] found 4 total links between groups, of 43
11:34:29.743 [CE][SpawnRandomLoot] (StaticSkeletonEventspawn) :: ChildType: Land_jmc_skeleton_old_4, lootmin: 4, lootmax: 6, wanted: 5
11:35:19.160 !!! [CE][Point] Removing 7174.402832, 11670.660156 from Land_BusStation_wall_bench
11:35:47.764 !!! [CE][Point] Removing 4351.275391, 7296.148438 from SambucusBush1
11:35:50.466 [CE][Links] found 4 total links between groups, of 44
11:35:50.466 [CE][SpawnRandomLoot] (StaticSkeletonEventspawn) :: ChildType: Land_jmc_skeleton_gnawed_1, lootmin: 4, lootmax: 6, wanted: 4
11:36:39.775 !!! [CE][Point] Removing 396.959930, 943.560181 from Land_jmc_ruinecolumn_loot
11:38:04.93 !!! [CE][Point] Removing 7213.604492, 2648.256104 from QuercusRobur_2d
11:38:31.898 [CE][Links] found 4 total links between groups, of 45
11:38:31.898 [CE][SpawnRandomLoot] (StaticSkeletonEventspawn) :: ChildType: Land_jmc_skeleton_old_2, lootmin: 4, lootmax: 6, wanted: 5
11:40:42.222 !!! [CE][Point] Removing 7174.383789, 11671.871094 from Land_BusStation_wall_bench
11:42:56.343 !!! [CE][Point] Removing 7166.823242, 11664.680664 from Land_BusStation_wall_bench
11:42:56.442 !!! [CE][Point] Removing 7602.687012, 9917.378906 from Land_jmc_cabin01
11:43:50.354 !!! [CE][Point] Removing 7623.883789, 9951.583984 from Land_jmc_cabin01
11:43:52.51 !!! [CE][Point] Removing 3196.547363, 6289.676270 from SambucusBush2
11:43:52.51 !!! [CE][Point] Removing 3205.853516, 6292.717773 from SambucusBush2
11:45:15.479 [CE][Links] found 4 total links between groups, of 46
11:45:15.479 [CE][SpawnRandomLoot] (StaticSkeletonEventspawn) :: ChildType: Land_jmc_skeleton_burned_2, lootmin: 4, lootmax: 6, wanted: 5
11:46:04.784 !!! [CE][Point] Removing 7319.224121, 11523.508789 from Land_Mil_Fortified_Nest_Big
11:46:33.483 !!! [CE][Point] Removing 3416.551025, 6168.807617 from SambucusBush1
11:49:17.626 [CE][Links] found 4 total links between groups, of 47
11:49:17.626 [CE][SpawnRandomLoot] (StaticSkeletonEventspawn) :: ChildType: Land_jmc_skeleton_clean_2, lootmin: 4, lootmax: 6, wanted: 5
11:50:09.641 !!! [CE][Point] Removing 3319.231445, 5958.393066 from AppleTree3
11:51:56.360 !!! [CE][Point] Removing 3286.621338, 6208.049316 from SambucusBush2
11:52:48.464 !!! [CE][Point] Removing 7159.361816, 11608.238281 from Land_jmc_militarycase_c_07
11:52:48.468 !!! [CE][Point] Removing 7168.684082, 11588.874023 from Land_jmc_military_lootcase
11:53:17.62 !!! [CE][Point] Removing 3198.980957, 6289.198242 from SambucusBush2
11:53:17.62 !!! [CE][Point] Removing 3205.853516, 6292.717773 from SambucusBush2
11:53:19.464 [CE][Links] found 6 total links between groups, of 48
11:53:19.464 [CE][SpawnRandomLoot] (StaticVanAmbulance) :: ChildType: Land_jmc_van_ambulance, lootmin: 4, lootmax: 6, wanted: 4
11:53:19.466 [CE][Links] found 8 total links between groups, of 49
11:53:19.466 [CE][SpawnRandomLoot] (StaticVanAmbulance) :: ChildType: Land_jmc_van_ambulance, lootmin: 4, lootmax: 6, wanted: 5
11:53:19.468 [CE][Links] found 8 total links between groups, of 50
11:53:19.468 [CE][SpawnRandomLoot] (StaticVanAmbulance) :: ChildType: Land_jmc_van_ambulance, lootmin: 4, lootmax: 6, wanted: 5
11:53:19.470 [CE][Links] found 10 total links between groups, of 51
11:53:19.470 [CE][SpawnRandomLoot] (StaticVanAmbulance) :: ChildType: Land_jmc_van_ambulance, lootmin: 4, lootmax: 6, wanted: 4
11:54:09.285 !!! [CE][Point] Removing 7167.710449, 11588.201172 from Land_BusStation_wall_bench
11:54:13.284 !!! [CE][Point] Removing 3704.079590, 6463.231445 from PearTree2
11:55:03.90 !!! [CE][Point] Removing 3839.265137, 9611.403320 from Land_jmc_cabin01
11:56:24.116 !!! [CE][Point] Removing 3751.343750, 5817.509277 from Land_Mil_Fortified_Nest_Watchtower
11:56:25.115 !!! [CE][Point] Removing 11566.004883, 3787.768555 from Land_Boat_Small2
11:56:50.916 !!! [CE][Point] Removing 6787.007324, 2369.398193 from Land_Mil_GuardShed
11:56:51.216 !!! [CE][Point] Removing 9809.584961, 4273.170898 from Land_Boat_Small3
11:56:51.219 !!! [CE][Point] Removing 8549.647461, 3536.291016 from Land_Boat_Small2
11:56:52.614 [CE][Links] found 12 total links between groups, of 52
11:56:52.614 [CE][SpawnRandomLoot] (StaticHeliCrash) :: ChildType: Wreck_Mi8, lootmin: 10, lootmax: 20, wanted: 17
11:56:52.619 [CE][Links] found 12 total links between groups, of 53
11:56:52.619 [CE][SpawnRandomLoot] (StaticHeliCrash) :: ChildType: Wreck_Mi8, lootmin: 10, lootmax: 20, wanted: 15
11:57:17.330 !!! [CE][Point] Removing 7167.465332, 11610.559570 from Land_jmc_skeleton_old_3
11:57:21.926 [CE][Links] found 12 total links between groups, of 54
11:57:21.926 [CE][SpawnRandomLoot] (StaticSkeletonEventspawn) :: ChildType: Land_jmc_skeleton_burned_1, lootmin: 4, lootmax: 6, wanted: 5
11:57:22.613 [Disconnect]: Start script disconnect 15712676 (dbCharacterId 3 dbPlayerId 3) logoutTime 15
11:57:24.198 [Disconnect]: Client 15712676 disconnecting
11:57:24.198 [Disconnect]: Client 15712676 early disconnect
11:57:24.198 [Disconnect]: Start script disconnect 15712676 (dbCharacterId 3 dbPlayerId 3) logoutTime 15
11:57:24.827 [Disconnect]: Remove player info 15712676
11:57:24.834 [Disconnect]: Player destroy 15712676 
11:57:37.613 [Disconnect]: Finish script disconnect -1
11:57:44.927 !!! [CE][Point] Removing 7166.499512, 11588.201172 from Land_BusStation_wall_bench
11:57:58.590 [LOCK] Server was locked.
11:58:11.926 !!! [CE][Point] Removing 8728.568359, 9377.992188 from Land_Boat_Small1
11:58:21.91 [Disconnect]: Start script disconnect 47328687 (dbCharacterId 25 dbPlayerId 25) logoutTime 15
11:58:23.781 [Disconnect]: Client 47328687 disconnecting
11:58:23.781 [Disconnect]: Client 47328687 early disconnect
11:58:23.781 [Disconnect]: Start script disconnect 47328687 (dbCharacterId 25 dbPlayerId 25) logoutTime 15
11:58:33.848 [Disconnect]: No packets from 47328687
11:58:33.848 [Disconnect]: Already in progress 47328687 
11:58:35.59 [Disconnect]: Start script disconnect 27123729 (dbCharacterId 23 dbPlayerId 23) logoutTime 15
11:58:36.93 [Disconnect]: Finish script disconnect 47328687
11:58:36.93 [Disconnect]: DisconnectPlayerFinish 47328687
11:58:36.93 [Disconnect]: Remove player info 47328687
11:58:36.107 [Disconnect]: Player destroy 47328687 
11:58:36.445 [Disconnect]: Client 27123729 disconnecting
11:58:36.445 [Disconnect]: Client 27123729 early disconnect
11:58:36.445 [Disconnect]: Start script disconnect 27123729 (dbCharacterId 23 dbPlayerId 23) logoutTime 15
11:58:36.848 [Disconnect]: Remove player info 27123729
11:58:36.849 [Disconnect]: Player destroy 27123729 
11:58:38.726 !!! [CE][Point] Removing 8729.523438, 9378.556641 from Land_Boat_Small1
11:58:50.60 [Disconnect]: Finish script disconnect -1
11:58:58.577 Player BnYrB (13990983) kicked from server: 240 ( (Admin Kick (Server restart)))
11:58:58.581 [Disconnect]: Client 13990983 early disconnect
11:58:58.581 [Disconnect]: Start script disconnect 13990983 (dbCharacterId 1 dbPlayerId 1) logoutTime 15
11:58:58.848 [Disconnect]: Remove player info 13990983
11:58:58.851 [Disconnect]: Player destroy 13990983 
11:59:06.228 !!! [CE][Point] Removing 7162.395996, 11624.937500 from Land_jmc_skeleton_gnawed_3
11:59:13.581 [Disconnect]: Finish script disconnect -1
11:59:31.826 !!! [CE][Point] Removing 1931.359131, 14745.882813 from Land_Power_Station
=======================================================
-------------------------------------------------------
Time: 12:00:01
Exception code: C0000005 ACCESS_VIOLATION at 8BD6074B
Version 1.12.153904
Fault address:  8BD6074B 00:8BD6074B Unknown module
file:     Expansion
world:    deerisle
Prev. code bytes: CB E8 7F 26 00 00 48 8B 4B 08 48 8B D3 48 8B 01
Fault code bytes: FF 90 C8 01 00 00 48 8B 4B 50 48 83 F9 FF 74 0E
=======================================================
note: Minidump has been generated into the file myprofile\DayZServer_x64_2021-05-16_10-41-35_2021-05-16_12-00-01.mdmp
